
--- 2026-09-01T04:03:53.697Z debug
🪵  Writing logs to "/home/runner/workspace/.config/.wrangler/logs/wrangler-2026-09-01_04-03-53_478.log"
---

--- 2026-09-01T04:03:53.697Z debug
.env file not found at "/home/runner/workspace/artifacts/cf-worker/.env". Continuing... For more details, refer to https://developers.cloudflare.com/workers/wrangler/system-environment-variables/
---

--- 2026-09-01T04:03:53.697Z debug
.env file not found at "/home/runner/workspace/artifacts/cf-worker/.env.local". Continuing... For more details, refer to https://developers.cloudflare.com/workers/wrangler/system-environment-variables/
---

--- 2026-09-01T04:03:53.801Z log

 ⛅️ wrangler 4.112.0
────────────────────
---

--- 2026-09-01T04:03:53.814Z debug
setting config
---

--- 2026-09-01T04:03:53.814Z debug
Updating config... undefined undefined
---

--- 2026-09-01T04:03:53.819Z debug
Metrics dispatcher: Posting data {"deviceId":"f454b4ec-ba13-47a6-be81-578bf5a99898","event":"wrangler command started","timestamp":1788235433819,"properties":{"amplitude_session_id":1788235433802,"amplitude_event_id":0,"wranglerVersion":"4.112.0","wranglerMajorVersion":4,"wranglerMinorVersion":112,"wranglerPatchVersion":0,"osPlatform":"Linux","osVersion":"#Replit-Linux SMP Fri Aug 28 06:22:54 UTC 2026","nodeVersion":24,"packageManager":"pnpm","isFirstUsage":false,"configFileType":"none","isCI":false,"isPagesCI":false,"isWorkersCI":false,"isInteractive":true,"hasAssets":false,"agent":"replit","argsUsed":["port"],"argsCombination":"port","sanitizedCommand":"dev","sanitizedArgs":{},"currentAgentSkillsInstalled":false}}
---

--- 2026-09-01T04:03:53.848Z log
Using secrets defined in .dev.vars
---

--- 2026-09-01T04:03:53.850Z log
Your Worker has access to the following bindings:
---

--- 2026-09-01T04:03:53.850Z log
Binding                            Resource                  Mode
---

--- 2026-09-01T04:03:53.850Z log
env.DATABASE_URL ("(hidden)")      Environment Variable      local
---

--- 2026-09-01T04:03:53.850Z log

---

--- 2026-09-01T04:03:54.764Z debug
RemoteRuntimeController teardown beginning...
---

--- 2026-09-01T04:03:54.764Z debug
RemoteRuntimeController teardown complete
---

--- 2026-09-01T04:03:54.794Z log
⎔ Starting local server...
---

--- 2026-09-01T04:03:55.629Z debug
[InspectorProxyWorker] handleProxyControllerIncomingMessage {"type":"reloadStart"}
---

--- 2026-09-01T04:03:55.724Z debug
[InspectorProxyWorker] handleProxyControllerIncomingMessage {"type":"reloadComplete","proxyData":{"userWorkerUrl":{"protocol":"http:","hostname":"127.0.0.1","port":"46249"},"userWorkerInspectorUrl":{"protocol":"ws:","hostname":"127.0.0.1","port":"40301","pathname":"/core:user:streamguard"},"userWorkerInnerUrlOverrides":{"protocol":"http:"},"headers":{"MF-Proxy-Shared-Secret":"8eefe819-eef2-41ab-8f6b-46645ec20164"},"liveReload":false,"proxyLogsToController":false}}
---

--- 2026-09-01T04:03:55.725Z debug
[InspectorProxyWorker] reconnectRuntimeWebSocket
---

--- 2026-09-01T04:03:55.726Z debug
[InspectorProxyWorker] NEW RUNTIME WEBSOCKET http://127.0.0.1:40301/core:user:streamguard
---

--- 2026-09-01T04:03:55.727Z debug
[InspectorProxyWorker] SEND TO RUNTIME {"method":"Runtime.enable","id":100000001}
---

--- 2026-09-01T04:03:55.728Z debug
[InspectorProxyWorker] RUNTIME WEBSOCKET OPENED
---

--- 2026-09-01T04:03:55.729Z debug
[InspectorProxyWorker] SEND TO DEVTOOLS {"method":"Runtime.executionContextsCleared"}
---

--- 2026-09-01T04:03:55.730Z debug
[InspectorProxyWorker] RUNTIME INCOMING MESSAGE {
  method: 'Runtime.executionContextCreated',
  params: {
    context: {
      id: 139242465,
      origin: '',
      name: 'Worker',
      uniqueId: '-4707473583887023014.-5202946145975418271'
    }
  }
}
---

--- 2026-09-01T04:03:55.732Z debug
[InspectorProxyWorker] RUNTIME INCOMING MESSAGE { id: 100000001, result: {} }
---

--- 2026-09-01T04:04:05.730Z debug
[InspectorProxyWorker] SEND TO RUNTIME {"method":"Runtime.getIsolateId","id":100000002}
---

--- 2026-09-01T04:04:05.731Z debug
[InspectorProxyWorker] RUNTIME INCOMING MESSAGE { id: 100000002, result: { id: '2ecf31d7a71c1123' } }
---

--- 2026-09-01T04:04:15.744Z debug
[InspectorProxyWorker] SEND TO RUNTIME {"method":"Runtime.getIsolateId","id":100000003}
---

--- 2026-09-01T04:04:15.746Z debug
[InspectorProxyWorker] RUNTIME INCOMING MESSAGE { id: 100000003, result: { id: '2ecf31d7a71c1123' } }
---

--- 2026-09-01T04:04:25.742Z debug
[InspectorProxyWorker] SEND TO RUNTIME {"method":"Runtime.getIsolateId","id":100000004}
---

--- 2026-09-01T04:04:25.743Z debug
[InspectorProxyWorker] RUNTIME INCOMING MESSAGE { id: 100000004, result: { id: '2ecf31d7a71c1123' } }
---

--- 2026-09-01T04:04:35.749Z debug
[InspectorProxyWorker] SEND TO RUNTIME {"method":"Runtime.getIsolateId","id":100000005}
---

--- 2026-09-01T04:04:35.750Z debug
[InspectorProxyWorker] RUNTIME INCOMING MESSAGE { id: 100000005, result: { id: '2ecf31d7a71c1123' } }
---

--- 2026-09-01T04:04:45.754Z debug
[InspectorProxyWorker] SEND TO RUNTIME {"method":"Runtime.getIsolateId","id":100000006}
---

--- 2026-09-01T04:04:45.756Z debug
[InspectorProxyWorker] RUNTIME INCOMING MESSAGE { id: 100000006, result: { id: '2ecf31d7a71c1123' } }
---

--- 2026-09-01T04:04:55.769Z debug
[InspectorProxyWorker] SEND TO RUNTIME {"method":"Runtime.getIsolateId","id":100000007}
---

--- 2026-09-01T04:04:55.770Z debug
[InspectorProxyWorker] RUNTIME INCOMING MESSAGE { id: 100000007, result: { id: '2ecf31d7a71c1123' } }
---

--- 2026-09-01T04:05:05.767Z debug
[InspectorProxyWorker] SEND TO RUNTIME {"method":"Runtime.getIsolateId","id":100000008}
---

--- 2026-09-01T04:05:05.769Z debug
[InspectorProxyWorker] RUNTIME INCOMING MESSAGE { id: 100000008, result: { id: '2ecf31d7a71c1123' } }
---

--- 2026-09-01T04:05:15.772Z debug
[InspectorProxyWorker] SEND TO RUNTIME {"method":"Runtime.getIsolateId","id":100000009}
---

--- 2026-09-01T04:05:15.773Z debug
[InspectorProxyWorker] RUNTIME INCOMING MESSAGE { id: 100000009, result: { id: '2ecf31d7a71c1123' } }
---

--- 2026-09-01T04:05:25.774Z debug
[InspectorProxyWorker] SEND TO RUNTIME {"method":"Runtime.getIsolateId","id":100000010}
---

--- 2026-09-01T04:05:25.776Z debug
[InspectorProxyWorker] RUNTIME INCOMING MESSAGE { id: 100000010, result: { id: '2ecf31d7a71c1123' } }
---

--- 2026-09-01T04:05:35.778Z debug
[InspectorProxyWorker] SEND TO RUNTIME {"method":"Runtime.getIsolateId","id":100000011}
---

--- 2026-09-01T04:05:35.780Z debug
[InspectorProxyWorker] RUNTIME INCOMING MESSAGE { id: 100000011, result: { id: '2ecf31d7a71c1123' } }
---

--- 2026-09-01T04:05:45.791Z debug
[InspectorProxyWorker] SEND TO RUNTIME {"method":"Runtime.getIsolateId","id":100000012}
---

--- 2026-09-01T04:05:45.793Z debug
[InspectorProxyWorker] RUNTIME INCOMING MESSAGE { id: 100000012, result: { id: '2ecf31d7a71c1123' } }
---

--- 2026-09-01T04:05:55.791Z debug
[InspectorProxyWorker] SEND TO RUNTIME {"method":"Runtime.getIsolateId","id":100000013}
---

--- 2026-09-01T04:05:55.793Z debug
[InspectorProxyWorker] RUNTIME INCOMING MESSAGE { id: 100000013, result: { id: '2ecf31d7a71c1123' } }
---

--- 2026-09-01T04:06:05.797Z debug
[InspectorProxyWorker] SEND TO RUNTIME {"method":"Runtime.getIsolateId","id":100000014}
---

--- 2026-09-01T04:06:05.798Z debug
[InspectorProxyWorker] RUNTIME INCOMING MESSAGE { id: 100000014, result: { id: '2ecf31d7a71c1123' } }
---

--- 2026-09-01T04:06:15.803Z debug
[InspectorProxyWorker] SEND TO RUNTIME {"method":"Runtime.getIsolateId","id":100000015}
---

--- 2026-09-01T04:06:15.804Z debug
[InspectorProxyWorker] RUNTIME INCOMING MESSAGE { id: 100000015, result: { id: '2ecf31d7a71c1123' } }
---

--- 2026-09-01T04:06:25.810Z debug
[InspectorProxyWorker] SEND TO RUNTIME {"method":"Runtime.getIsolateId","id":100000016}
---

--- 2026-09-01T04:06:25.812Z debug
[InspectorProxyWorker] RUNTIME INCOMING MESSAGE { id: 100000016, result: { id: '2ecf31d7a71c1123' } }
---

--- 2026-09-01T04:06:35.814Z debug
[InspectorProxyWorker] SEND TO RUNTIME {"method":"Runtime.getIsolateId","id":100000017}
---

--- 2026-09-01T04:06:35.815Z debug
[InspectorProxyWorker] RUNTIME INCOMING MESSAGE { id: 100000017, result: { id: '2ecf31d7a71c1123' } }
---

--- 2026-09-01T04:06:45.820Z debug
[InspectorProxyWorker] SEND TO RUNTIME {"method":"Runtime.getIsolateId","id":100000018}
---

--- 2026-09-01T04:06:45.821Z debug
[InspectorProxyWorker] RUNTIME INCOMING MESSAGE { id: 100000018, result: { id: '2ecf31d7a71c1123' } }
---

--- 2026-09-01T04:06:55.825Z debug
[InspectorProxyWorker] SEND TO RUNTIME {"method":"Runtime.getIsolateId","id":100000019}
---

--- 2026-09-01T04:06:55.829Z debug
[InspectorProxyWorker] RUNTIME INCOMING MESSAGE { id: 100000019, result: { id: '2ecf31d7a71c1123' } }
---

--- 2026-09-01T04:07:05.831Z debug
[InspectorProxyWorker] SEND TO RUNTIME {"method":"Runtime.getIsolateId","id":100000020}
---

--- 2026-09-01T04:07:05.832Z debug
[InspectorProxyWorker] RUNTIME INCOMING MESSAGE { id: 100000020, result: { id: '2ecf31d7a71c1123' } }
---

--- 2026-09-01T04:07:15.839Z debug
[InspectorProxyWorker] SEND TO RUNTIME {"method":"Runtime.getIsolateId","id":100000021}
---

--- 2026-09-01T04:07:15.840Z debug
[InspectorProxyWorker] RUNTIME INCOMING MESSAGE { id: 100000021, result: { id: '2ecf31d7a71c1123' } }
---

--- 2026-09-01T04:07:25.843Z debug
[InspectorProxyWorker] SEND TO RUNTIME {"method":"Runtime.getIsolateId","id":100000022}
---

--- 2026-09-01T04:07:25.844Z debug
[InspectorProxyWorker] RUNTIME INCOMING MESSAGE { id: 100000022, result: { id: '2ecf31d7a71c1123' } }
---

--- 2026-09-01T04:07:35.849Z debug
[InspectorProxyWorker] SEND TO RUNTIME {"method":"Runtime.getIsolateId","id":100000023}
---

--- 2026-09-01T04:07:35.850Z debug
[InspectorProxyWorker] RUNTIME INCOMING MESSAGE { id: 100000023, result: { id: '2ecf31d7a71c1123' } }
---

--- 2026-09-01T04:07:45.855Z debug
[InspectorProxyWorker] SEND TO RUNTIME {"method":"Runtime.getIsolateId","id":100000024}
---

--- 2026-09-01T04:07:45.858Z debug
[InspectorProxyWorker] RUNTIME INCOMING MESSAGE { id: 100000024, result: { id: '2ecf31d7a71c1123' } }
---

--- 2026-09-01T04:07:55.860Z debug
[InspectorProxyWorker] SEND TO RUNTIME {"method":"Runtime.getIsolateId","id":100000025}
---

--- 2026-09-01T04:07:55.861Z debug
[InspectorProxyWorker] RUNTIME INCOMING MESSAGE { id: 100000025, result: { id: '2ecf31d7a71c1123' } }
---

--- 2026-09-01T04:08:05.866Z debug
[InspectorProxyWorker] SEND TO RUNTIME {"method":"Runtime.getIsolateId","id":100000026}
---

--- 2026-09-01T04:08:05.868Z debug
[InspectorProxyWorker] RUNTIME INCOMING MESSAGE { id: 100000026, result: { id: '2ecf31d7a71c1123' } }
---

--- 2026-09-01T04:08:15.869Z debug
[InspectorProxyWorker] SEND TO RUNTIME {"method":"Runtime.getIsolateId","id":100000027}
---

--- 2026-09-01T04:08:15.870Z debug
[InspectorProxyWorker] RUNTIME INCOMING MESSAGE { id: 100000027, result: { id: '2ecf31d7a71c1123' } }
---

--- 2026-09-01T04:08:25.876Z debug
[InspectorProxyWorker] SEND TO RUNTIME {"method":"Runtime.getIsolateId","id":100000028}
---

--- 2026-09-01T04:08:25.877Z debug
[InspectorProxyWorker] RUNTIME INCOMING MESSAGE { id: 100000028, result: { id: '2ecf31d7a71c1123' } }
---

--- 2026-09-01T04:08:35.881Z debug
[InspectorProxyWorker] SEND TO RUNTIME {"method":"Runtime.getIsolateId","id":100000029}
---

--- 2026-09-01T04:08:35.882Z debug
[InspectorProxyWorker] RUNTIME INCOMING MESSAGE { id: 100000029, result: { id: '2ecf31d7a71c1123' } }
---

--- 2026-09-01T04:08:45.886Z debug
[InspectorProxyWorker] SEND TO RUNTIME {"method":"Runtime.getIsolateId","id":100000030}
---

--- 2026-09-01T04:08:45.887Z debug
[InspectorProxyWorker] RUNTIME INCOMING MESSAGE { id: 100000030, result: { id: '2ecf31d7a71c1123' } }
---

--- 2026-09-01T04:08:55.898Z debug
[InspectorProxyWorker] SEND TO RUNTIME {"method":"Runtime.getIsolateId","id":100000031}
---

--- 2026-09-01T04:08:55.903Z debug
[InspectorProxyWorker] RUNTIME INCOMING MESSAGE { id: 100000031, result: { id: '2ecf31d7a71c1123' } }
---

--- 2026-09-01T04:09:05.894Z debug
[InspectorProxyWorker] SEND TO RUNTIME {"method":"Runtime.getIsolateId","id":100000032}
---

--- 2026-09-01T04:09:05.894Z debug
[InspectorProxyWorker] RUNTIME INCOMING MESSAGE { id: 100000032, result: { id: '2ecf31d7a71c1123' } }
---

--- 2026-09-01T04:09:15.899Z debug
[InspectorProxyWorker] SEND TO RUNTIME {"method":"Runtime.getIsolateId","id":100000033}
---

--- 2026-09-01T04:09:15.900Z debug
[InspectorProxyWorker] RUNTIME INCOMING MESSAGE { id: 100000033, result: { id: '2ecf31d7a71c1123' } }
---

--- 2026-09-01T04:09:25.904Z debug
[InspectorProxyWorker] SEND TO RUNTIME {"method":"Runtime.getIsolateId","id":100000034}
---

--- 2026-09-01T04:09:25.905Z debug
[InspectorProxyWorker] RUNTIME INCOMING MESSAGE { id: 100000034, result: { id: '2ecf31d7a71c1123' } }
---

--- 2026-09-01T04:09:35.911Z debug
[InspectorProxyWorker] SEND TO RUNTIME {"method":"Runtime.getIsolateId","id":100000035}
---

--- 2026-09-01T04:09:35.912Z debug
[InspectorProxyWorker] RUNTIME INCOMING MESSAGE { id: 100000035, result: { id: '2ecf31d7a71c1123' } }
---

--- 2026-09-01T04:09:45.916Z debug
[InspectorProxyWorker] SEND TO RUNTIME {"method":"Runtime.getIsolateId","id":100000036}
---

--- 2026-09-01T04:09:45.917Z debug
[InspectorProxyWorker] RUNTIME INCOMING MESSAGE { id: 100000036, result: { id: '2ecf31d7a71c1123' } }
---

--- 2026-09-01T04:09:55.921Z debug
[InspectorProxyWorker] SEND TO RUNTIME {"method":"Runtime.getIsolateId","id":100000037}
---

--- 2026-09-01T04:09:55.922Z debug
[InspectorProxyWorker] RUNTIME INCOMING MESSAGE { id: 100000037, result: { id: '2ecf31d7a71c1123' } }
---

--- 2026-09-01T04:10:05.926Z debug
[InspectorProxyWorker] SEND TO RUNTIME {"method":"Runtime.getIsolateId","id":100000038}
---

--- 2026-09-01T04:10:05.930Z debug
[InspectorProxyWorker] RUNTIME INCOMING MESSAGE { id: 100000038, result: { id: '2ecf31d7a71c1123' } }
---

--- 2026-09-01T04:10:15.932Z debug
[InspectorProxyWorker] SEND TO RUNTIME {"method":"Runtime.getIsolateId","id":100000039}
---

--- 2026-09-01T04:10:15.933Z debug
[InspectorProxyWorker] RUNTIME INCOMING MESSAGE { id: 100000039, result: { id: '2ecf31d7a71c1123' } }
---

--- 2026-09-01T04:10:25.937Z debug
[InspectorProxyWorker] SEND TO RUNTIME {"method":"Runtime.getIsolateId","id":100000040}
---

--- 2026-09-01T04:10:25.939Z debug
[InspectorProxyWorker] RUNTIME INCOMING MESSAGE { id: 100000040, result: { id: '2ecf31d7a71c1123' } }
---

--- 2026-09-01T04:10:35.941Z debug
[InspectorProxyWorker] SEND TO RUNTIME {"method":"Runtime.getIsolateId","id":100000041}
---

--- 2026-09-01T04:10:35.942Z debug
[InspectorProxyWorker] RUNTIME INCOMING MESSAGE { id: 100000041, result: { id: '2ecf31d7a71c1123' } }
---

--- 2026-09-01T04:10:45.945Z debug
[InspectorProxyWorker] SEND TO RUNTIME {"method":"Runtime.getIsolateId","id":100000042}
---

--- 2026-09-01T04:10:45.946Z debug
[InspectorProxyWorker] RUNTIME INCOMING MESSAGE { id: 100000042, result: { id: '2ecf31d7a71c1123' } }
---

--- 2026-09-01T04:10:55.952Z debug
[InspectorProxyWorker] SEND TO RUNTIME {"method":"Runtime.getIsolateId","id":100000043}
---

--- 2026-09-01T04:10:55.953Z debug
[InspectorProxyWorker] RUNTIME INCOMING MESSAGE { id: 100000043, result: { id: '2ecf31d7a71c1123' } }
---

--- 2026-09-01T04:11:05.957Z debug
[InspectorProxyWorker] SEND TO RUNTIME {"method":"Runtime.getIsolateId","id":100000044}
---

--- 2026-09-01T04:11:05.958Z debug
[InspectorProxyWorker] RUNTIME INCOMING MESSAGE { id: 100000044, result: { id: '2ecf31d7a71c1123' } }
---

--- 2026-09-01T04:11:15.963Z debug
[InspectorProxyWorker] SEND TO RUNTIME {"method":"Runtime.getIsolateId","id":100000045}
---

--- 2026-09-01T04:11:15.964Z debug
[InspectorProxyWorker] RUNTIME INCOMING MESSAGE { id: 100000045, result: { id: '2ecf31d7a71c1123' } }
---

--- 2026-09-01T04:11:25.966Z debug
[InspectorProxyWorker] SEND TO RUNTIME {"method":"Runtime.getIsolateId","id":100000046}
---

--- 2026-09-01T04:11:25.967Z debug
[InspectorProxyWorker] RUNTIME INCOMING MESSAGE { id: 100000046, result: { id: '2ecf31d7a71c1123' } }
---

--- 2026-09-01T04:11:35.971Z debug
[InspectorProxyWorker] SEND TO RUNTIME {"method":"Runtime.getIsolateId","id":100000047}
---

--- 2026-09-01T04:11:35.971Z debug
[InspectorProxyWorker] RUNTIME INCOMING MESSAGE { id: 100000047, result: { id: '2ecf31d7a71c1123' } }
---

--- 2026-09-01T04:11:45.977Z debug
[InspectorProxyWorker] SEND TO RUNTIME {"method":"Runtime.getIsolateId","id":100000048}
---

--- 2026-09-01T04:11:45.977Z debug
[InspectorProxyWorker] RUNTIME INCOMING MESSAGE { id: 100000048, result: { id: '2ecf31d7a71c1123' } }
---

--- 2026-09-01T04:11:55.983Z debug
[InspectorProxyWorker] SEND TO RUNTIME {"method":"Runtime.getIsolateId","id":100000049}
---

--- 2026-09-01T04:11:55.984Z debug
[InspectorProxyWorker] RUNTIME INCOMING MESSAGE { id: 100000049, result: { id: '2ecf31d7a71c1123' } }
---

--- 2026-09-01T04:12:05.989Z debug
[InspectorProxyWorker] SEND TO RUNTIME {"method":"Runtime.getIsolateId","id":100000050}
---

--- 2026-09-01T04:12:05.992Z debug
[InspectorProxyWorker] RUNTIME INCOMING MESSAGE { id: 100000050, result: { id: '2ecf31d7a71c1123' } }
---

--- 2026-09-01T04:12:15.994Z debug
[InspectorProxyWorker] SEND TO RUNTIME {"method":"Runtime.getIsolateId","id":100000051}
---

--- 2026-09-01T04:12:15.996Z debug
[InspectorProxyWorker] RUNTIME INCOMING MESSAGE { id: 100000051, result: { id: '2ecf31d7a71c1123' } }
---

--- 2026-09-01T04:12:25.999Z debug
[InspectorProxyWorker] SEND TO RUNTIME {"method":"Runtime.getIsolateId","id":100000052}
---

--- 2026-09-01T04:12:26.001Z debug
[InspectorProxyWorker] RUNTIME INCOMING MESSAGE { id: 100000052, result: { id: '2ecf31d7a71c1123' } }
---

--- 2026-09-01T04:12:36.002Z debug
[InspectorProxyWorker] SEND TO RUNTIME {"method":"Runtime.getIsolateId","id":100000053}
---

--- 2026-09-01T04:12:36.003Z debug
[InspectorProxyWorker] RUNTIME INCOMING MESSAGE { id: 100000053, result: { id: '2ecf31d7a71c1123' } }
---

--- 2026-09-01T04:12:46.012Z debug
[InspectorProxyWorker] SEND TO RUNTIME {"method":"Runtime.getIsolateId","id":100000054}
---

--- 2026-09-01T04:12:46.013Z debug
[InspectorProxyWorker] RUNTIME INCOMING MESSAGE { id: 100000054, result: { id: '2ecf31d7a71c1123' } }
---

--- 2026-09-01T04:12:56.014Z debug
[InspectorProxyWorker] SEND TO RUNTIME {"method":"Runtime.getIsolateId","id":100000055}
---

--- 2026-09-01T04:12:56.015Z debug
[InspectorProxyWorker] RUNTIME INCOMING MESSAGE { id: 100000055, result: { id: '2ecf31d7a71c1123' } }
---

--- 2026-09-01T04:13:06.020Z debug
[InspectorProxyWorker] SEND TO RUNTIME {"method":"Runtime.getIsolateId","id":100000056}
---

--- 2026-09-01T04:13:06.021Z debug
[InspectorProxyWorker] RUNTIME INCOMING MESSAGE { id: 100000056, result: { id: '2ecf31d7a71c1123' } }
---

--- 2026-09-01T04:13:16.026Z debug
[InspectorProxyWorker] SEND TO RUNTIME {"method":"Runtime.getIsolateId","id":100000057}
---

--- 2026-09-01T04:13:16.027Z debug
[InspectorProxyWorker] RUNTIME INCOMING MESSAGE { id: 100000057, result: { id: '2ecf31d7a71c1123' } }
---

--- 2026-09-01T04:13:26.030Z debug
[InspectorProxyWorker] SEND TO RUNTIME {"method":"Runtime.getIsolateId","id":100000058}
---

--- 2026-09-01T04:13:26.031Z debug
[InspectorProxyWorker] RUNTIME INCOMING MESSAGE { id: 100000058, result: { id: '2ecf31d7a71c1123' } }
---

--- 2026-09-01T04:13:36.034Z debug
[InspectorProxyWorker] SEND TO RUNTIME {"method":"Runtime.getIsolateId","id":100000059}
---

--- 2026-09-01T04:13:36.035Z debug
[InspectorProxyWorker] RUNTIME INCOMING MESSAGE { id: 100000059, result: { id: '2ecf31d7a71c1123' } }
---

--- 2026-09-01T04:13:46.037Z debug
[InspectorProxyWorker] SEND TO RUNTIME {"method":"Runtime.getIsolateId","id":100000060}
---

--- 2026-09-01T04:13:46.038Z debug
[InspectorProxyWorker] RUNTIME INCOMING MESSAGE { id: 100000060, result: { id: '2ecf31d7a71c1123' } }
---

--- 2026-09-01T04:13:56.054Z debug
[InspectorProxyWorker] SEND TO RUNTIME {"method":"Runtime.getIsolateId","id":100000061}
---

--- 2026-09-01T04:13:56.056Z debug
[InspectorProxyWorker] RUNTIME INCOMING MESSAGE { id: 100000061, result: { id: '2ecf31d7a71c1123' } }
---

--- 2026-09-01T04:14:06.053Z debug
[InspectorProxyWorker] SEND TO RUNTIME {"method":"Runtime.getIsolateId","id":100000062}
---

--- 2026-09-01T04:14:06.054Z debug
[InspectorProxyWorker] RUNTIME INCOMING MESSAGE { id: 100000062, result: { id: '2ecf31d7a71c1123' } }
---

--- 2026-09-01T04:14:16.057Z debug
[InspectorProxyWorker] SEND TO RUNTIME {"method":"Runtime.getIsolateId","id":100000063}
---

--- 2026-09-01T04:14:16.058Z debug
[InspectorProxyWorker] RUNTIME INCOMING MESSAGE { id: 100000063, result: { id: '2ecf31d7a71c1123' } }
---

--- 2026-09-01T04:14:26.063Z debug
[InspectorProxyWorker] SEND TO RUNTIME {"method":"Runtime.getIsolateId","id":100000064}
---

--- 2026-09-01T04:14:26.064Z debug
[InspectorProxyWorker] RUNTIME INCOMING MESSAGE { id: 100000064, result: { id: '2ecf31d7a71c1123' } }
---

--- 2026-09-01T04:14:36.066Z debug
[InspectorProxyWorker] SEND TO RUNTIME {"method":"Runtime.getIsolateId","id":100000065}
---

--- 2026-09-01T04:14:36.067Z debug
[InspectorProxyWorker] RUNTIME INCOMING MESSAGE { id: 100000065, result: { id: '2ecf31d7a71c1123' } }
---

--- 2026-09-01T04:14:46.072Z debug
[InspectorProxyWorker] SEND TO RUNTIME {"method":"Runtime.getIsolateId","id":100000066}
---

--- 2026-09-01T04:14:46.073Z debug
[InspectorProxyWorker] RUNTIME INCOMING MESSAGE { id: 100000066, result: { id: '2ecf31d7a71c1123' } }
---

--- 2026-09-01T04:14:56.077Z debug
[InspectorProxyWorker] SEND TO RUNTIME {"method":"Runtime.getIsolateId","id":100000067}
---

--- 2026-09-01T04:14:56.078Z debug
[InspectorProxyWorker] RUNTIME INCOMING MESSAGE { id: 100000067, result: { id: '2ecf31d7a71c1123' } }
---

--- 2026-09-01T04:15:06.083Z debug
[InspectorProxyWorker] SEND TO RUNTIME {"method":"Runtime.getIsolateId","id":100000068}
---

--- 2026-09-01T04:15:06.085Z debug
[InspectorProxyWorker] RUNTIME INCOMING MESSAGE { id: 100000068, result: { id: '2ecf31d7a71c1123' } }
---

--- 2026-09-01T04:15:16.088Z debug
[InspectorProxyWorker] SEND TO RUNTIME {"method":"Runtime.getIsolateId","id":100000069}
---

--- 2026-09-01T04:15:16.089Z debug
[InspectorProxyWorker] RUNTIME INCOMING MESSAGE { id: 100000069, result: { id: '2ecf31d7a71c1123' } }
---

--- 2026-09-01T04:15:26.094Z debug
[InspectorProxyWorker] SEND TO RUNTIME {"method":"Runtime.getIsolateId","id":100000070}
---

--- 2026-09-01T04:15:26.095Z debug
[InspectorProxyWorker] RUNTIME INCOMING MESSAGE { id: 100000070, result: { id: '2ecf31d7a71c1123' } }
---

--- 2026-09-01T04:15:36.100Z debug
[InspectorProxyWorker] SEND TO RUNTIME {"method":"Runtime.getIsolateId","id":100000071}
---

--- 2026-09-01T04:15:36.101Z debug
[InspectorProxyWorker] RUNTIME INCOMING MESSAGE { id: 100000071, result: { id: '2ecf31d7a71c1123' } }
---

--- 2026-09-01T04:15:46.104Z debug
[InspectorProxyWorker] SEND TO RUNTIME {"method":"Runtime.getIsolateId","id":100000072}
---

--- 2026-09-01T04:15:46.105Z debug
[InspectorProxyWorker] RUNTIME INCOMING MESSAGE { id: 100000072, result: { id: '2ecf31d7a71c1123' } }
---

--- 2026-09-01T04:15:56.120Z debug
[InspectorProxyWorker] SEND TO RUNTIME {"method":"Runtime.getIsolateId","id":100000073}
---

--- 2026-09-01T04:15:56.122Z debug
[InspectorProxyWorker] RUNTIME INCOMING MESSAGE { id: 100000073, result: { id: '2ecf31d7a71c1123' } }
---

--- 2026-09-01T04:16:06.118Z debug
[InspectorProxyWorker] SEND TO RUNTIME {"method":"Runtime.getIsolateId","id":100000074}
---

--- 2026-09-01T04:16:06.118Z debug
[InspectorProxyWorker] RUNTIME INCOMING MESSAGE { id: 100000074, result: { id: '2ecf31d7a71c1123' } }
---

--- 2026-09-01T04:16:16.124Z debug
[InspectorProxyWorker] SEND TO RUNTIME {"method":"Runtime.getIsolateId","id":100000075}
---

--- 2026-09-01T04:16:16.125Z debug
[InspectorProxyWorker] RUNTIME INCOMING MESSAGE { id: 100000075, result: { id: '2ecf31d7a71c1123' } }
---

--- 2026-09-01T04:16:26.129Z debug
[InspectorProxyWorker] SEND TO RUNTIME {"method":"Runtime.getIsolateId","id":100000076}
---

--- 2026-09-01T04:16:26.132Z debug
[InspectorProxyWorker] RUNTIME INCOMING MESSAGE { id: 100000076, result: { id: '2ecf31d7a71c1123' } }
---

--- 2026-09-01T04:16:36.135Z debug
[InspectorProxyWorker] SEND TO RUNTIME {"method":"Runtime.getIsolateId","id":100000077}
---

--- 2026-09-01T04:16:36.136Z debug
[InspectorProxyWorker] RUNTIME INCOMING MESSAGE { id: 100000077, result: { id: '2ecf31d7a71c1123' } }
---

--- 2026-09-01T04:16:46.138Z debug
[InspectorProxyWorker] SEND TO RUNTIME {"method":"Runtime.getIsolateId","id":100000078}
---

--- 2026-09-01T04:16:46.139Z debug
[InspectorProxyWorker] RUNTIME INCOMING MESSAGE { id: 100000078, result: { id: '2ecf31d7a71c1123' } }
---

--- 2026-09-01T04:16:56.142Z debug
[InspectorProxyWorker] SEND TO RUNTIME {"method":"Runtime.getIsolateId","id":100000079}
---

--- 2026-09-01T04:16:56.143Z debug
[InspectorProxyWorker] RUNTIME INCOMING MESSAGE { id: 100000079, result: { id: '2ecf31d7a71c1123' } }
---

--- 2026-09-01T04:17:06.148Z debug
[InspectorProxyWorker] SEND TO RUNTIME {"method":"Runtime.getIsolateId","id":100000080}
---

--- 2026-09-01T04:17:06.149Z debug
[InspectorProxyWorker] RUNTIME INCOMING MESSAGE { id: 100000080, result: { id: '2ecf31d7a71c1123' } }
---

--- 2026-09-01T04:17:16.150Z debug
[InspectorProxyWorker] SEND TO RUNTIME {"method":"Runtime.getIsolateId","id":100000081}
---

--- 2026-09-01T04:17:16.151Z debug
[InspectorProxyWorker] RUNTIME INCOMING MESSAGE { id: 100000081, result: { id: '2ecf31d7a71c1123' } }
---

--- 2026-09-01T04:17:26.153Z debug
[InspectorProxyWorker] SEND TO RUNTIME {"method":"Runtime.getIsolateId","id":100000082}
---

--- 2026-09-01T04:17:26.155Z debug
[InspectorProxyWorker] RUNTIME INCOMING MESSAGE { id: 100000082, result: { id: '2ecf31d7a71c1123' } }
---

--- 2026-09-01T04:17:36.160Z debug
[InspectorProxyWorker] SEND TO RUNTIME {"method":"Runtime.getIsolateId","id":100000083}
---

--- 2026-09-01T04:17:36.161Z debug
[InspectorProxyWorker] RUNTIME INCOMING MESSAGE { id: 100000083, result: { id: '2ecf31d7a71c1123' } }
---

--- 2026-09-01T04:17:46.165Z debug
[InspectorProxyWorker] SEND TO RUNTIME {"method":"Runtime.getIsolateId","id":100000084}
---

--- 2026-09-01T04:17:46.166Z debug
[InspectorProxyWorker] RUNTIME INCOMING MESSAGE { id: 100000084, result: { id: '2ecf31d7a71c1123' } }
---

--- 2026-09-01T04:17:56.171Z debug
[InspectorProxyWorker] SEND TO RUNTIME {"method":"Runtime.getIsolateId","id":100000085}
---

--- 2026-09-01T04:17:56.172Z debug
[InspectorProxyWorker] RUNTIME INCOMING MESSAGE { id: 100000085, result: { id: '2ecf31d7a71c1123' } }
---

--- 2026-09-01T04:18:06.177Z debug
[InspectorProxyWorker] SEND TO RUNTIME {"method":"Runtime.getIsolateId","id":100000086}
---

--- 2026-09-01T04:18:06.179Z debug
[InspectorProxyWorker] RUNTIME INCOMING MESSAGE { id: 100000086, result: { id: '2ecf31d7a71c1123' } }
---

--- 2026-09-01T04:18:16.183Z debug
[InspectorProxyWorker] SEND TO RUNTIME {"method":"Runtime.getIsolateId","id":100000087}
---

--- 2026-09-01T04:18:16.185Z debug
[InspectorProxyWorker] RUNTIME INCOMING MESSAGE { id: 100000087, result: { id: '2ecf31d7a71c1123' } }
---

--- 2026-09-01T04:18:26.187Z debug
[InspectorProxyWorker] SEND TO RUNTIME {"method":"Runtime.getIsolateId","id":100000088}
---

--- 2026-09-01T04:18:26.188Z debug
[InspectorProxyWorker] RUNTIME INCOMING MESSAGE { id: 100000088, result: { id: '2ecf31d7a71c1123' } }
---

--- 2026-09-01T04:18:36.193Z debug
[InspectorProxyWorker] SEND TO RUNTIME {"method":"Runtime.getIsolateId","id":100000089}
---

--- 2026-09-01T04:18:36.194Z debug
[InspectorProxyWorker] RUNTIME INCOMING MESSAGE { id: 100000089, result: { id: '2ecf31d7a71c1123' } }
---

--- 2026-09-01T04:18:46.200Z debug
[InspectorProxyWorker] SEND TO RUNTIME {"method":"Runtime.getIsolateId","id":100000090}
---

--- 2026-09-01T04:18:46.202Z debug
[InspectorProxyWorker] RUNTIME INCOMING MESSAGE { id: 100000090, result: { id: '2ecf31d7a71c1123' } }
---

--- 2026-09-01T04:18:56.204Z debug
[InspectorProxyWorker] SEND TO RUNTIME {"method":"Runtime.getIsolateId","id":100000091}
---

--- 2026-09-01T04:18:56.209Z debug
[InspectorProxyWorker] RUNTIME INCOMING MESSAGE { id: 100000091, result: { id: '2ecf31d7a71c1123' } }
---

--- 2026-09-01T04:19:06.212Z debug
[InspectorProxyWorker] SEND TO RUNTIME {"method":"Runtime.getIsolateId","id":100000092}
---

--- 2026-09-01T04:19:06.213Z debug
[InspectorProxyWorker] RUNTIME INCOMING MESSAGE { id: 100000092, result: { id: '2ecf31d7a71c1123' } }
---

--- 2026-09-01T04:19:16.216Z debug
[InspectorProxyWorker] SEND TO RUNTIME {"method":"Runtime.getIsolateId","id":100000093}
---

--- 2026-09-01T04:19:16.216Z debug
[InspectorProxyWorker] RUNTIME INCOMING MESSAGE { id: 100000093, result: { id: '2ecf31d7a71c1123' } }
---

--- 2026-09-01T04:19:26.221Z debug
[InspectorProxyWorker] SEND TO RUNTIME {"method":"Runtime.getIsolateId","id":100000094}
---

--- 2026-09-01T04:19:26.222Z debug
[InspectorProxyWorker] RUNTIME INCOMING MESSAGE { id: 100000094, result: { id: '2ecf31d7a71c1123' } }
---

--- 2026-09-01T04:19:36.228Z debug
[InspectorProxyWorker] SEND TO RUNTIME {"method":"Runtime.getIsolateId","id":100000095}
---

--- 2026-09-01T04:19:36.229Z debug
[InspectorProxyWorker] RUNTIME INCOMING MESSAGE { id: 100000095, result: { id: '2ecf31d7a71c1123' } }
---

--- 2026-09-01T04:19:46.233Z debug
[InspectorProxyWorker] SEND TO RUNTIME {"method":"Runtime.getIsolateId","id":100000096}
---

--- 2026-09-01T04:19:46.234Z debug
[InspectorProxyWorker] RUNTIME INCOMING MESSAGE { id: 100000096, result: { id: '2ecf31d7a71c1123' } }
---

--- 2026-09-01T04:19:56.241Z debug
[InspectorProxyWorker] SEND TO RUNTIME {"method":"Runtime.getIsolateId","id":100000097}
---

--- 2026-09-01T04:19:56.242Z debug
[InspectorProxyWorker] RUNTIME INCOMING MESSAGE { id: 100000097, result: { id: '2ecf31d7a71c1123' } }
---

--- 2026-09-01T04:20:06.245Z debug
[InspectorProxyWorker] SEND TO RUNTIME {"method":"Runtime.getIsolateId","id":100000098}
---

--- 2026-09-01T04:20:06.246Z debug
[InspectorProxyWorker] RUNTIME INCOMING MESSAGE { id: 100000098, result: { id: '2ecf31d7a71c1123' } }
---

--- 2026-09-01T04:20:16.247Z debug
[InspectorProxyWorker] SEND TO RUNTIME {"method":"Runtime.getIsolateId","id":100000099}
---

--- 2026-09-01T04:20:16.249Z debug
[InspectorProxyWorker] RUNTIME INCOMING MESSAGE { id: 100000099, result: { id: '2ecf31d7a71c1123' } }
---

--- 2026-09-01T04:20:26.252Z debug
[InspectorProxyWorker] SEND TO RUNTIME {"method":"Runtime.getIsolateId","id":100000100}
---

--- 2026-09-01T04:20:26.253Z debug
[InspectorProxyWorker] RUNTIME INCOMING MESSAGE { id: 100000100, result: { id: '2ecf31d7a71c1123' } }
---

--- 2026-09-01T04:20:36.265Z debug
[InspectorProxyWorker] SEND TO RUNTIME {"method":"Runtime.getIsolateId","id":100000101}
---

--- 2026-09-01T04:20:36.267Z debug
[InspectorProxyWorker] RUNTIME INCOMING MESSAGE { id: 100000101, result: { id: '2ecf31d7a71c1123' } }
---

--- 2026-09-01T04:20:46.261Z debug
[InspectorProxyWorker] SEND TO RUNTIME {"method":"Runtime.getIsolateId","id":100000102}
---

--- 2026-09-01T04:20:46.263Z debug
[InspectorProxyWorker] RUNTIME INCOMING MESSAGE { id: 100000102, result: { id: '2ecf31d7a71c1123' } }
---

--- 2026-09-01T04:20:56.266Z debug
[InspectorProxyWorker] SEND TO RUNTIME {"method":"Runtime.getIsolateId","id":100000103}
---

--- 2026-09-01T04:20:56.267Z debug
[InspectorProxyWorker] RUNTIME INCOMING MESSAGE { id: 100000103, result: { id: '2ecf31d7a71c1123' } }
---

--- 2026-09-01T04:21:06.277Z debug
[InspectorProxyWorker] SEND TO RUNTIME {"method":"Runtime.getIsolateId","id":100000104}
---

--- 2026-09-01T04:21:06.279Z debug
[InspectorProxyWorker] RUNTIME INCOMING MESSAGE { id: 100000104, result: { id: '2ecf31d7a71c1123' } }
---

--- 2026-09-01T04:21:16.290Z debug
[InspectorProxyWorker] SEND TO RUNTIME {"method":"Runtime.getIsolateId","id":100000105}
---

--- 2026-09-01T04:21:16.291Z debug
[InspectorProxyWorker] RUNTIME INCOMING MESSAGE { id: 100000105, result: { id: '2ecf31d7a71c1123' } }
---

--- 2026-09-01T04:21:26.282Z debug
[InspectorProxyWorker] SEND TO RUNTIME {"method":"Runtime.getIsolateId","id":100000106}
---

--- 2026-09-01T04:21:26.282Z debug
[InspectorProxyWorker] RUNTIME INCOMING MESSAGE { id: 100000106, result: { id: '2ecf31d7a71c1123' } }
---

--- 2026-09-01T04:21:36.288Z debug
[InspectorProxyWorker] SEND TO RUNTIME {"method":"Runtime.getIsolateId","id":100000107}
---

--- 2026-09-01T04:21:36.289Z debug
[InspectorProxyWorker] RUNTIME INCOMING MESSAGE { id: 100000107, result: { id: '2ecf31d7a71c1123' } }
---

--- 2026-09-01T04:21:46.293Z debug
[InspectorProxyWorker] SEND TO RUNTIME {"method":"Runtime.getIsolateId","id":100000108}
---

--- 2026-09-01T04:21:46.294Z debug
[InspectorProxyWorker] RUNTIME INCOMING MESSAGE { id: 100000108, result: { id: '2ecf31d7a71c1123' } }
---

--- 2026-09-01T04:21:56.299Z debug
[InspectorProxyWorker] SEND TO RUNTIME {"method":"Runtime.getIsolateId","id":100000109}
---

--- 2026-09-01T04:21:56.300Z debug
[InspectorProxyWorker] RUNTIME INCOMING MESSAGE { id: 100000109, result: { id: '2ecf31d7a71c1123' } }
---

--- 2026-09-01T04:22:06.304Z debug
[InspectorProxyWorker] SEND TO RUNTIME {"method":"Runtime.getIsolateId","id":100000110}
---

--- 2026-09-01T04:22:06.305Z debug
[InspectorProxyWorker] RUNTIME INCOMING MESSAGE { id: 100000110, result: { id: '2ecf31d7a71c1123' } }
---

--- 2026-09-01T04:22:16.311Z debug
[InspectorProxyWorker] SEND TO RUNTIME {"method":"Runtime.getIsolateId","id":100000111}
---

--- 2026-09-01T04:22:16.313Z debug
[InspectorProxyWorker] RUNTIME INCOMING MESSAGE { id: 100000111, result: { id: '2ecf31d7a71c1123' } }
---

--- 2026-09-01T04:22:26.316Z debug
[InspectorProxyWorker] SEND TO RUNTIME {"method":"Runtime.getIsolateId","id":100000112}
---

--- 2026-09-01T04:22:26.317Z debug
[InspectorProxyWorker] RUNTIME INCOMING MESSAGE { id: 100000112, result: { id: '2ecf31d7a71c1123' } }
---

--- 2026-09-01T04:22:36.321Z debug
[InspectorProxyWorker] SEND TO RUNTIME {"method":"Runtime.getIsolateId","id":100000113}
---

--- 2026-09-01T04:22:36.322Z debug
[InspectorProxyWorker] RUNTIME INCOMING MESSAGE { id: 100000113, result: { id: '2ecf31d7a71c1123' } }
---

--- 2026-09-01T04:22:46.327Z debug
[InspectorProxyWorker] SEND TO RUNTIME {"method":"Runtime.getIsolateId","id":100000114}
---

--- 2026-09-01T04:22:46.328Z debug
[InspectorProxyWorker] RUNTIME INCOMING MESSAGE { id: 100000114, result: { id: '2ecf31d7a71c1123' } }
---

--- 2026-09-01T04:22:56.333Z debug
[InspectorProxyWorker] SEND TO RUNTIME {"method":"Runtime.getIsolateId","id":100000115}
---

--- 2026-09-01T04:22:56.334Z debug
[InspectorProxyWorker] RUNTIME INCOMING MESSAGE { id: 100000115, result: { id: '2ecf31d7a71c1123' } }
---

--- 2026-09-01T04:23:06.338Z debug
[InspectorProxyWorker] SEND TO RUNTIME {"method":"Runtime.getIsolateId","id":100000116}
---

--- 2026-09-01T04:23:06.339Z debug
[InspectorProxyWorker] RUNTIME INCOMING MESSAGE { id: 100000116, result: { id: '2ecf31d7a71c1123' } }
---

--- 2026-09-01T04:23:16.344Z debug
[InspectorProxyWorker] SEND TO RUNTIME {"method":"Runtime.getIsolateId","id":100000117}
---

--- 2026-09-01T04:23:16.345Z debug
[InspectorProxyWorker] RUNTIME INCOMING MESSAGE { id: 100000117, result: { id: '2ecf31d7a71c1123' } }
---

--- 2026-09-01T04:23:26.350Z debug
[InspectorProxyWorker] SEND TO RUNTIME {"method":"Runtime.getIsolateId","id":100000118}
---

--- 2026-09-01T04:23:26.351Z debug
[InspectorProxyWorker] RUNTIME INCOMING MESSAGE { id: 100000118, result: { id: '2ecf31d7a71c1123' } }
---

--- 2026-09-01T04:23:36.355Z debug
[InspectorProxyWorker] SEND TO RUNTIME {"method":"Runtime.getIsolateId","id":100000119}
---

--- 2026-09-01T04:23:36.356Z debug
[InspectorProxyWorker] RUNTIME INCOMING MESSAGE { id: 100000119, result: { id: '2ecf31d7a71c1123' } }
---

--- 2026-09-01T04:23:46.358Z debug
[InspectorProxyWorker] SEND TO RUNTIME {"method":"Runtime.getIsolateId","id":100000120}
---

--- 2026-09-01T04:23:46.359Z debug
[InspectorProxyWorker] RUNTIME INCOMING MESSAGE { id: 100000120, result: { id: '2ecf31d7a71c1123' } }
---

--- 2026-09-01T04:23:56.370Z debug
[InspectorProxyWorker] SEND TO RUNTIME {"method":"Runtime.getIsolateId","id":100000121}
---

--- 2026-09-01T04:23:56.372Z debug
[InspectorProxyWorker] RUNTIME INCOMING MESSAGE { id: 100000121, result: { id: '2ecf31d7a71c1123' } }
---

--- 2026-09-01T04:24:06.369Z debug
[InspectorProxyWorker] SEND TO RUNTIME {"method":"Runtime.getIsolateId","id":100000122}
---

--- 2026-09-01T04:24:06.370Z debug
[InspectorProxyWorker] RUNTIME INCOMING MESSAGE { id: 100000122, result: { id: '2ecf31d7a71c1123' } }
---

--- 2026-09-01T04:24:16.375Z debug
[InspectorProxyWorker] SEND TO RUNTIME {"method":"Runtime.getIsolateId","id":100000123}
---

--- 2026-09-01T04:24:16.376Z debug
[InspectorProxyWorker] RUNTIME INCOMING MESSAGE { id: 100000123, result: { id: '2ecf31d7a71c1123' } }
---

--- 2026-09-01T04:24:26.381Z debug
[InspectorProxyWorker] SEND TO RUNTIME {"method":"Runtime.getIsolateId","id":100000124}
---

--- 2026-09-01T04:24:26.382Z debug
[InspectorProxyWorker] RUNTIME INCOMING MESSAGE { id: 100000124, result: { id: '2ecf31d7a71c1123' } }
---

--- 2026-09-01T04:24:36.385Z debug
[InspectorProxyWorker] SEND TO RUNTIME {"method":"Runtime.getIsolateId","id":100000125}
---

--- 2026-09-01T04:24:36.386Z debug
[InspectorProxyWorker] RUNTIME INCOMING MESSAGE { id: 100000125, result: { id: '2ecf31d7a71c1123' } }
---

--- 2026-09-01T04:24:46.396Z debug
[InspectorProxyWorker] SEND TO RUNTIME {"method":"Runtime.getIsolateId","id":100000126}
---

--- 2026-09-01T04:24:46.398Z debug
[InspectorProxyWorker] RUNTIME INCOMING MESSAGE { id: 100000126, result: { id: '2ecf31d7a71c1123' } }
---

--- 2026-09-01T04:24:56.396Z debug
[InspectorProxyWorker] SEND TO RUNTIME {"method":"Runtime.getIsolateId","id":100000127}
---

--- 2026-09-01T04:24:56.398Z debug
[InspectorProxyWorker] RUNTIME INCOMING MESSAGE { id: 100000127, result: { id: '2ecf31d7a71c1123' } }
---

--- 2026-09-01T04:25:06.401Z debug
[InspectorProxyWorker] SEND TO RUNTIME {"method":"Runtime.getIsolateId","id":100000128}
---

--- 2026-09-01T04:25:06.402Z debug
[InspectorProxyWorker] RUNTIME INCOMING MESSAGE { id: 100000128, result: { id: '2ecf31d7a71c1123' } }
---

--- 2026-09-01T04:25:16.408Z debug
[InspectorProxyWorker] SEND TO RUNTIME {"method":"Runtime.getIsolateId","id":100000129}
---

--- 2026-09-01T04:25:16.410Z debug
[InspectorProxyWorker] RUNTIME INCOMING MESSAGE { id: 100000129, result: { id: '2ecf31d7a71c1123' } }
---

--- 2026-09-01T04:25:26.414Z debug
[InspectorProxyWorker] SEND TO RUNTIME {"method":"Runtime.getIsolateId","id":100000130}
---

--- 2026-09-01T04:25:26.415Z debug
[InspectorProxyWorker] RUNTIME INCOMING MESSAGE { id: 100000130, result: { id: '2ecf31d7a71c1123' } }
---

--- 2026-09-01T04:25:36.419Z debug
[InspectorProxyWorker] SEND TO RUNTIME {"method":"Runtime.getIsolateId","id":100000131}
---

--- 2026-09-01T04:25:36.420Z debug
[InspectorProxyWorker] RUNTIME INCOMING MESSAGE { id: 100000131, result: { id: '2ecf31d7a71c1123' } }
---

--- 2026-09-01T04:25:46.429Z debug
[InspectorProxyWorker] SEND TO RUNTIME {"method":"Runtime.getIsolateId","id":100000132}
---

--- 2026-09-01T04:25:46.431Z debug
[InspectorProxyWorker] RUNTIME INCOMING MESSAGE { id: 100000132, result: { id: '2ecf31d7a71c1123' } }
---

--- 2026-09-01T04:25:56.429Z debug
[InspectorProxyWorker] SEND TO RUNTIME {"method":"Runtime.getIsolateId","id":100000133}
---

--- 2026-09-01T04:25:56.431Z debug
[InspectorProxyWorker] RUNTIME INCOMING MESSAGE { id: 100000133, result: { id: '2ecf31d7a71c1123' } }
---

--- 2026-09-01T04:26:06.433Z debug
[InspectorProxyWorker] SEND TO RUNTIME {"method":"Runtime.getIsolateId","id":100000134}
---

--- 2026-09-01T04:26:06.434Z debug
[InspectorProxyWorker] RUNTIME INCOMING MESSAGE { id: 100000134, result: { id: '2ecf31d7a71c1123' } }
---

--- 2026-09-01T04:26:16.440Z debug
[InspectorProxyWorker] SEND TO RUNTIME {"method":"Runtime.getIsolateId","id":100000135}
---

--- 2026-09-01T04:26:16.442Z debug
[InspectorProxyWorker] RUNTIME INCOMING MESSAGE { id: 100000135, result: { id: '2ecf31d7a71c1123' } }
---

--- 2026-09-01T04:26:26.445Z debug
[InspectorProxyWorker] SEND TO RUNTIME {"method":"Runtime.getIsolateId","id":100000136}
---

--- 2026-09-01T04:26:26.446Z debug
[InspectorProxyWorker] RUNTIME INCOMING MESSAGE { id: 100000136, result: { id: '2ecf31d7a71c1123' } }
---

--- 2026-09-01T04:26:36.450Z debug
[InspectorProxyWorker] SEND TO RUNTIME {"method":"Runtime.getIsolateId","id":100000137}
---

--- 2026-09-01T04:26:36.451Z debug
[InspectorProxyWorker] RUNTIME INCOMING MESSAGE { id: 100000137, result: { id: '2ecf31d7a71c1123' } }
---

--- 2026-09-01T04:26:46.456Z debug
[InspectorProxyWorker] SEND TO RUNTIME {"method":"Runtime.getIsolateId","id":100000138}
---

--- 2026-09-01T04:26:46.457Z debug
[InspectorProxyWorker] RUNTIME INCOMING MESSAGE { id: 100000138, result: { id: '2ecf31d7a71c1123' } }
---

--- 2026-09-01T04:26:56.461Z debug
[InspectorProxyWorker] SEND TO RUNTIME {"method":"Runtime.getIsolateId","id":100000139}
---

--- 2026-09-01T04:26:56.462Z debug
[InspectorProxyWorker] RUNTIME INCOMING MESSAGE { id: 100000139, result: { id: '2ecf31d7a71c1123' } }
---

--- 2026-09-01T04:27:06.467Z debug
[InspectorProxyWorker] SEND TO RUNTIME {"method":"Runtime.getIsolateId","id":100000140}
---

--- 2026-09-01T04:27:06.469Z debug
[InspectorProxyWorker] RUNTIME INCOMING MESSAGE { id: 100000140, result: { id: '2ecf31d7a71c1123' } }
---

--- 2026-09-01T04:27:16.472Z debug
[InspectorProxyWorker] SEND TO RUNTIME {"method":"Runtime.getIsolateId","id":100000141}
---

--- 2026-09-01T04:27:16.473Z debug
[InspectorProxyWorker] RUNTIME INCOMING MESSAGE { id: 100000141, result: { id: '2ecf31d7a71c1123' } }
---

--- 2026-09-01T04:27:26.478Z debug
[InspectorProxyWorker] SEND TO RUNTIME {"method":"Runtime.getIsolateId","id":100000142}
---

--- 2026-09-01T04:27:26.479Z debug
[InspectorProxyWorker] RUNTIME INCOMING MESSAGE { id: 100000142, result: { id: '2ecf31d7a71c1123' } }
---

--- 2026-09-01T04:27:36.484Z debug
[InspectorProxyWorker] SEND TO RUNTIME {"method":"Runtime.getIsolateId","id":100000143}
---

--- 2026-09-01T04:27:36.485Z debug
[InspectorProxyWorker] RUNTIME INCOMING MESSAGE { id: 100000143, result: { id: '2ecf31d7a71c1123' } }
---

--- 2026-09-01T04:27:46.487Z debug
[InspectorProxyWorker] SEND TO RUNTIME {"method":"Runtime.getIsolateId","id":100000144}
---

--- 2026-09-01T04:27:46.492Z debug
[InspectorProxyWorker] RUNTIME INCOMING MESSAGE { id: 100000144, result: { id: '2ecf31d7a71c1123' } }
---

--- 2026-09-01T04:27:56.492Z debug
[InspectorProxyWorker] SEND TO RUNTIME {"method":"Runtime.getIsolateId","id":100000145}
---

--- 2026-09-01T04:27:56.493Z debug
[InspectorProxyWorker] RUNTIME INCOMING MESSAGE { id: 100000145, result: { id: '2ecf31d7a71c1123' } }
---

--- 2026-09-01T04:28:06.498Z debug
[InspectorProxyWorker] SEND TO RUNTIME {"method":"Runtime.getIsolateId","id":100000146}
---

--- 2026-09-01T04:28:06.499Z debug
[InspectorProxyWorker] RUNTIME INCOMING MESSAGE { id: 100000146, result: { id: '2ecf31d7a71c1123' } }
---

--- 2026-09-01T04:28:16.503Z debug
[InspectorProxyWorker] SEND TO RUNTIME {"method":"Runtime.getIsolateId","id":100000147}
---

--- 2026-09-01T04:28:16.504Z debug
[InspectorProxyWorker] RUNTIME INCOMING MESSAGE { id: 100000147, result: { id: '2ecf31d7a71c1123' } }
---

--- 2026-09-01T04:28:26.509Z debug
[InspectorProxyWorker] SEND TO RUNTIME {"method":"Runtime.getIsolateId","id":100000148}
---

--- 2026-09-01T04:28:26.509Z debug
[InspectorProxyWorker] RUNTIME INCOMING MESSAGE { id: 100000148, result: { id: '2ecf31d7a71c1123' } }
---

--- 2026-09-01T04:28:36.515Z debug
[InspectorProxyWorker] SEND TO RUNTIME {"method":"Runtime.getIsolateId","id":100000149}
---

--- 2026-09-01T04:28:36.515Z debug
[InspectorProxyWorker] RUNTIME INCOMING MESSAGE { id: 100000149, result: { id: '2ecf31d7a71c1123' } }
---

--- 2026-09-01T04:28:46.517Z debug
[InspectorProxyWorker] SEND TO RUNTIME {"method":"Runtime.getIsolateId","id":100000150}
---

--- 2026-09-01T04:28:46.518Z debug
[InspectorProxyWorker] RUNTIME INCOMING MESSAGE { id: 100000150, result: { id: '2ecf31d7a71c1123' } }
---

--- 2026-09-01T04:28:56.523Z debug
[InspectorProxyWorker] SEND TO RUNTIME {"method":"Runtime.getIsolateId","id":100000151}
---

--- 2026-09-01T04:28:56.524Z debug
[InspectorProxyWorker] RUNTIME INCOMING MESSAGE { id: 100000151, result: { id: '2ecf31d7a71c1123' } }
---

--- 2026-09-01T04:29:06.529Z debug
[InspectorProxyWorker] SEND TO RUNTIME {"method":"Runtime.getIsolateId","id":100000152}
---

--- 2026-09-01T04:29:06.530Z debug
[InspectorProxyWorker] RUNTIME INCOMING MESSAGE { id: 100000152, result: { id: '2ecf31d7a71c1123' } }
---

--- 2026-09-01T04:29:16.533Z debug
[InspectorProxyWorker] SEND TO RUNTIME {"method":"Runtime.getIsolateId","id":100000153}
---

--- 2026-09-01T04:29:16.534Z debug
[InspectorProxyWorker] RUNTIME INCOMING MESSAGE { id: 100000153, result: { id: '2ecf31d7a71c1123' } }
---

--- 2026-09-01T04:29:26.539Z debug
[InspectorProxyWorker] SEND TO RUNTIME {"method":"Runtime.getIsolateId","id":100000154}
---

--- 2026-09-01T04:29:26.540Z debug
[InspectorProxyWorker] RUNTIME INCOMING MESSAGE { id: 100000154, result: { id: '2ecf31d7a71c1123' } }
---

--- 2026-09-01T04:29:36.541Z debug
[InspectorProxyWorker] SEND TO RUNTIME {"method":"Runtime.getIsolateId","id":100000155}
---

--- 2026-09-01T04:29:36.542Z debug
[InspectorProxyWorker] RUNTIME INCOMING MESSAGE { id: 100000155, result: { id: '2ecf31d7a71c1123' } }
---

--- 2026-09-01T04:29:46.546Z debug
[InspectorProxyWorker] SEND TO RUNTIME {"method":"Runtime.getIsolateId","id":100000156}
---

--- 2026-09-01T04:29:46.547Z debug
[InspectorProxyWorker] RUNTIME INCOMING MESSAGE { id: 100000156, result: { id: '2ecf31d7a71c1123' } }
---

--- 2026-09-01T04:29:56.552Z debug
[InspectorProxyWorker] SEND TO RUNTIME {"method":"Runtime.getIsolateId","id":100000157}
---

--- 2026-09-01T04:29:56.556Z debug
[InspectorProxyWorker] RUNTIME INCOMING MESSAGE { id: 100000157, result: { id: '2ecf31d7a71c1123' } }
---

--- 2026-09-01T04:30:06.558Z debug
[InspectorProxyWorker] SEND TO RUNTIME {"method":"Runtime.getIsolateId","id":100000158}
---

--- 2026-09-01T04:30:06.559Z debug
[InspectorProxyWorker] RUNTIME INCOMING MESSAGE { id: 100000158, result: { id: '2ecf31d7a71c1123' } }
---

--- 2026-09-01T04:30:16.564Z debug
[InspectorProxyWorker] SEND TO RUNTIME {"method":"Runtime.getIsolateId","id":100000159}
---

--- 2026-09-01T04:30:16.565Z debug
[InspectorProxyWorker] RUNTIME INCOMING MESSAGE { id: 100000159, result: { id: '2ecf31d7a71c1123' } }
---

--- 2026-09-01T04:30:26.569Z debug
[InspectorProxyWorker] SEND TO RUNTIME {"method":"Runtime.getIsolateId","id":100000160}
---

--- 2026-09-01T04:30:26.570Z debug
[InspectorProxyWorker] RUNTIME INCOMING MESSAGE { id: 100000160, result: { id: '2ecf31d7a71c1123' } }
---

--- 2026-09-01T04:30:36.575Z debug
[InspectorProxyWorker] SEND TO RUNTIME {"method":"Runtime.getIsolateId","id":100000161}
---

--- 2026-09-01T04:30:36.576Z debug
[InspectorProxyWorker] RUNTIME INCOMING MESSAGE { id: 100000161, result: { id: '2ecf31d7a71c1123' } }
---

--- 2026-09-01T04:30:46.577Z debug
[InspectorProxyWorker] SEND TO RUNTIME {"method":"Runtime.getIsolateId","id":100000162}
---

--- 2026-09-01T04:30:46.579Z debug
[InspectorProxyWorker] RUNTIME INCOMING MESSAGE { id: 100000162, result: { id: '2ecf31d7a71c1123' } }
---

--- 2026-09-01T04:30:56.583Z debug
[InspectorProxyWorker] SEND TO RUNTIME {"method":"Runtime.getIsolateId","id":100000163}
---

--- 2026-09-01T04:30:56.584Z debug
[InspectorProxyWorker] RUNTIME INCOMING MESSAGE { id: 100000163, result: { id: '2ecf31d7a71c1123' } }
---

--- 2026-09-01T04:31:06.590Z debug
[InspectorProxyWorker] SEND TO RUNTIME {"method":"Runtime.getIsolateId","id":100000164}
---

--- 2026-09-01T04:31:06.591Z debug
[InspectorProxyWorker] RUNTIME INCOMING MESSAGE { id: 100000164, result: { id: '2ecf31d7a71c1123' } }
---

--- 2026-09-01T04:31:16.593Z debug
[InspectorProxyWorker] SEND TO RUNTIME {"method":"Runtime.getIsolateId","id":100000165}
---

--- 2026-09-01T04:31:16.594Z debug
[InspectorProxyWorker] RUNTIME INCOMING MESSAGE { id: 100000165, result: { id: '2ecf31d7a71c1123' } }
---

--- 2026-09-01T04:31:26.601Z debug
[InspectorProxyWorker] SEND TO RUNTIME {"method":"Runtime.getIsolateId","id":100000166}
---

--- 2026-09-01T04:31:26.601Z debug
[InspectorProxyWorker] RUNTIME INCOMING MESSAGE { id: 100000166, result: { id: '2ecf31d7a71c1123' } }
---

--- 2026-09-01T04:31:36.605Z debug
[InspectorProxyWorker] SEND TO RUNTIME {"method":"Runtime.getIsolateId","id":100000167}
---

--- 2026-09-01T04:31:36.606Z debug
[InspectorProxyWorker] RUNTIME INCOMING MESSAGE { id: 100000167, result: { id: '2ecf31d7a71c1123' } }
---

--- 2026-09-01T04:31:46.611Z debug
[InspectorProxyWorker] SEND TO RUNTIME {"method":"Runtime.getIsolateId","id":100000168}
---

--- 2026-09-01T04:31:46.612Z debug
[InspectorProxyWorker] RUNTIME INCOMING MESSAGE { id: 100000168, result: { id: '2ecf31d7a71c1123' } }
---

--- 2026-09-01T04:31:56.616Z debug
[InspectorProxyWorker] SEND TO RUNTIME {"method":"Runtime.getIsolateId","id":100000169}
---

--- 2026-09-01T04:31:56.617Z debug
[InspectorProxyWorker] RUNTIME INCOMING MESSAGE { id: 100000169, result: { id: '2ecf31d7a71c1123' } }
---

--- 2026-09-01T04:32:06.623Z debug
[InspectorProxyWorker] SEND TO RUNTIME {"method":"Runtime.getIsolateId","id":100000170}
---

--- 2026-09-01T04:32:06.624Z debug
[InspectorProxyWorker] RUNTIME INCOMING MESSAGE { id: 100000170, result: { id: '2ecf31d7a71c1123' } }
---

--- 2026-09-01T04:32:16.628Z debug
[InspectorProxyWorker] SEND TO RUNTIME {"method":"Runtime.getIsolateId","id":100000171}
---

--- 2026-09-01T04:32:16.628Z debug
[InspectorProxyWorker] RUNTIME INCOMING MESSAGE { id: 100000171, result: { id: '2ecf31d7a71c1123' } }
---

--- 2026-09-01T04:32:26.642Z debug
[InspectorProxyWorker] SEND TO RUNTIME {"method":"Runtime.getIsolateId","id":100000172}
---

--- 2026-09-01T04:32:26.643Z debug
[InspectorProxyWorker] RUNTIME INCOMING MESSAGE { id: 100000172, result: { id: '2ecf31d7a71c1123' } }
---

--- 2026-09-01T04:32:36.639Z debug
[InspectorProxyWorker] SEND TO RUNTIME {"method":"Runtime.getIsolateId","id":100000173}
---

--- 2026-09-01T04:32:36.640Z debug
[InspectorProxyWorker] RUNTIME INCOMING MESSAGE { id: 100000173, result: { id: '2ecf31d7a71c1123' } }
---

--- 2026-09-01T04:32:46.645Z debug
[InspectorProxyWorker] SEND TO RUNTIME {"method":"Runtime.getIsolateId","id":100000174}
---

--- 2026-09-01T04:32:46.646Z debug
[InspectorProxyWorker] RUNTIME INCOMING MESSAGE { id: 100000174, result: { id: '2ecf31d7a71c1123' } }
---

--- 2026-09-01T04:32:56.652Z debug
[InspectorProxyWorker] SEND TO RUNTIME {"method":"Runtime.getIsolateId","id":100000175}
---

--- 2026-09-01T04:32:56.652Z debug
[InspectorProxyWorker] RUNTIME INCOMING MESSAGE { id: 100000175, result: { id: '2ecf31d7a71c1123' } }
---

--- 2026-09-01T04:33:06.652Z debug
[InspectorProxyWorker] SEND TO RUNTIME {"method":"Runtime.getIsolateId","id":100000176}
---

--- 2026-09-01T04:33:06.653Z debug
[InspectorProxyWorker] RUNTIME INCOMING MESSAGE { id: 100000176, result: { id: '2ecf31d7a71c1123' } }
---

--- 2026-09-01T04:33:16.658Z debug
[InspectorProxyWorker] SEND TO RUNTIME {"method":"Runtime.getIsolateId","id":100000177}
---

--- 2026-09-01T04:33:16.660Z debug
[InspectorProxyWorker] RUNTIME INCOMING MESSAGE { id: 100000177, result: { id: '2ecf31d7a71c1123' } }
---

--- 2026-09-01T04:33:26.664Z debug
[InspectorProxyWorker] SEND TO RUNTIME {"method":"Runtime.getIsolateId","id":100000178}
---

--- 2026-09-01T04:33:26.665Z debug
[InspectorProxyWorker] RUNTIME INCOMING MESSAGE { id: 100000178, result: { id: '2ecf31d7a71c1123' } }
---

--- 2026-09-01T04:33:36.670Z debug
[InspectorProxyWorker] SEND TO RUNTIME {"method":"Runtime.getIsolateId","id":100000179}
---

--- 2026-09-01T04:33:36.671Z debug
[InspectorProxyWorker] RUNTIME INCOMING MESSAGE { id: 100000179, result: { id: '2ecf31d7a71c1123' } }
---

--- 2026-09-01T04:33:46.675Z debug
[InspectorProxyWorker] SEND TO RUNTIME {"method":"Runtime.getIsolateId","id":100000180}
---

--- 2026-09-01T04:33:46.676Z debug
[InspectorProxyWorker] RUNTIME INCOMING MESSAGE { id: 100000180, result: { id: '2ecf31d7a71c1123' } }
---

--- 2026-09-01T04:33:56.693Z debug
[InspectorProxyWorker] SEND TO RUNTIME {"method":"Runtime.getIsolateId","id":100000181}
---

--- 2026-09-01T04:33:56.694Z debug
[InspectorProxyWorker] RUNTIME INCOMING MESSAGE { id: 100000181, result: { id: '2ecf31d7a71c1123' } }
---

--- 2026-09-01T04:34:06.690Z debug
[InspectorProxyWorker] SEND TO RUNTIME {"method":"Runtime.getIsolateId","id":100000182}
---

--- 2026-09-01T04:34:06.692Z debug
[InspectorProxyWorker] RUNTIME INCOMING MESSAGE { id: 100000182, result: { id: '2ecf31d7a71c1123' } }
---

--- 2026-09-01T04:34:16.696Z debug
[InspectorProxyWorker] SEND TO RUNTIME {"method":"Runtime.getIsolateId","id":100000183}
---

--- 2026-09-01T04:34:16.697Z debug
[InspectorProxyWorker] RUNTIME INCOMING MESSAGE { id: 100000183, result: { id: '2ecf31d7a71c1123' } }
---

--- 2026-09-01T04:34:26.701Z debug
[InspectorProxyWorker] SEND TO RUNTIME {"method":"Runtime.getIsolateId","id":100000184}
---

--- 2026-09-01T04:34:26.702Z debug
[InspectorProxyWorker] RUNTIME INCOMING MESSAGE { id: 100000184, result: { id: '2ecf31d7a71c1123' } }
---

--- 2026-09-01T04:34:36.708Z debug
[InspectorProxyWorker] SEND TO RUNTIME {"method":"Runtime.getIsolateId","id":100000185}
---

--- 2026-09-01T04:34:36.709Z debug
[InspectorProxyWorker] RUNTIME INCOMING MESSAGE { id: 100000185, result: { id: '2ecf31d7a71c1123' } }
---

--- 2026-09-01T04:34:46.713Z debug
[InspectorProxyWorker] SEND TO RUNTIME {"method":"Runtime.getIsolateId","id":100000186}
---

--- 2026-09-01T04:34:46.714Z debug
[InspectorProxyWorker] RUNTIME INCOMING MESSAGE { id: 100000186, result: { id: '2ecf31d7a71c1123' } }
---

--- 2026-09-01T04:34:56.713Z debug
[InspectorProxyWorker] SEND TO RUNTIME {"method":"Runtime.getIsolateId","id":100000187}
---

--- 2026-09-01T04:34:56.714Z debug
[InspectorProxyWorker] RUNTIME INCOMING MESSAGE { id: 100000187, result: { id: '2ecf31d7a71c1123' } }
---

--- 2026-09-01T04:35:06.717Z debug
[InspectorProxyWorker] SEND TO RUNTIME {"method":"Runtime.getIsolateId","id":100000188}
---

--- 2026-09-01T04:35:06.719Z debug
[InspectorProxyWorker] RUNTIME INCOMING MESSAGE { id: 100000188, result: { id: '2ecf31d7a71c1123' } }
---

--- 2026-09-01T04:35:16.721Z debug
[InspectorProxyWorker] SEND TO RUNTIME {"method":"Runtime.getIsolateId","id":100000189}
---

--- 2026-09-01T04:35:16.722Z debug
[InspectorProxyWorker] RUNTIME INCOMING MESSAGE { id: 100000189, result: { id: '2ecf31d7a71c1123' } }
---

--- 2026-09-01T04:35:26.733Z debug
[InspectorProxyWorker] SEND TO RUNTIME {"method":"Runtime.getIsolateId","id":100000190}
---

--- 2026-09-01T04:35:26.734Z debug
[InspectorProxyWorker] RUNTIME INCOMING MESSAGE { id: 100000190, result: { id: '2ecf31d7a71c1123' } }
---

--- 2026-09-01T04:35:36.733Z debug
[InspectorProxyWorker] SEND TO RUNTIME {"method":"Runtime.getIsolateId","id":100000191}
---

--- 2026-09-01T04:35:36.734Z debug
[InspectorProxyWorker] RUNTIME INCOMING MESSAGE { id: 100000191, result: { id: '2ecf31d7a71c1123' } }
---

--- 2026-09-01T04:35:46.738Z debug
[InspectorProxyWorker] SEND TO RUNTIME {"method":"Runtime.getIsolateId","id":100000192}
---

--- 2026-09-01T04:35:46.740Z debug
[InspectorProxyWorker] RUNTIME INCOMING MESSAGE { id: 100000192, result: { id: '2ecf31d7a71c1123' } }
---

--- 2026-09-01T04:35:56.744Z debug
[InspectorProxyWorker] SEND TO RUNTIME {"method":"Runtime.getIsolateId","id":100000193}
---

--- 2026-09-01T04:35:56.745Z debug
[InspectorProxyWorker] RUNTIME INCOMING MESSAGE { id: 100000193, result: { id: '2ecf31d7a71c1123' } }
---

--- 2026-09-01T04:36:06.749Z debug
[InspectorProxyWorker] SEND TO RUNTIME {"method":"Runtime.getIsolateId","id":100000194}
---

--- 2026-09-01T04:36:06.750Z debug
[InspectorProxyWorker] RUNTIME INCOMING MESSAGE { id: 100000194, result: { id: '2ecf31d7a71c1123' } }
---

--- 2026-09-01T04:36:16.754Z debug
[InspectorProxyWorker] SEND TO RUNTIME {"method":"Runtime.getIsolateId","id":100000195}
---

--- 2026-09-01T04:36:16.755Z debug
[InspectorProxyWorker] RUNTIME INCOMING MESSAGE { id: 100000195, result: { id: '2ecf31d7a71c1123' } }
---

--- 2026-09-01T04:36:26.760Z debug
[InspectorProxyWorker] SEND TO RUNTIME {"method":"Runtime.getIsolateId","id":100000196}
---

--- 2026-09-01T04:36:26.761Z debug
[InspectorProxyWorker] RUNTIME INCOMING MESSAGE { id: 100000196, result: { id: '2ecf31d7a71c1123' } }
---

--- 2026-09-01T04:36:36.774Z debug
[InspectorProxyWorker] SEND TO RUNTIME {"method":"Runtime.getIsolateId","id":100000197}
---

--- 2026-09-01T04:36:36.777Z debug
[InspectorProxyWorker] RUNTIME INCOMING MESSAGE { id: 100000197, result: { id: '2ecf31d7a71c1123' } }
---

--- 2026-09-01T04:36:46.773Z debug
[InspectorProxyWorker] SEND TO RUNTIME {"method":"Runtime.getIsolateId","id":100000198}
---

--- 2026-09-01T04:36:46.775Z debug
[InspectorProxyWorker] RUNTIME INCOMING MESSAGE { id: 100000198, result: { id: '2ecf31d7a71c1123' } }
---

--- 2026-09-01T04:36:56.779Z debug
[InspectorProxyWorker] SEND TO RUNTIME {"method":"Runtime.getIsolateId","id":100000199}
---

--- 2026-09-01T04:36:56.781Z debug
[InspectorProxyWorker] RUNTIME INCOMING MESSAGE { id: 100000199, result: { id: '2ecf31d7a71c1123' } }
---

--- 2026-09-01T04:37:06.785Z debug
[InspectorProxyWorker] SEND TO RUNTIME {"method":"Runtime.getIsolateId","id":100000200}
---

--- 2026-09-01T04:37:06.787Z debug
[InspectorProxyWorker] RUNTIME INCOMING MESSAGE { id: 100000200, result: { id: '2ecf31d7a71c1123' } }
---

--- 2026-09-01T04:37:16.794Z debug
[InspectorProxyWorker] SEND TO RUNTIME {"method":"Runtime.getIsolateId","id":100000201}
---

--- 2026-09-01T04:37:16.795Z debug
[InspectorProxyWorker] RUNTIME INCOMING MESSAGE { id: 100000201, result: { id: '2ecf31d7a71c1123' } }
---

--- 2026-09-01T04:37:26.798Z debug
[InspectorProxyWorker] SEND TO RUNTIME {"method":"Runtime.getIsolateId","id":100000202}
---

--- 2026-09-01T04:37:26.799Z debug
[InspectorProxyWorker] RUNTIME INCOMING MESSAGE { id: 100000202, result: { id: '2ecf31d7a71c1123' } }
---

--- 2026-09-01T04:37:36.798Z debug
[InspectorProxyWorker] SEND TO RUNTIME {"method":"Runtime.getIsolateId","id":100000203}
---

--- 2026-09-01T04:37:36.799Z debug
[InspectorProxyWorker] RUNTIME INCOMING MESSAGE { id: 100000203, result: { id: '2ecf31d7a71c1123' } }
---

--- 2026-09-01T04:37:46.805Z debug
[InspectorProxyWorker] SEND TO RUNTIME {"method":"Runtime.getIsolateId","id":100000204}
---

--- 2026-09-01T04:37:46.806Z debug
[InspectorProxyWorker] RUNTIME INCOMING MESSAGE { id: 100000204, result: { id: '2ecf31d7a71c1123' } }
---

--- 2026-09-01T04:37:56.810Z debug
[InspectorProxyWorker] SEND TO RUNTIME {"method":"Runtime.getIsolateId","id":100000205}
---

--- 2026-09-01T04:37:56.812Z debug
[InspectorProxyWorker] RUNTIME INCOMING MESSAGE { id: 100000205, result: { id: '2ecf31d7a71c1123' } }
---

--- 2026-09-01T04:38:06.816Z debug
[InspectorProxyWorker] SEND TO RUNTIME {"method":"Runtime.getIsolateId","id":100000206}
---

--- 2026-09-01T04:38:06.816Z debug
[InspectorProxyWorker] RUNTIME INCOMING MESSAGE { id: 100000206, result: { id: '2ecf31d7a71c1123' } }
---

--- 2026-09-01T04:38:16.821Z debug
[InspectorProxyWorker] SEND TO RUNTIME {"method":"Runtime.getIsolateId","id":100000207}
---

--- 2026-09-01T04:38:16.822Z debug
[InspectorProxyWorker] RUNTIME INCOMING MESSAGE { id: 100000207, result: { id: '2ecf31d7a71c1123' } }
---

--- 2026-09-01T04:38:26.827Z debug
[InspectorProxyWorker] SEND TO RUNTIME {"method":"Runtime.getIsolateId","id":100000208}
---

--- 2026-09-01T04:38:26.828Z debug
[InspectorProxyWorker] RUNTIME INCOMING MESSAGE { id: 100000208, result: { id: '2ecf31d7a71c1123' } }
---

--- 2026-09-01T04:38:36.832Z debug
[InspectorProxyWorker] SEND TO RUNTIME {"method":"Runtime.getIsolateId","id":100000209}
---

--- 2026-09-01T04:38:36.833Z debug
[InspectorProxyWorker] RUNTIME INCOMING MESSAGE { id: 100000209, result: { id: '2ecf31d7a71c1123' } }
---

--- 2026-09-01T04:38:46.838Z debug
[InspectorProxyWorker] SEND TO RUNTIME {"method":"Runtime.getIsolateId","id":100000210}
---

--- 2026-09-01T04:38:46.839Z debug
[InspectorProxyWorker] RUNTIME INCOMING MESSAGE { id: 100000210, result: { id: '2ecf31d7a71c1123' } }
---

--- 2026-09-01T04:38:56.845Z debug
[InspectorProxyWorker] SEND TO RUNTIME {"method":"Runtime.getIsolateId","id":100000211}
---

--- 2026-09-01T04:38:56.846Z debug
[InspectorProxyWorker] RUNTIME INCOMING MESSAGE { id: 100000211, result: { id: '2ecf31d7a71c1123' } }
---

--- 2026-09-01T04:39:06.847Z debug
[InspectorProxyWorker] SEND TO RUNTIME {"method":"Runtime.getIsolateId","id":100000212}
---

--- 2026-09-01T04:39:06.848Z debug
[InspectorProxyWorker] RUNTIME INCOMING MESSAGE { id: 100000212, result: { id: '2ecf31d7a71c1123' } }
---

--- 2026-09-01T04:39:16.851Z debug
[InspectorProxyWorker] SEND TO RUNTIME {"method":"Runtime.getIsolateId","id":100000213}
---

--- 2026-09-01T04:39:16.852Z debug
[InspectorProxyWorker] RUNTIME INCOMING MESSAGE { id: 100000213, result: { id: '2ecf31d7a71c1123' } }
---

--- 2026-09-01T04:39:26.855Z debug
[InspectorProxyWorker] SEND TO RUNTIME {"method":"Runtime.getIsolateId","id":100000214}
---

--- 2026-09-01T04:39:26.856Z debug
[InspectorProxyWorker] RUNTIME INCOMING MESSAGE { id: 100000214, result: { id: '2ecf31d7a71c1123' } }
---

--- 2026-09-01T04:39:36.861Z debug
[InspectorProxyWorker] SEND TO RUNTIME {"method":"Runtime.getIsolateId","id":100000215}
---

--- 2026-09-01T04:39:36.862Z debug
[InspectorProxyWorker] RUNTIME INCOMING MESSAGE { id: 100000215, result: { id: '2ecf31d7a71c1123' } }
---

--- 2026-09-01T04:39:46.866Z debug
[InspectorProxyWorker] SEND TO RUNTIME {"method":"Runtime.getIsolateId","id":100000216}
---

--- 2026-09-01T04:39:46.867Z debug
[InspectorProxyWorker] RUNTIME INCOMING MESSAGE { id: 100000216, result: { id: '2ecf31d7a71c1123' } }
---

--- 2026-09-01T04:39:56.869Z debug
[InspectorProxyWorker] SEND TO RUNTIME {"method":"Runtime.getIsolateId","id":100000217}
---

--- 2026-09-01T04:39:56.870Z debug
[InspectorProxyWorker] RUNTIME INCOMING MESSAGE { id: 100000217, result: { id: '2ecf31d7a71c1123' } }
---

--- 2026-09-01T04:40:06.875Z debug
[InspectorProxyWorker] SEND TO RUNTIME {"method":"Runtime.getIsolateId","id":100000218}
---

--- 2026-09-01T04:40:06.877Z debug
[InspectorProxyWorker] RUNTIME INCOMING MESSAGE { id: 100000218, result: { id: '2ecf31d7a71c1123' } }
---

--- 2026-09-01T04:40:16.881Z debug
[InspectorProxyWorker] SEND TO RUNTIME {"method":"Runtime.getIsolateId","id":100000219}
---

--- 2026-09-01T04:40:16.882Z debug
[InspectorProxyWorker] RUNTIME INCOMING MESSAGE { id: 100000219, result: { id: '2ecf31d7a71c1123' } }
---

--- 2026-09-01T04:40:26.887Z debug
[InspectorProxyWorker] SEND TO RUNTIME {"method":"Runtime.getIsolateId","id":100000220}
---

--- 2026-09-01T04:40:26.888Z debug
[InspectorProxyWorker] RUNTIME INCOMING MESSAGE { id: 100000220, result: { id: '2ecf31d7a71c1123' } }
---

--- 2026-09-01T04:40:36.893Z debug
[InspectorProxyWorker] SEND TO RUNTIME {"method":"Runtime.getIsolateId","id":100000221}
---

--- 2026-09-01T04:40:36.894Z debug
[InspectorProxyWorker] RUNTIME INCOMING MESSAGE { id: 100000221, result: { id: '2ecf31d7a71c1123' } }
---

--- 2026-09-01T04:40:46.899Z debug
[InspectorProxyWorker] SEND TO RUNTIME {"method":"Runtime.getIsolateId","id":100000222}
---

--- 2026-09-01T04:40:46.900Z debug
[InspectorProxyWorker] RUNTIME INCOMING MESSAGE { id: 100000222, result: { id: '2ecf31d7a71c1123' } }
---

--- 2026-09-01T04:40:56.905Z debug
[InspectorProxyWorker] SEND TO RUNTIME {"method":"Runtime.getIsolateId","id":100000223}
---

--- 2026-09-01T04:40:56.906Z debug
[InspectorProxyWorker] RUNTIME INCOMING MESSAGE { id: 100000223, result: { id: '2ecf31d7a71c1123' } }
---

--- 2026-09-01T04:41:06.911Z debug
[InspectorProxyWorker] SEND TO RUNTIME {"method":"Runtime.getIsolateId","id":100000224}
---

--- 2026-09-01T04:41:06.912Z debug
[InspectorProxyWorker] RUNTIME INCOMING MESSAGE { id: 100000224, result: { id: '2ecf31d7a71c1123' } }
---

--- 2026-09-01T04:41:16.917Z debug
[InspectorProxyWorker] SEND TO RUNTIME {"method":"Runtime.getIsolateId","id":100000225}
---

--- 2026-09-01T04:41:16.918Z debug
[InspectorProxyWorker] RUNTIME INCOMING MESSAGE { id: 100000225, result: { id: '2ecf31d7a71c1123' } }
---

--- 2026-09-01T04:41:26.923Z debug
[InspectorProxyWorker] SEND TO RUNTIME {"method":"Runtime.getIsolateId","id":100000226}
---

--- 2026-09-01T04:41:26.924Z debug
[InspectorProxyWorker] RUNTIME INCOMING MESSAGE { id: 100000226, result: { id: '2ecf31d7a71c1123' } }
---

--- 2026-09-01T04:41:36.928Z debug
[InspectorProxyWorker] SEND TO RUNTIME {"method":"Runtime.getIsolateId","id":100000227}
---

--- 2026-09-01T04:41:36.929Z debug
[InspectorProxyWorker] RUNTIME INCOMING MESSAGE { id: 100000227, result: { id: '2ecf31d7a71c1123' } }
---

--- 2026-09-01T04:41:46.936Z debug
[InspectorProxyWorker] SEND TO RUNTIME {"method":"Runtime.getIsolateId","id":100000228}
---

--- 2026-09-01T04:41:46.937Z debug
[InspectorProxyWorker] RUNTIME INCOMING MESSAGE { id: 100000228, result: { id: '2ecf31d7a71c1123' } }
---

--- 2026-09-01T04:41:56.939Z debug
[InspectorProxyWorker] SEND TO RUNTIME {"method":"Runtime.getIsolateId","id":100000229}
---

--- 2026-09-01T04:41:56.940Z debug
[InspectorProxyWorker] RUNTIME INCOMING MESSAGE { id: 100000229, result: { id: '2ecf31d7a71c1123' } }
---

--- 2026-09-01T04:42:06.947Z debug
[InspectorProxyWorker] SEND TO RUNTIME {"method":"Runtime.getIsolateId","id":100000230}
---

--- 2026-09-01T04:42:06.948Z debug
[InspectorProxyWorker] RUNTIME INCOMING MESSAGE { id: 100000230, result: { id: '2ecf31d7a71c1123' } }
---

--- 2026-09-01T04:42:16.952Z debug
[InspectorProxyWorker] SEND TO RUNTIME {"method":"Runtime.getIsolateId","id":100000231}
---

--- 2026-09-01T04:42:16.953Z debug
[InspectorProxyWorker] RUNTIME INCOMING MESSAGE { id: 100000231, result: { id: '2ecf31d7a71c1123' } }
---

--- 2026-09-01T04:42:26.957Z debug
[InspectorProxyWorker] SEND TO RUNTIME {"method":"Runtime.getIsolateId","id":100000232}
---

--- 2026-09-01T04:42:26.958Z debug
[InspectorProxyWorker] RUNTIME INCOMING MESSAGE { id: 100000232, result: { id: '2ecf31d7a71c1123' } }
---

--- 2026-09-01T04:42:36.963Z debug
[InspectorProxyWorker] SEND TO RUNTIME {"method":"Runtime.getIsolateId","id":100000233}
---

--- 2026-09-01T04:42:36.964Z debug
[InspectorProxyWorker] RUNTIME INCOMING MESSAGE { id: 100000233, result: { id: '2ecf31d7a71c1123' } }
---

--- 2026-09-01T04:42:46.967Z debug
[InspectorProxyWorker] SEND TO RUNTIME {"method":"Runtime.getIsolateId","id":100000234}
---

--- 2026-09-01T04:42:46.968Z debug
[InspectorProxyWorker] RUNTIME INCOMING MESSAGE { id: 100000234, result: { id: '2ecf31d7a71c1123' } }
---

--- 2026-09-01T04:42:56.971Z debug
[InspectorProxyWorker] SEND TO RUNTIME {"method":"Runtime.getIsolateId","id":100000235}
---

--- 2026-09-01T04:42:56.972Z debug
[InspectorProxyWorker] RUNTIME INCOMING MESSAGE { id: 100000235, result: { id: '2ecf31d7a71c1123' } }
---

--- 2026-09-01T04:43:06.977Z debug
[InspectorProxyWorker] SEND TO RUNTIME {"method":"Runtime.getIsolateId","id":100000236}
---

--- 2026-09-01T04:43:06.978Z debug
[InspectorProxyWorker] RUNTIME INCOMING MESSAGE { id: 100000236, result: { id: '2ecf31d7a71c1123' } }
---

--- 2026-09-01T04:43:16.983Z debug
[InspectorProxyWorker] SEND TO RUNTIME {"method":"Runtime.getIsolateId","id":100000237}
---

--- 2026-09-01T04:43:16.984Z debug
[InspectorProxyWorker] RUNTIME INCOMING MESSAGE { id: 100000237, result: { id: '2ecf31d7a71c1123' } }
---

--- 2026-09-01T04:43:26.986Z debug
[InspectorProxyWorker] SEND TO RUNTIME {"method":"Runtime.getIsolateId","id":100000238}
---

--- 2026-09-01T04:43:26.987Z debug
[InspectorProxyWorker] RUNTIME INCOMING MESSAGE { id: 100000238, result: { id: '2ecf31d7a71c1123' } }
---

--- 2026-09-01T04:43:36.993Z debug
[InspectorProxyWorker] SEND TO RUNTIME {"method":"Runtime.getIsolateId","id":100000239}
---

--- 2026-09-01T04:43:36.993Z debug
[InspectorProxyWorker] RUNTIME INCOMING MESSAGE { id: 100000239, result: { id: '2ecf31d7a71c1123' } }
---

--- 2026-09-01T04:43:46.997Z debug
[InspectorProxyWorker] SEND TO RUNTIME {"method":"Runtime.getIsolateId","id":100000240}
---

--- 2026-09-01T04:43:46.998Z debug
[InspectorProxyWorker] RUNTIME INCOMING MESSAGE { id: 100000240, result: { id: '2ecf31d7a71c1123' } }
---

--- 2026-09-01T04:43:57.023Z debug
[InspectorProxyWorker] SEND TO RUNTIME {"method":"Runtime.getIsolateId","id":100000241}
---

--- 2026-09-01T04:43:57.029Z debug
[InspectorProxyWorker] RUNTIME INCOMING MESSAGE { id: 100000241, result: { id: '2ecf31d7a71c1123' } }
---

--- 2026-09-01T04:44:07.012Z debug
[InspectorProxyWorker] SEND TO RUNTIME {"method":"Runtime.getIsolateId","id":100000242}
---

--- 2026-09-01T04:44:07.013Z debug
[InspectorProxyWorker] RUNTIME INCOMING MESSAGE { id: 100000242, result: { id: '2ecf31d7a71c1123' } }
---

--- 2026-09-01T04:44:17.023Z debug
[InspectorProxyWorker] SEND TO RUNTIME {"method":"Runtime.getIsolateId","id":100000243}
---

--- 2026-09-01T04:44:17.025Z debug
[InspectorProxyWorker] RUNTIME INCOMING MESSAGE { id: 100000243, result: { id: '2ecf31d7a71c1123' } }
---

--- 2026-09-01T04:44:27.025Z debug
[InspectorProxyWorker] SEND TO RUNTIME {"method":"Runtime.getIsolateId","id":100000244}
---

--- 2026-09-01T04:44:27.030Z debug
[InspectorProxyWorker] RUNTIME INCOMING MESSAGE { id: 100000244, result: { id: '2ecf31d7a71c1123' } }
---

--- 2026-09-01T04:44:37.031Z debug
[InspectorProxyWorker] SEND TO RUNTIME {"method":"Runtime.getIsolateId","id":100000245}
---

--- 2026-09-01T04:44:37.032Z debug
[InspectorProxyWorker] RUNTIME INCOMING MESSAGE { id: 100000245, result: { id: '2ecf31d7a71c1123' } }
---

--- 2026-09-01T04:44:47.037Z debug
[InspectorProxyWorker] SEND TO RUNTIME {"method":"Runtime.getIsolateId","id":100000246}
---

--- 2026-09-01T04:44:47.039Z debug
[InspectorProxyWorker] RUNTIME INCOMING MESSAGE { id: 100000246, result: { id: '2ecf31d7a71c1123' } }
---

--- 2026-09-01T04:44:57.041Z debug
[InspectorProxyWorker] SEND TO RUNTIME {"method":"Runtime.getIsolateId","id":100000247}
---

--- 2026-09-01T04:44:57.042Z debug
[InspectorProxyWorker] RUNTIME INCOMING MESSAGE { id: 100000247, result: { id: '2ecf31d7a71c1123' } }
---

--- 2026-09-01T04:45:07.051Z debug
[InspectorProxyWorker] SEND TO RUNTIME {"method":"Runtime.getIsolateId","id":100000248}
---

--- 2026-09-01T04:45:07.052Z debug
[InspectorProxyWorker] RUNTIME INCOMING MESSAGE { id: 100000248, result: { id: '2ecf31d7a71c1123' } }
---

--- 2026-09-01T04:45:17.054Z debug
[InspectorProxyWorker] SEND TO RUNTIME {"method":"Runtime.getIsolateId","id":100000249}
---

--- 2026-09-01T04:45:17.056Z debug
[InspectorProxyWorker] RUNTIME INCOMING MESSAGE { id: 100000249, result: { id: '2ecf31d7a71c1123' } }
---
