
--- 2026-08-31T14:53:45.878Z debug
🪵  Writing logs to "/home/runner/workspace/.config/.wrangler/logs/wrangler-2026-08-31_14-53-45_689.log"
---

--- 2026-08-31T14:53:45.878Z debug
.env file not found at "/home/runner/workspace/artifacts/cf-worker/.env". Continuing... For more details, refer to https://developers.cloudflare.com/workers/wrangler/system-environment-variables/
---

--- 2026-08-31T14:53:45.878Z debug
.env file not found at "/home/runner/workspace/artifacts/cf-worker/.env.local". Continuing... For more details, refer to https://developers.cloudflare.com/workers/wrangler/system-environment-variables/
---

--- 2026-08-31T14:53:45.981Z log

 ⛅️ wrangler 4.112.0
────────────────────
---

--- 2026-08-31T14:53:45.996Z debug
setting config
---

--- 2026-08-31T14:53:45.997Z debug
Updating config... undefined undefined
---

--- 2026-08-31T14:53:46.023Z log
Using secrets defined in .dev.vars
---

--- 2026-08-31T14:53:46.025Z log
Your Worker has access to the following bindings:
---

--- 2026-08-31T14:53:46.025Z log
Binding                            Resource                  Mode
---

--- 2026-08-31T14:53:46.026Z log
env.DATABASE_URL ("(hidden)")      Environment Variable      local
---

--- 2026-08-31T14:53:46.026Z log

---

--- 2026-08-31T14:53:46.174Z debug
Metrics dispatcher: Posting data {"deviceId":"f454b4ec-ba13-47a6-be81-578bf5a99898","event":"wrangler command started","timestamp":1788188026174,"properties":{"amplitude_session_id":1788188025982,"amplitude_event_id":0,"wranglerVersion":"4.112.0","wranglerMajorVersion":4,"wranglerMinorVersion":112,"wranglerPatchVersion":0,"osPlatform":"Linux","osVersion":"#Replit-Linux SMP Fri Aug 28 06:22:54 UTC 2026","nodeVersion":24,"packageManager":"pnpm","isFirstUsage":false,"configFileType":"none","isCI":false,"isPagesCI":false,"isWorkersCI":false,"isInteractive":true,"hasAssets":false,"agent":"replit","argsUsed":["port"],"argsCombination":"port","sanitizedCommand":"dev","sanitizedArgs":{},"currentAgentSkillsInstalled":false}}
---

--- 2026-08-31T14:53:46.871Z debug
RemoteRuntimeController teardown beginning...
---

--- 2026-08-31T14:53:46.872Z debug
RemoteRuntimeController teardown complete
---

--- 2026-08-31T14:53:46.903Z log
⎔ Starting local server...
---

--- 2026-08-31T14:53:47.873Z debug
[InspectorProxyWorker] handleProxyControllerIncomingMessage {"type":"reloadStart"}
---

--- 2026-08-31T14:53:48.008Z debug
[InspectorProxyWorker] handleProxyControllerIncomingMessage {"type":"reloadComplete","proxyData":{"userWorkerUrl":{"protocol":"http:","hostname":"127.0.0.1","port":"40373"},"userWorkerInspectorUrl":{"protocol":"ws:","hostname":"127.0.0.1","port":"46457","pathname":"/core:user:streamguard"},"userWorkerInnerUrlOverrides":{"protocol":"http:"},"headers":{"MF-Proxy-Shared-Secret":"07977002-0ce0-4262-9262-72e9ef1f6387"},"liveReload":false,"proxyLogsToController":false}}
---

--- 2026-08-31T14:53:48.009Z debug
[InspectorProxyWorker] reconnectRuntimeWebSocket
---

--- 2026-08-31T14:53:48.010Z debug
[InspectorProxyWorker] NEW RUNTIME WEBSOCKET http://127.0.0.1:46457/core:user:streamguard
---

--- 2026-08-31T14:53:48.011Z debug
[InspectorProxyWorker] SEND TO DEVTOOLS {"method":"Runtime.executionContextsCleared"}
---

--- 2026-08-31T14:53:48.011Z debug
[InspectorProxyWorker] SEND TO RUNTIME {"method":"Runtime.enable","id":100000001}
---

--- 2026-08-31T14:53:48.012Z debug
[InspectorProxyWorker] RUNTIME WEBSOCKET OPENED
---

--- 2026-08-31T14:53:48.013Z debug
[InspectorProxyWorker] RUNTIME INCOMING MESSAGE {
  method: 'Runtime.executionContextCreated',
  params: {
    context: {
      id: 337925377,
      origin: '',
      name: 'Worker',
      uniqueId: '8521826610144215911.-2087262719205855403'
    }
  }
}
---

--- 2026-08-31T14:53:48.015Z debug
[InspectorProxyWorker] RUNTIME INCOMING MESSAGE { id: 100000001, result: {} }
---

--- 2026-08-31T14:53:58.015Z debug
[InspectorProxyWorker] SEND TO RUNTIME {"method":"Runtime.getIsolateId","id":100000002}
---

--- 2026-08-31T14:53:58.016Z debug
[InspectorProxyWorker] RUNTIME INCOMING MESSAGE { id: 100000002, result: { id: 'b96848fb068f9d01' } }
---

--- 2026-08-31T14:54:08.030Z debug
[InspectorProxyWorker] SEND TO RUNTIME {"method":"Runtime.getIsolateId","id":100000003}
---

--- 2026-08-31T14:54:08.032Z debug
[InspectorProxyWorker] RUNTIME INCOMING MESSAGE { id: 100000003, result: { id: 'b96848fb068f9d01' } }
---

--- 2026-08-31T14:54:18.034Z debug
[InspectorProxyWorker] SEND TO RUNTIME {"method":"Runtime.getIsolateId","id":100000004}
---

--- 2026-08-31T14:54:18.035Z debug
[InspectorProxyWorker] RUNTIME INCOMING MESSAGE { id: 100000004, result: { id: 'b96848fb068f9d01' } }
---

--- 2026-08-31T14:54:28.034Z debug
[InspectorProxyWorker] SEND TO RUNTIME {"method":"Runtime.getIsolateId","id":100000005}
---

--- 2026-08-31T14:54:28.035Z debug
[InspectorProxyWorker] RUNTIME INCOMING MESSAGE { id: 100000005, result: { id: 'b96848fb068f9d01' } }
---

--- 2026-08-31T14:54:38.040Z debug
[InspectorProxyWorker] SEND TO RUNTIME {"method":"Runtime.getIsolateId","id":100000006}
---

--- 2026-08-31T14:54:38.041Z debug
[InspectorProxyWorker] RUNTIME INCOMING MESSAGE { id: 100000006, result: { id: 'b96848fb068f9d01' } }
---

--- 2026-08-31T14:54:48.046Z debug
[InspectorProxyWorker] SEND TO RUNTIME {"method":"Runtime.getIsolateId","id":100000007}
---

--- 2026-08-31T14:54:48.047Z debug
[InspectorProxyWorker] RUNTIME INCOMING MESSAGE { id: 100000007, result: { id: 'b96848fb068f9d01' } }
---

--- 2026-08-31T14:54:58.050Z debug
[InspectorProxyWorker] SEND TO RUNTIME {"method":"Runtime.getIsolateId","id":100000008}
---

--- 2026-08-31T14:54:58.051Z debug
[InspectorProxyWorker] RUNTIME INCOMING MESSAGE { id: 100000008, result: { id: 'b96848fb068f9d01' } }
---

--- 2026-08-31T14:55:08.057Z debug
[InspectorProxyWorker] SEND TO RUNTIME {"method":"Runtime.getIsolateId","id":100000009}
---

--- 2026-08-31T14:55:08.059Z debug
[InspectorProxyWorker] RUNTIME INCOMING MESSAGE { id: 100000009, result: { id: 'b96848fb068f9d01' } }
---

--- 2026-08-31T14:55:18.060Z debug
[InspectorProxyWorker] SEND TO RUNTIME {"method":"Runtime.getIsolateId","id":100000010}
---

--- 2026-08-31T14:55:18.061Z debug
[InspectorProxyWorker] RUNTIME INCOMING MESSAGE { id: 100000010, result: { id: 'b96848fb068f9d01' } }
---

--- 2026-08-31T14:55:28.063Z debug
[InspectorProxyWorker] SEND TO RUNTIME {"method":"Runtime.getIsolateId","id":100000011}
---

--- 2026-08-31T14:55:28.064Z debug
[InspectorProxyWorker] RUNTIME INCOMING MESSAGE { id: 100000011, result: { id: 'b96848fb068f9d01' } }
---

--- 2026-08-31T14:55:38.075Z debug
[InspectorProxyWorker] SEND TO RUNTIME {"method":"Runtime.getIsolateId","id":100000012}
---

--- 2026-08-31T14:55:38.076Z debug
[InspectorProxyWorker] RUNTIME INCOMING MESSAGE { id: 100000012, result: { id: 'b96848fb068f9d01' } }
---

--- 2026-08-31T14:55:48.076Z debug
[InspectorProxyWorker] SEND TO RUNTIME {"method":"Runtime.getIsolateId","id":100000013}
---

--- 2026-08-31T14:55:48.077Z debug
[InspectorProxyWorker] RUNTIME INCOMING MESSAGE { id: 100000013, result: { id: 'b96848fb068f9d01' } }
---

--- 2026-08-31T14:55:58.081Z debug
[InspectorProxyWorker] SEND TO RUNTIME {"method":"Runtime.getIsolateId","id":100000014}
---

--- 2026-08-31T14:55:58.083Z debug
[InspectorProxyWorker] RUNTIME INCOMING MESSAGE { id: 100000014, result: { id: 'b96848fb068f9d01' } }
---

--- 2026-08-31T14:56:08.087Z debug
[InspectorProxyWorker] SEND TO RUNTIME {"method":"Runtime.getIsolateId","id":100000015}
---

--- 2026-08-31T14:56:08.088Z debug
[InspectorProxyWorker] RUNTIME INCOMING MESSAGE { id: 100000015, result: { id: 'b96848fb068f9d01' } }
---

--- 2026-08-31T14:56:18.093Z debug
[InspectorProxyWorker] SEND TO RUNTIME {"method":"Runtime.getIsolateId","id":100000016}
---

--- 2026-08-31T14:56:18.094Z debug
[InspectorProxyWorker] RUNTIME INCOMING MESSAGE { id: 100000016, result: { id: 'b96848fb068f9d01' } }
---

--- 2026-08-31T14:56:28.098Z debug
[InspectorProxyWorker] SEND TO RUNTIME {"method":"Runtime.getIsolateId","id":100000017}
---

--- 2026-08-31T14:56:28.099Z debug
[InspectorProxyWorker] RUNTIME INCOMING MESSAGE { id: 100000017, result: { id: 'b96848fb068f9d01' } }
---

--- 2026-08-31T14:56:38.104Z debug
[InspectorProxyWorker] SEND TO RUNTIME {"method":"Runtime.getIsolateId","id":100000018}
---

--- 2026-08-31T14:56:38.105Z debug
[InspectorProxyWorker] RUNTIME INCOMING MESSAGE { id: 100000018, result: { id: 'b96848fb068f9d01' } }
---

--- 2026-08-31T14:56:48.107Z debug
[InspectorProxyWorker] SEND TO RUNTIME {"method":"Runtime.getIsolateId","id":100000019}
---

--- 2026-08-31T14:56:48.107Z debug
[InspectorProxyWorker] RUNTIME INCOMING MESSAGE { id: 100000019, result: { id: 'b96848fb068f9d01' } }
---

--- 2026-08-31T14:56:58.113Z debug
[InspectorProxyWorker] SEND TO RUNTIME {"method":"Runtime.getIsolateId","id":100000020}
---

--- 2026-08-31T14:56:58.115Z debug
[InspectorProxyWorker] RUNTIME INCOMING MESSAGE { id: 100000020, result: { id: 'b96848fb068f9d01' } }
---

--- 2026-08-31T14:57:08.118Z debug
[InspectorProxyWorker] SEND TO RUNTIME {"method":"Runtime.getIsolateId","id":100000021}
---

--- 2026-08-31T14:57:08.119Z debug
[InspectorProxyWorker] RUNTIME INCOMING MESSAGE { id: 100000021, result: { id: 'b96848fb068f9d01' } }
---

--- 2026-08-31T14:57:18.123Z debug
[InspectorProxyWorker] SEND TO RUNTIME {"method":"Runtime.getIsolateId","id":100000022}
---

--- 2026-08-31T14:57:18.124Z debug
[InspectorProxyWorker] RUNTIME INCOMING MESSAGE { id: 100000022, result: { id: 'b96848fb068f9d01' } }
---

--- 2026-08-31T14:57:28.135Z debug
[InspectorProxyWorker] SEND TO RUNTIME {"method":"Runtime.getIsolateId","id":100000023}
---

--- 2026-08-31T14:57:28.136Z debug
[InspectorProxyWorker] RUNTIME INCOMING MESSAGE { id: 100000023, result: { id: 'b96848fb068f9d01' } }
---

--- 2026-08-31T14:57:38.134Z debug
[InspectorProxyWorker] SEND TO RUNTIME {"method":"Runtime.getIsolateId","id":100000024}
---

--- 2026-08-31T14:57:38.135Z debug
[InspectorProxyWorker] RUNTIME INCOMING MESSAGE { id: 100000024, result: { id: 'b96848fb068f9d01' } }
---

--- 2026-08-31T14:57:48.139Z debug
[InspectorProxyWorker] SEND TO RUNTIME {"method":"Runtime.getIsolateId","id":100000025}
---

--- 2026-08-31T14:57:48.140Z debug
[InspectorProxyWorker] RUNTIME INCOMING MESSAGE { id: 100000025, result: { id: 'b96848fb068f9d01' } }
---

--- 2026-08-31T14:57:58.143Z debug
[InspectorProxyWorker] SEND TO RUNTIME {"method":"Runtime.getIsolateId","id":100000026}
---

--- 2026-08-31T14:57:58.143Z debug
[InspectorProxyWorker] RUNTIME INCOMING MESSAGE { id: 100000026, result: { id: 'b96848fb068f9d01' } }
---

--- 2026-08-31T14:58:08.149Z debug
[InspectorProxyWorker] SEND TO RUNTIME {"method":"Runtime.getIsolateId","id":100000027}
---

--- 2026-08-31T14:58:08.150Z debug
[InspectorProxyWorker] RUNTIME INCOMING MESSAGE { id: 100000027, result: { id: 'b96848fb068f9d01' } }
---

--- 2026-08-31T14:58:18.152Z debug
[InspectorProxyWorker] SEND TO RUNTIME {"method":"Runtime.getIsolateId","id":100000028}
---

--- 2026-08-31T14:58:18.153Z debug
[InspectorProxyWorker] RUNTIME INCOMING MESSAGE { id: 100000028, result: { id: 'b96848fb068f9d01' } }
---

--- 2026-08-31T14:58:28.157Z debug
[InspectorProxyWorker] SEND TO RUNTIME {"method":"Runtime.getIsolateId","id":100000029}
---

--- 2026-08-31T14:58:28.159Z debug
[InspectorProxyWorker] RUNTIME INCOMING MESSAGE { id: 100000029, result: { id: 'b96848fb068f9d01' } }
---

--- 2026-08-31T14:58:38.166Z debug
[InspectorProxyWorker] SEND TO RUNTIME {"method":"Runtime.getIsolateId","id":100000030}
---

--- 2026-08-31T14:58:38.167Z debug
[InspectorProxyWorker] RUNTIME INCOMING MESSAGE { id: 100000030, result: { id: 'b96848fb068f9d01' } }
---

--- 2026-08-31T14:58:48.166Z debug
[InspectorProxyWorker] SEND TO RUNTIME {"method":"Runtime.getIsolateId","id":100000031}
---

--- 2026-08-31T14:58:48.167Z debug
[InspectorProxyWorker] RUNTIME INCOMING MESSAGE { id: 100000031, result: { id: 'b96848fb068f9d01' } }
---

--- 2026-08-31T14:58:58.180Z debug
[InspectorProxyWorker] SEND TO RUNTIME {"method":"Runtime.getIsolateId","id":100000032}
---

--- 2026-08-31T14:58:58.182Z debug
[InspectorProxyWorker] RUNTIME INCOMING MESSAGE { id: 100000032, result: { id: 'b96848fb068f9d01' } }
---

--- 2026-08-31T14:59:08.187Z debug
[InspectorProxyWorker] SEND TO RUNTIME {"method":"Runtime.getIsolateId","id":100000033}
---

--- 2026-08-31T14:59:08.188Z debug
[InspectorProxyWorker] RUNTIME INCOMING MESSAGE { id: 100000033, result: { id: 'b96848fb068f9d01' } }
---

--- 2026-08-31T14:59:18.193Z debug
[InspectorProxyWorker] SEND TO RUNTIME {"method":"Runtime.getIsolateId","id":100000034}
---

--- 2026-08-31T14:59:18.195Z debug
[InspectorProxyWorker] RUNTIME INCOMING MESSAGE { id: 100000034, result: { id: 'b96848fb068f9d01' } }
---

--- 2026-08-31T14:59:28.205Z debug
[InspectorProxyWorker] SEND TO RUNTIME {"method":"Runtime.getIsolateId","id":100000035}
---

--- 2026-08-31T14:59:28.205Z debug
[InspectorProxyWorker] RUNTIME INCOMING MESSAGE { id: 100000035, result: { id: 'b96848fb068f9d01' } }
---

--- 2026-08-31T14:59:38.209Z debug
[InspectorProxyWorker] SEND TO RUNTIME {"method":"Runtime.getIsolateId","id":100000036}
---

--- 2026-08-31T14:59:38.210Z debug
[InspectorProxyWorker] RUNTIME INCOMING MESSAGE { id: 100000036, result: { id: 'b96848fb068f9d01' } }
---

--- 2026-08-31T14:59:48.207Z debug
[InspectorProxyWorker] SEND TO RUNTIME {"method":"Runtime.getIsolateId","id":100000037}
---

--- 2026-08-31T14:59:48.208Z debug
[InspectorProxyWorker] RUNTIME INCOMING MESSAGE { id: 100000037, result: { id: 'b96848fb068f9d01' } }
---

--- 2026-08-31T14:59:58.213Z debug
[InspectorProxyWorker] SEND TO RUNTIME {"method":"Runtime.getIsolateId","id":100000038}
---

--- 2026-08-31T14:59:58.214Z debug
[InspectorProxyWorker] RUNTIME INCOMING MESSAGE { id: 100000038, result: { id: 'b96848fb068f9d01' } }
---

--- 2026-08-31T15:00:08.219Z debug
[InspectorProxyWorker] SEND TO RUNTIME {"method":"Runtime.getIsolateId","id":100000039}
---

--- 2026-08-31T15:00:08.219Z debug
[InspectorProxyWorker] RUNTIME INCOMING MESSAGE { id: 100000039, result: { id: 'b96848fb068f9d01' } }
---

--- 2026-08-31T15:00:18.232Z debug
[InspectorProxyWorker] SEND TO RUNTIME {"method":"Runtime.getIsolateId","id":100000040}
---

--- 2026-08-31T15:00:18.233Z debug
[InspectorProxyWorker] RUNTIME INCOMING MESSAGE { id: 100000040, result: { id: 'b96848fb068f9d01' } }
---

--- 2026-08-31T15:00:28.230Z debug
[InspectorProxyWorker] SEND TO RUNTIME {"method":"Runtime.getIsolateId","id":100000041}
---

--- 2026-08-31T15:00:28.231Z debug
[InspectorProxyWorker] RUNTIME INCOMING MESSAGE { id: 100000041, result: { id: 'b96848fb068f9d01' } }
---

--- 2026-08-31T15:00:38.243Z debug
[InspectorProxyWorker] SEND TO RUNTIME {"method":"Runtime.getIsolateId","id":100000042}
---

--- 2026-08-31T15:00:38.244Z debug
[InspectorProxyWorker] RUNTIME INCOMING MESSAGE { id: 100000042, result: { id: 'b96848fb068f9d01' } }
---

--- 2026-08-31T15:00:48.243Z debug
[InspectorProxyWorker] SEND TO RUNTIME {"method":"Runtime.getIsolateId","id":100000043}
---

--- 2026-08-31T15:00:48.244Z debug
[InspectorProxyWorker] RUNTIME INCOMING MESSAGE { id: 100000043, result: { id: 'b96848fb068f9d01' } }
---

--- 2026-08-31T15:00:58.247Z debug
[InspectorProxyWorker] SEND TO RUNTIME {"method":"Runtime.getIsolateId","id":100000044}
---

--- 2026-08-31T15:00:58.248Z debug
[InspectorProxyWorker] RUNTIME INCOMING MESSAGE { id: 100000044, result: { id: 'b96848fb068f9d01' } }
---

--- 2026-08-31T15:01:08.253Z debug
[InspectorProxyWorker] SEND TO RUNTIME {"method":"Runtime.getIsolateId","id":100000045}
---

--- 2026-08-31T15:01:08.254Z debug
[InspectorProxyWorker] RUNTIME INCOMING MESSAGE { id: 100000045, result: { id: 'b96848fb068f9d01' } }
---

--- 2026-08-31T15:01:18.255Z debug
[InspectorProxyWorker] SEND TO RUNTIME {"method":"Runtime.getIsolateId","id":100000046}
---

--- 2026-08-31T15:01:18.256Z debug
[InspectorProxyWorker] RUNTIME INCOMING MESSAGE { id: 100000046, result: { id: 'b96848fb068f9d01' } }
---

--- 2026-08-31T15:01:28.275Z debug
[InspectorProxyWorker] SEND TO RUNTIME {"method":"Runtime.getIsolateId","id":100000047}
---

--- 2026-08-31T15:01:28.278Z debug
[InspectorProxyWorker] RUNTIME INCOMING MESSAGE { id: 100000047, result: { id: 'b96848fb068f9d01' } }
---

--- 2026-08-31T15:01:38.266Z debug
[InspectorProxyWorker] SEND TO RUNTIME {"method":"Runtime.getIsolateId","id":100000048}
---

--- 2026-08-31T15:01:38.268Z debug
[InspectorProxyWorker] RUNTIME INCOMING MESSAGE { id: 100000048, result: { id: 'b96848fb068f9d01' } }
---

--- 2026-08-31T15:01:48.271Z debug
[InspectorProxyWorker] SEND TO RUNTIME {"method":"Runtime.getIsolateId","id":100000049}
---

--- 2026-08-31T15:01:48.273Z debug
[InspectorProxyWorker] RUNTIME INCOMING MESSAGE { id: 100000049, result: { id: 'b96848fb068f9d01' } }
---

--- 2026-08-31T15:01:58.275Z debug
[InspectorProxyWorker] SEND TO RUNTIME {"method":"Runtime.getIsolateId","id":100000050}
---

--- 2026-08-31T15:01:58.275Z debug
[InspectorProxyWorker] RUNTIME INCOMING MESSAGE { id: 100000050, result: { id: 'b96848fb068f9d01' } }
---

--- 2026-08-31T15:02:08.281Z debug
[InspectorProxyWorker] SEND TO RUNTIME {"method":"Runtime.getIsolateId","id":100000051}
---

--- 2026-08-31T15:02:08.282Z debug
[InspectorProxyWorker] RUNTIME INCOMING MESSAGE { id: 100000051, result: { id: 'b96848fb068f9d01' } }
---

--- 2026-08-31T15:02:18.281Z debug
[InspectorProxyWorker] SEND TO RUNTIME {"method":"Runtime.getIsolateId","id":100000052}
---

--- 2026-08-31T15:02:18.282Z debug
[InspectorProxyWorker] RUNTIME INCOMING MESSAGE { id: 100000052, result: { id: 'b96848fb068f9d01' } }
---

--- 2026-08-31T15:02:28.293Z debug
[InspectorProxyWorker] SEND TO RUNTIME {"method":"Runtime.getIsolateId","id":100000053}
---

--- 2026-08-31T15:02:28.295Z debug
[InspectorProxyWorker] RUNTIME INCOMING MESSAGE { id: 100000053, result: { id: 'b96848fb068f9d01' } }
---

--- 2026-08-31T15:02:38.295Z debug
[InspectorProxyWorker] SEND TO RUNTIME {"method":"Runtime.getIsolateId","id":100000054}
---

--- 2026-08-31T15:02:38.296Z debug
[InspectorProxyWorker] RUNTIME INCOMING MESSAGE { id: 100000054, result: { id: 'b96848fb068f9d01' } }
---

--- 2026-08-31T15:02:48.299Z debug
[InspectorProxyWorker] SEND TO RUNTIME {"method":"Runtime.getIsolateId","id":100000055}
---

--- 2026-08-31T15:02:48.300Z debug
[InspectorProxyWorker] RUNTIME INCOMING MESSAGE { id: 100000055, result: { id: 'b96848fb068f9d01' } }
---

--- 2026-08-31T15:02:58.305Z debug
[InspectorProxyWorker] SEND TO RUNTIME {"method":"Runtime.getIsolateId","id":100000056}
---

--- 2026-08-31T15:02:58.306Z debug
[InspectorProxyWorker] RUNTIME INCOMING MESSAGE { id: 100000056, result: { id: 'b96848fb068f9d01' } }
---

--- 2026-08-31T15:03:08.311Z debug
[InspectorProxyWorker] SEND TO RUNTIME {"method":"Runtime.getIsolateId","id":100000057}
---

--- 2026-08-31T15:03:08.312Z debug
[InspectorProxyWorker] RUNTIME INCOMING MESSAGE { id: 100000057, result: { id: 'b96848fb068f9d01' } }
---

--- 2026-08-31T15:03:18.317Z debug
[InspectorProxyWorker] SEND TO RUNTIME {"method":"Runtime.getIsolateId","id":100000058}
---

--- 2026-08-31T15:03:18.318Z debug
[InspectorProxyWorker] RUNTIME INCOMING MESSAGE { id: 100000058, result: { id: 'b96848fb068f9d01' } }
---

--- 2026-08-31T15:03:28.323Z debug
[InspectorProxyWorker] SEND TO RUNTIME {"method":"Runtime.getIsolateId","id":100000059}
---

--- 2026-08-31T15:03:28.324Z debug
[InspectorProxyWorker] RUNTIME INCOMING MESSAGE { id: 100000059, result: { id: 'b96848fb068f9d01' } }
---

--- 2026-08-31T15:03:38.328Z debug
[InspectorProxyWorker] SEND TO RUNTIME {"method":"Runtime.getIsolateId","id":100000060}
---

--- 2026-08-31T15:03:38.331Z debug
[InspectorProxyWorker] RUNTIME INCOMING MESSAGE { id: 100000060, result: { id: 'b96848fb068f9d01' } }
---

--- 2026-08-31T15:03:48.350Z debug
[InspectorProxyWorker] SEND TO RUNTIME {"method":"Runtime.getIsolateId","id":100000061}
---

--- 2026-08-31T15:03:48.355Z debug
[InspectorProxyWorker] RUNTIME INCOMING MESSAGE { id: 100000061, result: { id: 'b96848fb068f9d01' } }
---

--- 2026-08-31T15:03:58.342Z debug
[InspectorProxyWorker] SEND TO RUNTIME {"method":"Runtime.getIsolateId","id":100000062}
---

--- 2026-08-31T15:03:58.343Z debug
[InspectorProxyWorker] RUNTIME INCOMING MESSAGE { id: 100000062, result: { id: 'b96848fb068f9d01' } }
---

--- 2026-08-31T15:04:08.347Z debug
[InspectorProxyWorker] SEND TO RUNTIME {"method":"Runtime.getIsolateId","id":100000063}
---

--- 2026-08-31T15:04:08.348Z debug
[InspectorProxyWorker] RUNTIME INCOMING MESSAGE { id: 100000063, result: { id: 'b96848fb068f9d01' } }
---

--- 2026-08-31T15:04:18.353Z debug
[InspectorProxyWorker] SEND TO RUNTIME {"method":"Runtime.getIsolateId","id":100000064}
---

--- 2026-08-31T15:04:18.353Z debug
[InspectorProxyWorker] RUNTIME INCOMING MESSAGE { id: 100000064, result: { id: 'b96848fb068f9d01' } }
---

--- 2026-08-31T15:04:28.356Z debug
[InspectorProxyWorker] SEND TO RUNTIME {"method":"Runtime.getIsolateId","id":100000065}
---

--- 2026-08-31T15:04:28.357Z debug
[InspectorProxyWorker] RUNTIME INCOMING MESSAGE { id: 100000065, result: { id: 'b96848fb068f9d01' } }
---

--- 2026-08-31T15:04:38.360Z debug
[InspectorProxyWorker] SEND TO RUNTIME {"method":"Runtime.getIsolateId","id":100000066}
---

--- 2026-08-31T15:04:38.361Z debug
[InspectorProxyWorker] RUNTIME INCOMING MESSAGE { id: 100000066, result: { id: 'b96848fb068f9d01' } }
---

--- 2026-08-31T15:04:48.372Z debug
[InspectorProxyWorker] SEND TO RUNTIME {"method":"Runtime.getIsolateId","id":100000067}
---

--- 2026-08-31T15:04:48.374Z debug
[InspectorProxyWorker] RUNTIME INCOMING MESSAGE { id: 100000067, result: { id: 'b96848fb068f9d01' } }
---

--- 2026-08-31T15:04:58.370Z debug
[InspectorProxyWorker] SEND TO RUNTIME {"method":"Runtime.getIsolateId","id":100000068}
---

--- 2026-08-31T15:04:58.370Z debug
[InspectorProxyWorker] RUNTIME INCOMING MESSAGE { id: 100000068, result: { id: 'b96848fb068f9d01' } }
---

--- 2026-08-31T15:05:08.375Z debug
[InspectorProxyWorker] SEND TO RUNTIME {"method":"Runtime.getIsolateId","id":100000069}
---

--- 2026-08-31T15:05:08.375Z debug
[InspectorProxyWorker] RUNTIME INCOMING MESSAGE { id: 100000069, result: { id: 'b96848fb068f9d01' } }
---

--- 2026-08-31T15:05:18.379Z debug
[InspectorProxyWorker] SEND TO RUNTIME {"method":"Runtime.getIsolateId","id":100000070}
---

--- 2026-08-31T15:05:18.380Z debug
[InspectorProxyWorker] RUNTIME INCOMING MESSAGE { id: 100000070, result: { id: 'b96848fb068f9d01' } }
---

--- 2026-08-31T15:05:28.385Z debug
[InspectorProxyWorker] SEND TO RUNTIME {"method":"Runtime.getIsolateId","id":100000071}
---

--- 2026-08-31T15:05:28.385Z debug
[InspectorProxyWorker] RUNTIME INCOMING MESSAGE { id: 100000071, result: { id: 'b96848fb068f9d01' } }
---

--- 2026-08-31T15:05:38.391Z debug
[InspectorProxyWorker] SEND TO RUNTIME {"method":"Runtime.getIsolateId","id":100000072}
---

--- 2026-08-31T15:05:38.392Z debug
[InspectorProxyWorker] RUNTIME INCOMING MESSAGE { id: 100000072, result: { id: 'b96848fb068f9d01' } }
---

--- 2026-08-31T15:05:48.395Z debug
[InspectorProxyWorker] SEND TO RUNTIME {"method":"Runtime.getIsolateId","id":100000073}
---

--- 2026-08-31T15:05:48.395Z debug
[InspectorProxyWorker] RUNTIME INCOMING MESSAGE { id: 100000073, result: { id: 'b96848fb068f9d01' } }
---

--- 2026-08-31T15:05:58.401Z debug
[InspectorProxyWorker] SEND TO RUNTIME {"method":"Runtime.getIsolateId","id":100000074}
---

--- 2026-08-31T15:05:58.401Z debug
[InspectorProxyWorker] RUNTIME INCOMING MESSAGE { id: 100000074, result: { id: 'b96848fb068f9d01' } }
---

--- 2026-08-31T15:06:08.406Z debug
[InspectorProxyWorker] SEND TO RUNTIME {"method":"Runtime.getIsolateId","id":100000075}
---

--- 2026-08-31T15:06:08.407Z debug
[InspectorProxyWorker] RUNTIME INCOMING MESSAGE { id: 100000075, result: { id: 'b96848fb068f9d01' } }
---

--- 2026-08-31T15:06:18.407Z debug
[InspectorProxyWorker] SEND TO RUNTIME {"method":"Runtime.getIsolateId","id":100000076}
---

--- 2026-08-31T15:06:18.408Z debug
[InspectorProxyWorker] RUNTIME INCOMING MESSAGE { id: 100000076, result: { id: 'b96848fb068f9d01' } }
---

--- 2026-08-31T15:06:28.414Z debug
[InspectorProxyWorker] SEND TO RUNTIME {"method":"Runtime.getIsolateId","id":100000077}
---

--- 2026-08-31T15:06:28.415Z debug
[InspectorProxyWorker] RUNTIME INCOMING MESSAGE { id: 100000077, result: { id: 'b96848fb068f9d01' } }
---

--- 2026-08-31T15:06:38.418Z debug
[InspectorProxyWorker] SEND TO RUNTIME {"method":"Runtime.getIsolateId","id":100000078}
---

--- 2026-08-31T15:06:38.419Z debug
[InspectorProxyWorker] RUNTIME INCOMING MESSAGE { id: 100000078, result: { id: 'b96848fb068f9d01' } }
---

--- 2026-08-31T15:06:48.424Z debug
[InspectorProxyWorker] SEND TO RUNTIME {"method":"Runtime.getIsolateId","id":100000079}
---

--- 2026-08-31T15:06:48.425Z debug
[InspectorProxyWorker] RUNTIME INCOMING MESSAGE { id: 100000079, result: { id: 'b96848fb068f9d01' } }
---

--- 2026-08-31T15:06:58.430Z debug
[InspectorProxyWorker] SEND TO RUNTIME {"method":"Runtime.getIsolateId","id":100000080}
---

--- 2026-08-31T15:06:58.431Z debug
[InspectorProxyWorker] RUNTIME INCOMING MESSAGE { id: 100000080, result: { id: 'b96848fb068f9d01' } }
---

--- 2026-08-31T15:07:08.435Z debug
[InspectorProxyWorker] SEND TO RUNTIME {"method":"Runtime.getIsolateId","id":100000081}
---

--- 2026-08-31T15:07:08.436Z debug
[InspectorProxyWorker] RUNTIME INCOMING MESSAGE { id: 100000081, result: { id: 'b96848fb068f9d01' } }
---

--- 2026-08-31T15:07:18.440Z debug
[InspectorProxyWorker] SEND TO RUNTIME {"method":"Runtime.getIsolateId","id":100000082}
---

--- 2026-08-31T15:07:18.442Z debug
[InspectorProxyWorker] RUNTIME INCOMING MESSAGE { id: 100000082, result: { id: 'b96848fb068f9d01' } }
---

--- 2026-08-31T15:07:28.446Z debug
[InspectorProxyWorker] SEND TO RUNTIME {"method":"Runtime.getIsolateId","id":100000083}
---

--- 2026-08-31T15:07:28.447Z debug
[InspectorProxyWorker] RUNTIME INCOMING MESSAGE { id: 100000083, result: { id: 'b96848fb068f9d01' } }
---

--- 2026-08-31T15:07:38.452Z debug
[InspectorProxyWorker] SEND TO RUNTIME {"method":"Runtime.getIsolateId","id":100000084}
---

--- 2026-08-31T15:07:38.453Z debug
[InspectorProxyWorker] RUNTIME INCOMING MESSAGE { id: 100000084, result: { id: 'b96848fb068f9d01' } }
---

--- 2026-08-31T15:07:48.457Z debug
[InspectorProxyWorker] SEND TO RUNTIME {"method":"Runtime.getIsolateId","id":100000085}
---

--- 2026-08-31T15:07:48.458Z debug
[InspectorProxyWorker] RUNTIME INCOMING MESSAGE { id: 100000085, result: { id: 'b96848fb068f9d01' } }
---

--- 2026-08-31T15:07:58.459Z debug
[InspectorProxyWorker] SEND TO RUNTIME {"method":"Runtime.getIsolateId","id":100000086}
---

--- 2026-08-31T15:07:58.460Z debug
[InspectorProxyWorker] RUNTIME INCOMING MESSAGE { id: 100000086, result: { id: 'b96848fb068f9d01' } }
---

--- 2026-08-31T15:08:08.464Z debug
[InspectorProxyWorker] SEND TO RUNTIME {"method":"Runtime.getIsolateId","id":100000087}
---

--- 2026-08-31T15:08:08.465Z debug
[InspectorProxyWorker] RUNTIME INCOMING MESSAGE { id: 100000087, result: { id: 'b96848fb068f9d01' } }
---

--- 2026-08-31T15:08:18.469Z debug
[InspectorProxyWorker] SEND TO RUNTIME {"method":"Runtime.getIsolateId","id":100000088}
---

--- 2026-08-31T15:08:18.470Z debug
[InspectorProxyWorker] RUNTIME INCOMING MESSAGE { id: 100000088, result: { id: 'b96848fb068f9d01' } }
---

--- 2026-08-31T15:08:28.475Z debug
[InspectorProxyWorker] SEND TO RUNTIME {"method":"Runtime.getIsolateId","id":100000089}
---

--- 2026-08-31T15:08:28.476Z debug
[InspectorProxyWorker] RUNTIME INCOMING MESSAGE { id: 100000089, result: { id: 'b96848fb068f9d01' } }
---

--- 2026-08-31T15:08:38.481Z debug
[InspectorProxyWorker] SEND TO RUNTIME {"method":"Runtime.getIsolateId","id":100000090}
---

--- 2026-08-31T15:08:38.482Z debug
[InspectorProxyWorker] RUNTIME INCOMING MESSAGE { id: 100000090, result: { id: 'b96848fb068f9d01' } }
---

--- 2026-08-31T15:08:48.487Z debug
[InspectorProxyWorker] SEND TO RUNTIME {"method":"Runtime.getIsolateId","id":100000091}
---

--- 2026-08-31T15:08:48.488Z debug
[InspectorProxyWorker] RUNTIME INCOMING MESSAGE { id: 100000091, result: { id: 'b96848fb068f9d01' } }
---

--- 2026-08-31T15:08:58.493Z debug
[InspectorProxyWorker] SEND TO RUNTIME {"method":"Runtime.getIsolateId","id":100000092}
---

--- 2026-08-31T15:08:58.494Z debug
[InspectorProxyWorker] RUNTIME INCOMING MESSAGE { id: 100000092, result: { id: 'b96848fb068f9d01' } }
---

--- 2026-08-31T15:09:08.499Z debug
[InspectorProxyWorker] SEND TO RUNTIME {"method":"Runtime.getIsolateId","id":100000093}
---

--- 2026-08-31T15:09:08.500Z debug
[InspectorProxyWorker] RUNTIME INCOMING MESSAGE { id: 100000093, result: { id: 'b96848fb068f9d01' } }
---

--- 2026-08-31T15:09:18.504Z debug
[InspectorProxyWorker] SEND TO RUNTIME {"method":"Runtime.getIsolateId","id":100000094}
---

--- 2026-08-31T15:09:18.505Z debug
[InspectorProxyWorker] RUNTIME INCOMING MESSAGE { id: 100000094, result: { id: 'b96848fb068f9d01' } }
---

--- 2026-08-31T15:09:28.510Z debug
[InspectorProxyWorker] SEND TO RUNTIME {"method":"Runtime.getIsolateId","id":100000095}
---

--- 2026-08-31T15:09:28.511Z debug
[InspectorProxyWorker] RUNTIME INCOMING MESSAGE { id: 100000095, result: { id: 'b96848fb068f9d01' } }
---

--- 2026-08-31T15:09:38.516Z debug
[InspectorProxyWorker] SEND TO RUNTIME {"method":"Runtime.getIsolateId","id":100000096}
---

--- 2026-08-31T15:09:38.517Z debug
[InspectorProxyWorker] RUNTIME INCOMING MESSAGE { id: 100000096, result: { id: 'b96848fb068f9d01' } }
---

--- 2026-08-31T15:09:48.521Z debug
[InspectorProxyWorker] SEND TO RUNTIME {"method":"Runtime.getIsolateId","id":100000097}
---

--- 2026-08-31T15:09:48.522Z debug
[InspectorProxyWorker] RUNTIME INCOMING MESSAGE { id: 100000097, result: { id: 'b96848fb068f9d01' } }
---

--- 2026-08-31T15:09:58.525Z debug
[InspectorProxyWorker] SEND TO RUNTIME {"method":"Runtime.getIsolateId","id":100000098}
---

--- 2026-08-31T15:09:58.527Z debug
[InspectorProxyWorker] RUNTIME INCOMING MESSAGE { id: 100000098, result: { id: 'b96848fb068f9d01' } }
---

--- 2026-08-31T15:10:08.527Z debug
[InspectorProxyWorker] SEND TO RUNTIME {"method":"Runtime.getIsolateId","id":100000099}
---

--- 2026-08-31T15:10:08.528Z debug
[InspectorProxyWorker] RUNTIME INCOMING MESSAGE { id: 100000099, result: { id: 'b96848fb068f9d01' } }
---

--- 2026-08-31T15:10:18.533Z debug
[InspectorProxyWorker] SEND TO RUNTIME {"method":"Runtime.getIsolateId","id":100000100}
---

--- 2026-08-31T15:10:18.534Z debug
[InspectorProxyWorker] RUNTIME INCOMING MESSAGE { id: 100000100, result: { id: 'b96848fb068f9d01' } }
---

--- 2026-08-31T15:10:28.535Z debug
[InspectorProxyWorker] SEND TO RUNTIME {"method":"Runtime.getIsolateId","id":100000101}
---

--- 2026-08-31T15:10:28.536Z debug
[InspectorProxyWorker] RUNTIME INCOMING MESSAGE { id: 100000101, result: { id: 'b96848fb068f9d01' } }
---

--- 2026-08-31T15:10:38.539Z debug
[InspectorProxyWorker] SEND TO RUNTIME {"method":"Runtime.getIsolateId","id":100000102}
---

--- 2026-08-31T15:10:38.539Z debug
[InspectorProxyWorker] RUNTIME INCOMING MESSAGE { id: 100000102, result: { id: 'b96848fb068f9d01' } }
---

--- 2026-08-31T15:10:48.543Z debug
[InspectorProxyWorker] SEND TO RUNTIME {"method":"Runtime.getIsolateId","id":100000103}
---

--- 2026-08-31T15:10:48.544Z debug
[InspectorProxyWorker] RUNTIME INCOMING MESSAGE { id: 100000103, result: { id: 'b96848fb068f9d01' } }
---

--- 2026-08-31T15:10:58.547Z debug
[InspectorProxyWorker] SEND TO RUNTIME {"method":"Runtime.getIsolateId","id":100000104}
---

--- 2026-08-31T15:10:58.548Z debug
[InspectorProxyWorker] RUNTIME INCOMING MESSAGE { id: 100000104, result: { id: 'b96848fb068f9d01' } }
---

--- 2026-08-31T15:11:08.551Z debug
[InspectorProxyWorker] SEND TO RUNTIME {"method":"Runtime.getIsolateId","id":100000105}
---

--- 2026-08-31T15:11:08.552Z debug
[InspectorProxyWorker] RUNTIME INCOMING MESSAGE { id: 100000105, result: { id: 'b96848fb068f9d01' } }
---

--- 2026-08-31T15:11:18.561Z debug
[InspectorProxyWorker] SEND TO RUNTIME {"method":"Runtime.getIsolateId","id":100000106}
---

--- 2026-08-31T15:11:18.563Z debug
[InspectorProxyWorker] RUNTIME INCOMING MESSAGE { id: 100000106, result: { id: 'b96848fb068f9d01' } }
---

--- 2026-08-31T15:11:28.560Z debug
[InspectorProxyWorker] SEND TO RUNTIME {"method":"Runtime.getIsolateId","id":100000107}
---

--- 2026-08-31T15:11:28.561Z debug
[InspectorProxyWorker] RUNTIME INCOMING MESSAGE { id: 100000107, result: { id: 'b96848fb068f9d01' } }
---

--- 2026-08-31T15:11:38.567Z debug
[InspectorProxyWorker] SEND TO RUNTIME {"method":"Runtime.getIsolateId","id":100000108}
---

--- 2026-08-31T15:11:38.567Z debug
[InspectorProxyWorker] RUNTIME INCOMING MESSAGE { id: 100000108, result: { id: 'b96848fb068f9d01' } }
---

--- 2026-08-31T15:11:48.572Z debug
[InspectorProxyWorker] SEND TO RUNTIME {"method":"Runtime.getIsolateId","id":100000109}
---

--- 2026-08-31T15:11:48.572Z debug
[InspectorProxyWorker] RUNTIME INCOMING MESSAGE { id: 100000109, result: { id: 'b96848fb068f9d01' } }
---

--- 2026-08-31T15:11:58.579Z debug
[InspectorProxyWorker] SEND TO RUNTIME {"method":"Runtime.getIsolateId","id":100000110}
---

--- 2026-08-31T15:11:58.580Z debug
[InspectorProxyWorker] RUNTIME INCOMING MESSAGE { id: 100000110, result: { id: 'b96848fb068f9d01' } }
---

--- 2026-08-31T15:12:08.583Z debug
[InspectorProxyWorker] SEND TO RUNTIME {"method":"Runtime.getIsolateId","id":100000111}
---

--- 2026-08-31T15:12:08.584Z debug
[InspectorProxyWorker] RUNTIME INCOMING MESSAGE { id: 100000111, result: { id: 'b96848fb068f9d01' } }
---

--- 2026-08-31T15:12:18.589Z debug
[InspectorProxyWorker] SEND TO RUNTIME {"method":"Runtime.getIsolateId","id":100000112}
---

--- 2026-08-31T15:12:18.591Z debug
[InspectorProxyWorker] RUNTIME INCOMING MESSAGE { id: 100000112, result: { id: 'b96848fb068f9d01' } }
---

--- 2026-08-31T15:12:28.595Z debug
[InspectorProxyWorker] SEND TO RUNTIME {"method":"Runtime.getIsolateId","id":100000113}
---

--- 2026-08-31T15:12:28.596Z debug
[InspectorProxyWorker] RUNTIME INCOMING MESSAGE { id: 100000113, result: { id: 'b96848fb068f9d01' } }
---

--- 2026-08-31T15:12:35.951Z debug
RemoteRuntimeController teardown beginning...
---

--- 2026-08-31T15:12:35.951Z debug
RemoteRuntimeController teardown complete
---

--- 2026-08-31T15:12:35.955Z log
⎔ Reloading local server...
---

--- 2026-08-31T15:12:35.963Z debug
[InspectorProxyWorker] handleProxyControllerIncomingMessage {"type":"reloadStart"}
---

--- 2026-08-31T15:12:35.964Z debug
[InspectorProxyWorker] SEND TO RUNTIME {"method":"Runtime.discardConsoleEntries","id":100000114}
---

--- 2026-08-31T15:12:35.965Z debug
[InspectorProxyWorker] RUNTIME INCOMING MESSAGE { id: 100000114, result: {} }
---

--- 2026-08-31T15:12:36.111Z debug
[InspectorProxyWorker] RUNTIME WEBSOCKET CLOSED 1006 WebSocket disconnected without sending Close frame.
---

--- 2026-08-31T15:12:36.357Z log
⎔ Local server updated and ready
---

--- 2026-08-31T15:12:36.368Z debug
[InspectorProxyWorker] handleProxyControllerIncomingMessage {"type":"reloadComplete","proxyData":{"userWorkerUrl":{"protocol":"http:","hostname":"127.0.0.1","port":"40367"},"userWorkerInspectorUrl":{"protocol":"ws:","hostname":"127.0.0.1","port":"46457","pathname":"/core:user:streamguard"},"userWorkerInnerUrlOverrides":{"protocol":"http:"},"headers":{"MF-Proxy-Shared-Secret":"07977002-0ce0-4262-9262-72e9ef1f6387"},"liveReload":false,"proxyLogsToController":false}}
---

--- 2026-08-31T15:12:36.368Z debug
[InspectorProxyWorker] reconnectRuntimeWebSocket
---

--- 2026-08-31T15:12:36.369Z debug
[InspectorProxyWorker] NEW RUNTIME WEBSOCKET http://127.0.0.1:46457/core:user:streamguard
---

--- 2026-08-31T15:12:36.371Z debug
[InspectorProxyWorker] SEND TO DEVTOOLS {"method":"Runtime.executionContextsCleared"}
---

--- 2026-08-31T15:12:36.376Z debug
[InspectorProxyWorker] SEND TO RUNTIME {"method":"Runtime.enable","id":100000115}
---

--- 2026-08-31T15:12:36.377Z debug
[InspectorProxyWorker] RUNTIME WEBSOCKET OPENED
---

--- 2026-08-31T15:12:36.378Z debug
[InspectorProxyWorker] RUNTIME INCOMING MESSAGE {
  method: 'Runtime.executionContextCreated',
  params: {
    context: {
      id: 244871489,
      origin: '',
      name: 'Worker',
      uniqueId: '4854671109933400522.5622233616875566731'
    }
  }
}
---

--- 2026-08-31T15:12:36.379Z debug
[InspectorProxyWorker] RUNTIME INCOMING MESSAGE { id: 100000115, result: {} }
---

--- 2026-08-31T15:12:46.381Z debug
[InspectorProxyWorker] SEND TO RUNTIME {"method":"Runtime.getIsolateId","id":100000116}
---

--- 2026-08-31T15:12:46.382Z debug
[InspectorProxyWorker] RUNTIME INCOMING MESSAGE { id: 100000116, result: { id: 'c3b73da12e6c88b2' } }
---

--- 2026-08-31T15:12:56.393Z debug
[InspectorProxyWorker] SEND TO RUNTIME {"method":"Runtime.getIsolateId","id":100000117}
---

--- 2026-08-31T15:12:56.396Z debug
[InspectorProxyWorker] RUNTIME INCOMING MESSAGE { id: 100000117, result: { id: 'c3b73da12e6c88b2' } }
---

--- 2026-08-31T15:13:06.391Z debug
[InspectorProxyWorker] SEND TO RUNTIME {"method":"Runtime.getIsolateId","id":100000118}
---

--- 2026-08-31T15:13:06.392Z debug
[InspectorProxyWorker] RUNTIME INCOMING MESSAGE { id: 100000118, result: { id: 'c3b73da12e6c88b2' } }
---

--- 2026-08-31T15:13:16.397Z debug
[InspectorProxyWorker] SEND TO RUNTIME {"method":"Runtime.getIsolateId","id":100000119}
---

--- 2026-08-31T15:13:16.398Z debug
[InspectorProxyWorker] RUNTIME INCOMING MESSAGE { id: 100000119, result: { id: 'c3b73da12e6c88b2' } }
---

--- 2026-08-31T15:13:26.402Z debug
[InspectorProxyWorker] SEND TO RUNTIME {"method":"Runtime.getIsolateId","id":100000120}
---

--- 2026-08-31T15:13:26.403Z debug
[InspectorProxyWorker] RUNTIME INCOMING MESSAGE { id: 100000120, result: { id: 'c3b73da12e6c88b2' } }
---

--- 2026-08-31T15:13:36.407Z debug
[InspectorProxyWorker] SEND TO RUNTIME {"method":"Runtime.getIsolateId","id":100000121}
---

--- 2026-08-31T15:13:36.408Z debug
[InspectorProxyWorker] RUNTIME INCOMING MESSAGE { id: 100000121, result: { id: 'c3b73da12e6c88b2' } }
---

--- 2026-08-31T15:13:46.413Z debug
[InspectorProxyWorker] SEND TO RUNTIME {"method":"Runtime.getIsolateId","id":100000122}
---

--- 2026-08-31T15:13:46.414Z debug
[InspectorProxyWorker] RUNTIME INCOMING MESSAGE { id: 100000122, result: { id: 'c3b73da12e6c88b2' } }
---

--- 2026-08-31T15:13:56.417Z debug
[InspectorProxyWorker] SEND TO RUNTIME {"method":"Runtime.getIsolateId","id":100000123}
---

--- 2026-08-31T15:13:56.419Z debug
[InspectorProxyWorker] RUNTIME INCOMING MESSAGE { id: 100000123, result: { id: 'c3b73da12e6c88b2' } }
---

--- 2026-08-31T15:14:06.421Z debug
[InspectorProxyWorker] SEND TO RUNTIME {"method":"Runtime.getIsolateId","id":100000124}
---

--- 2026-08-31T15:14:06.422Z debug
[InspectorProxyWorker] RUNTIME INCOMING MESSAGE { id: 100000124, result: { id: 'c3b73da12e6c88b2' } }
---

--- 2026-08-31T15:14:16.423Z debug
[InspectorProxyWorker] SEND TO RUNTIME {"method":"Runtime.getIsolateId","id":100000125}
---

--- 2026-08-31T15:14:16.424Z debug
[InspectorProxyWorker] RUNTIME INCOMING MESSAGE { id: 100000125, result: { id: 'c3b73da12e6c88b2' } }
---

--- 2026-08-31T15:14:26.454Z debug
[InspectorProxyWorker] SEND TO RUNTIME {"method":"Runtime.getIsolateId","id":100000126}
---

--- 2026-08-31T15:14:26.458Z debug
[InspectorProxyWorker] RUNTIME INCOMING MESSAGE { id: 100000126, result: { id: 'c3b73da12e6c88b2' } }
---

--- 2026-08-31T15:14:36.437Z debug
[InspectorProxyWorker] SEND TO RUNTIME {"method":"Runtime.getIsolateId","id":100000127}
---

--- 2026-08-31T15:14:36.438Z debug
[InspectorProxyWorker] RUNTIME INCOMING MESSAGE { id: 100000127, result: { id: 'c3b73da12e6c88b2' } }
---

--- 2026-08-31T15:14:46.440Z debug
[InspectorProxyWorker] SEND TO RUNTIME {"method":"Runtime.getIsolateId","id":100000128}
---

--- 2026-08-31T15:14:46.442Z debug
[InspectorProxyWorker] RUNTIME INCOMING MESSAGE { id: 100000128, result: { id: 'c3b73da12e6c88b2' } }
---

--- 2026-08-31T15:14:56.442Z debug
[InspectorProxyWorker] SEND TO RUNTIME {"method":"Runtime.getIsolateId","id":100000129}
---

--- 2026-08-31T15:14:56.444Z debug
[InspectorProxyWorker] RUNTIME INCOMING MESSAGE { id: 100000129, result: { id: 'c3b73da12e6c88b2' } }
---

--- 2026-08-31T15:15:06.452Z debug
[InspectorProxyWorker] SEND TO RUNTIME {"method":"Runtime.getIsolateId","id":100000130}
---

--- 2026-08-31T15:15:06.456Z debug
[InspectorProxyWorker] RUNTIME INCOMING MESSAGE { id: 100000130, result: { id: 'c3b73da12e6c88b2' } }
---

--- 2026-08-31T15:15:09.147Z debug
RemoteRuntimeController teardown beginning...
---

--- 2026-08-31T15:15:09.148Z debug
RemoteRuntimeController teardown complete
---

--- 2026-08-31T15:15:09.150Z log
⎔ Reloading local server...
---

--- 2026-08-31T15:15:09.157Z debug
[InspectorProxyWorker] handleProxyControllerIncomingMessage {"type":"reloadStart"}
---

--- 2026-08-31T15:15:09.158Z debug
[InspectorProxyWorker] SEND TO RUNTIME {"method":"Runtime.discardConsoleEntries","id":100000131}
---

--- 2026-08-31T15:15:09.160Z debug
[InspectorProxyWorker] RUNTIME INCOMING MESSAGE { id: 100000131, result: {} }
---

--- 2026-08-31T15:15:09.203Z debug
[InspectorProxyWorker] RUNTIME WEBSOCKET CLOSED 1006 WebSocket disconnected without sending Close frame.
---

--- 2026-08-31T15:15:09.446Z log
⎔ Local server updated and ready
---

--- 2026-08-31T15:15:09.450Z debug
[InspectorProxyWorker] handleProxyControllerIncomingMessage {"type":"reloadComplete","proxyData":{"userWorkerUrl":{"protocol":"http:","hostname":"127.0.0.1","port":"37797"},"userWorkerInspectorUrl":{"protocol":"ws:","hostname":"127.0.0.1","port":"46457","pathname":"/core:user:streamguard"},"userWorkerInnerUrlOverrides":{"protocol":"http:"},"headers":{"MF-Proxy-Shared-Secret":"07977002-0ce0-4262-9262-72e9ef1f6387"},"liveReload":false,"proxyLogsToController":false}}
---

--- 2026-08-31T15:15:09.451Z debug
[InspectorProxyWorker] reconnectRuntimeWebSocket
---

--- 2026-08-31T15:15:09.452Z debug
[InspectorProxyWorker] NEW RUNTIME WEBSOCKET http://127.0.0.1:46457/core:user:streamguard
---

--- 2026-08-31T15:15:09.452Z debug
[InspectorProxyWorker] SEND TO DEVTOOLS {"method":"Runtime.executionContextsCleared"}
---

--- 2026-08-31T15:15:09.455Z debug
[InspectorProxyWorker] SEND TO RUNTIME {"method":"Runtime.enable","id":100000132}
---

--- 2026-08-31T15:15:09.455Z debug
[InspectorProxyWorker] RUNTIME WEBSOCKET OPENED
---

--- 2026-08-31T15:15:09.466Z debug
[InspectorProxyWorker] RUNTIME INCOMING MESSAGE {
  method: 'Runtime.executionContextCreated',
  params: {
    context: {
      id: 374342817,
      origin: '',
      name: 'Worker',
      uniqueId: '-1406434016980995227.-2606654540959150516'
    }
  }
}
---

--- 2026-08-31T15:15:09.466Z debug
[InspectorProxyWorker] RUNTIME INCOMING MESSAGE { id: 100000132, result: {} }
---

--- 2026-08-31T15:15:19.459Z debug
[InspectorProxyWorker] SEND TO RUNTIME {"method":"Runtime.getIsolateId","id":100000133}
---

--- 2026-08-31T15:15:19.460Z debug
[InspectorProxyWorker] RUNTIME INCOMING MESSAGE { id: 100000133, result: { id: 'aee476cf90553caa' } }
---

--- 2026-08-31T15:15:29.460Z debug
[InspectorProxyWorker] SEND TO RUNTIME {"method":"Runtime.getIsolateId","id":100000134}
---

--- 2026-08-31T15:15:29.461Z debug
[InspectorProxyWorker] RUNTIME INCOMING MESSAGE { id: 100000134, result: { id: 'aee476cf90553caa' } }
---

--- 2026-08-31T15:15:39.466Z debug
[InspectorProxyWorker] SEND TO RUNTIME {"method":"Runtime.getIsolateId","id":100000135}
---

--- 2026-08-31T15:15:39.467Z debug
[InspectorProxyWorker] RUNTIME INCOMING MESSAGE { id: 100000135, result: { id: 'aee476cf90553caa' } }
---

--- 2026-08-31T15:15:49.473Z debug
[InspectorProxyWorker] SEND TO RUNTIME {"method":"Runtime.getIsolateId","id":100000136}
---

--- 2026-08-31T15:15:49.475Z debug
[InspectorProxyWorker] RUNTIME INCOMING MESSAGE { id: 100000136, result: { id: 'aee476cf90553caa' } }
---

--- 2026-08-31T15:15:59.482Z debug
[InspectorProxyWorker] SEND TO RUNTIME {"method":"Runtime.getIsolateId","id":100000137}
---

--- 2026-08-31T15:15:59.483Z debug
[InspectorProxyWorker] RUNTIME INCOMING MESSAGE { id: 100000137, result: { id: 'aee476cf90553caa' } }
---

--- 2026-08-31T15:15:59.899Z debug
RemoteRuntimeController teardown beginning...
---

--- 2026-08-31T15:15:59.899Z debug
RemoteRuntimeController teardown complete
---

--- 2026-08-31T15:15:59.900Z log
⎔ Reloading local server...
---

--- 2026-08-31T15:15:59.902Z debug
[InspectorProxyWorker] handleProxyControllerIncomingMessage {"type":"reloadStart"}
---

--- 2026-08-31T15:15:59.902Z debug
[InspectorProxyWorker] SEND TO RUNTIME {"method":"Runtime.discardConsoleEntries","id":100000138}
---

--- 2026-08-31T15:15:59.905Z debug
[InspectorProxyWorker] RUNTIME INCOMING MESSAGE { id: 100000138, result: {} }
---

--- 2026-08-31T15:15:59.932Z debug
[InspectorProxyWorker] RUNTIME WEBSOCKET CLOSED 1006 WebSocket disconnected without sending Close frame.
---

--- 2026-08-31T15:16:00.251Z log
⎔ Local server updated and ready
---

--- 2026-08-31T15:16:00.254Z debug
[InspectorProxyWorker] reconnectRuntimeWebSocket
---

--- 2026-08-31T15:16:00.255Z debug
[InspectorProxyWorker] NEW RUNTIME WEBSOCKET http://127.0.0.1:46457/core:user:streamguard
---

--- 2026-08-31T15:16:00.255Z debug
[InspectorProxyWorker] handleProxyControllerIncomingMessage {"type":"reloadComplete","proxyData":{"userWorkerUrl":{"protocol":"http:","hostname":"127.0.0.1","port":"35481"},"userWorkerInspectorUrl":{"protocol":"ws:","hostname":"127.0.0.1","port":"46457","pathname":"/core:user:streamguard"},"userWorkerInnerUrlOverrides":{"protocol":"http:"},"headers":{"MF-Proxy-Shared-Secret":"07977002-0ce0-4262-9262-72e9ef1f6387"},"liveReload":false,"proxyLogsToController":false}}
---

--- 2026-08-31T15:16:00.256Z debug
[InspectorProxyWorker] SEND TO DEVTOOLS {"method":"Runtime.executionContextsCleared"}
---

--- 2026-08-31T15:16:00.257Z debug
[InspectorProxyWorker] RUNTIME INCOMING MESSAGE {
  method: 'Runtime.executionContextCreated',
  params: {
    context: {
      id: 244146017,
      origin: '',
      name: 'Worker',
      uniqueId: '-8269391501706552932.-7977664343766442045'
    }
  }
}
---

--- 2026-08-31T15:16:00.258Z debug
[InspectorProxyWorker] RUNTIME INCOMING MESSAGE { id: 100000139, result: {} }
---

--- 2026-08-31T15:16:00.258Z debug
[InspectorProxyWorker] RUNTIME WEBSOCKET OPENED
---

--- 2026-08-31T15:16:00.259Z debug
[InspectorProxyWorker] SEND TO RUNTIME {"method":"Runtime.enable","id":100000139}
---

--- 2026-08-31T15:16:10.259Z debug
[InspectorProxyWorker] SEND TO RUNTIME {"method":"Runtime.getIsolateId","id":100000140}
---

--- 2026-08-31T15:16:10.259Z debug
[InspectorProxyWorker] RUNTIME INCOMING MESSAGE { id: 100000140, result: { id: '6bd34a1685ff976e' } }
---

--- 2026-08-31T15:16:20.275Z debug
[InspectorProxyWorker] SEND TO RUNTIME {"method":"Runtime.getIsolateId","id":100000141}
---

--- 2026-08-31T15:16:20.277Z debug
[InspectorProxyWorker] RUNTIME INCOMING MESSAGE { id: 100000141, result: { id: '6bd34a1685ff976e' } }
---
