
--- 2026-08-24T04:09:20.784Z debug
🪵  Writing logs to "/home/runner/workspace/.config/.wrangler/logs/wrangler-2026-08-24_04-09-20_593.log"
---

--- 2026-08-24T04:09:20.784Z debug
.env file not found at "/home/runner/workspace/artifacts/cf-worker/.env". Continuing... For more details, refer to https://developers.cloudflare.com/workers/wrangler/system-environment-variables/
---

--- 2026-08-24T04:09:20.785Z debug
.env file not found at "/home/runner/workspace/artifacts/cf-worker/.env.local". Continuing... For more details, refer to https://developers.cloudflare.com/workers/wrangler/system-environment-variables/
---

--- 2026-08-24T04:09:20.887Z log

 ⛅️ wrangler 4.112.0
────────────────────
---

--- 2026-08-24T04:09:20.903Z debug
setting config
---

--- 2026-08-24T04:09:20.904Z debug
Updating config... undefined undefined
---

--- 2026-08-24T04:09:20.928Z log
Using secrets defined in .dev.vars
---

--- 2026-08-24T04:09:20.930Z log
Your Worker has access to the following bindings:
---

--- 2026-08-24T04:09:20.930Z log
Binding                            Resource                  Mode
---

--- 2026-08-24T04:09:20.931Z log
env.DATABASE_URL ("(hidden)")      Environment Variable      local
---

--- 2026-08-24T04:09:20.931Z log

---

--- 2026-08-24T04:09:21.489Z debug
Metrics dispatcher: Posting data {"deviceId":"f454b4ec-ba13-47a6-be81-578bf5a99898","event":"wrangler command started","timestamp":1787544561489,"properties":{"amplitude_session_id":1787544560889,"amplitude_event_id":0,"wranglerVersion":"4.112.0","wranglerMajorVersion":4,"wranglerMinorVersion":112,"wranglerPatchVersion":0,"osPlatform":"Linux","osVersion":"#Replit-Linux SMP Sun Aug 23 12:27:10 UTC 2026","nodeVersion":24,"packageManager":"pnpm","isFirstUsage":false,"configFileType":"none","isCI":false,"isPagesCI":false,"isWorkersCI":false,"isInteractive":true,"hasAssets":false,"agent":"replit","argsUsed":["port"],"argsCombination":"port","sanitizedCommand":"dev","sanitizedArgs":{},"currentAgentSkillsInstalled":false}}
---

--- 2026-08-24T04:09:21.499Z debug
RemoteRuntimeController teardown beginning...
---

--- 2026-08-24T04:09:21.499Z debug
RemoteRuntimeController teardown complete
---

--- 2026-08-24T04:09:21.524Z log
⎔ Starting local server...
---

--- 2026-08-24T04:09:22.723Z debug
[InspectorProxyWorker] handleProxyControllerIncomingMessage {"type":"reloadStart"}
---

--- 2026-08-24T04:09:22.822Z debug
[InspectorProxyWorker] handleProxyControllerIncomingMessage {"type":"reloadComplete","proxyData":{"userWorkerUrl":{"protocol":"http:","hostname":"127.0.0.1","port":"44207"},"userWorkerInspectorUrl":{"protocol":"ws:","hostname":"127.0.0.1","port":"36741","pathname":"/core:user:streamguard"},"userWorkerInnerUrlOverrides":{"protocol":"http:"},"headers":{"MF-Proxy-Shared-Secret":"f0822e6e-3552-4e7d-9898-c67ebeb51c33"},"liveReload":false,"proxyLogsToController":false}}
---

--- 2026-08-24T04:09:22.824Z debug
[InspectorProxyWorker] reconnectRuntimeWebSocket
---

--- 2026-08-24T04:09:22.825Z debug
[InspectorProxyWorker] NEW RUNTIME WEBSOCKET http://127.0.0.1:36741/core:user:streamguard
---

--- 2026-08-24T04:09:22.826Z debug
[InspectorProxyWorker] SEND TO DEVTOOLS {"method":"Runtime.executionContextsCleared"}
---

--- 2026-08-24T04:09:22.827Z debug
[InspectorProxyWorker] RUNTIME WEBSOCKET OPENED
---

--- 2026-08-24T04:09:22.829Z debug
[InspectorProxyWorker] RUNTIME INCOMING MESSAGE {
  method: 'Runtime.executionContextCreated',
  params: {
    context: {
      id: 81635169,
      origin: '',
      name: 'Worker',
      uniqueId: '-4923757057530790985.1106322354108072965'
    }
  }
}
---

--- 2026-08-24T04:09:22.830Z debug
[InspectorProxyWorker] RUNTIME INCOMING MESSAGE { id: 100000001, result: {} }
---

--- 2026-08-24T04:09:22.831Z debug
[InspectorProxyWorker] SEND TO RUNTIME {"method":"Runtime.enable","id":100000001}
---

--- 2026-08-24T04:09:32.839Z debug
[InspectorProxyWorker] SEND TO RUNTIME {"method":"Runtime.getIsolateId","id":100000002}
---

--- 2026-08-24T04:09:32.841Z debug
[InspectorProxyWorker] RUNTIME INCOMING MESSAGE { id: 100000002, result: { id: '364b3292174f69e4' } }
---

--- 2026-08-24T04:09:42.851Z debug
[InspectorProxyWorker] SEND TO RUNTIME {"method":"Runtime.getIsolateId","id":100000003}
---

--- 2026-08-24T04:09:42.852Z debug
[InspectorProxyWorker] RUNTIME INCOMING MESSAGE { id: 100000003, result: { id: '364b3292174f69e4' } }
---

--- 2026-08-24T04:09:52.851Z debug
[InspectorProxyWorker] SEND TO RUNTIME {"method":"Runtime.getIsolateId","id":100000004}
---

--- 2026-08-24T04:09:52.852Z debug
[InspectorProxyWorker] RUNTIME INCOMING MESSAGE { id: 100000004, result: { id: '364b3292174f69e4' } }
---

--- 2026-08-24T04:10:02.852Z debug
[InspectorProxyWorker] SEND TO RUNTIME {"method":"Runtime.getIsolateId","id":100000005}
---

--- 2026-08-24T04:10:02.853Z debug
[InspectorProxyWorker] RUNTIME INCOMING MESSAGE { id: 100000005, result: { id: '364b3292174f69e4' } }
---

--- 2026-08-24T04:10:12.858Z debug
[InspectorProxyWorker] SEND TO RUNTIME {"method":"Runtime.getIsolateId","id":100000006}
---

--- 2026-08-24T04:10:12.859Z debug
[InspectorProxyWorker] RUNTIME INCOMING MESSAGE { id: 100000006, result: { id: '364b3292174f69e4' } }
---

--- 2026-08-24T04:10:22.864Z debug
[InspectorProxyWorker] SEND TO RUNTIME {"method":"Runtime.getIsolateId","id":100000007}
---

--- 2026-08-24T04:10:22.866Z debug
[InspectorProxyWorker] RUNTIME INCOMING MESSAGE { id: 100000007, result: { id: '364b3292174f69e4' } }
---

--- 2026-08-24T04:10:32.870Z debug
[InspectorProxyWorker] SEND TO RUNTIME {"method":"Runtime.getIsolateId","id":100000008}
---

--- 2026-08-24T04:10:32.871Z debug
[InspectorProxyWorker] RUNTIME INCOMING MESSAGE { id: 100000008, result: { id: '364b3292174f69e4' } }
---

--- 2026-08-24T04:10:42.875Z debug
[InspectorProxyWorker] SEND TO RUNTIME {"method":"Runtime.getIsolateId","id":100000009}
---

--- 2026-08-24T04:10:42.876Z debug
[InspectorProxyWorker] RUNTIME INCOMING MESSAGE { id: 100000009, result: { id: '364b3292174f69e4' } }
---

--- 2026-08-24T04:10:52.880Z debug
[InspectorProxyWorker] SEND TO RUNTIME {"method":"Runtime.getIsolateId","id":100000010}
---

--- 2026-08-24T04:10:52.881Z debug
[InspectorProxyWorker] RUNTIME INCOMING MESSAGE { id: 100000010, result: { id: '364b3292174f69e4' } }
---

--- 2026-08-24T04:11:02.887Z debug
[InspectorProxyWorker] SEND TO RUNTIME {"method":"Runtime.getIsolateId","id":100000011}
---

--- 2026-08-24T04:11:02.888Z debug
[InspectorProxyWorker] RUNTIME INCOMING MESSAGE { id: 100000011, result: { id: '364b3292174f69e4' } }
---

--- 2026-08-24T04:11:12.902Z debug
[InspectorProxyWorker] SEND TO RUNTIME {"method":"Runtime.getIsolateId","id":100000012}
---

--- 2026-08-24T04:11:12.904Z debug
[InspectorProxyWorker] RUNTIME INCOMING MESSAGE { id: 100000012, result: { id: '364b3292174f69e4' } }
---

--- 2026-08-24T04:11:22.902Z debug
[InspectorProxyWorker] SEND TO RUNTIME {"method":"Runtime.getIsolateId","id":100000013}
---

--- 2026-08-24T04:11:22.903Z debug
[InspectorProxyWorker] RUNTIME INCOMING MESSAGE { id: 100000013, result: { id: '364b3292174f69e4' } }
---

--- 2026-08-24T04:11:32.904Z debug
[InspectorProxyWorker] SEND TO RUNTIME {"method":"Runtime.getIsolateId","id":100000014}
---

--- 2026-08-24T04:11:32.905Z debug
[InspectorProxyWorker] RUNTIME INCOMING MESSAGE { id: 100000014, result: { id: '364b3292174f69e4' } }
---

--- 2026-08-24T04:11:42.910Z debug
[InspectorProxyWorker] SEND TO RUNTIME {"method":"Runtime.getIsolateId","id":100000015}
---

--- 2026-08-24T04:11:42.914Z debug
[InspectorProxyWorker] RUNTIME INCOMING MESSAGE { id: 100000015, result: { id: '364b3292174f69e4' } }
---

--- 2026-08-24T04:11:52.915Z debug
[InspectorProxyWorker] SEND TO RUNTIME {"method":"Runtime.getIsolateId","id":100000016}
---

--- 2026-08-24T04:11:52.916Z debug
[InspectorProxyWorker] RUNTIME INCOMING MESSAGE { id: 100000016, result: { id: '364b3292174f69e4' } }
---

--- 2026-08-24T04:12:02.917Z debug
[InspectorProxyWorker] SEND TO RUNTIME {"method":"Runtime.getIsolateId","id":100000017}
---

--- 2026-08-24T04:12:02.919Z debug
[InspectorProxyWorker] RUNTIME INCOMING MESSAGE { id: 100000017, result: { id: '364b3292174f69e4' } }
---

--- 2026-08-24T04:12:12.923Z debug
[InspectorProxyWorker] SEND TO RUNTIME {"method":"Runtime.getIsolateId","id":100000018}
---

--- 2026-08-24T04:12:12.924Z debug
[InspectorProxyWorker] RUNTIME INCOMING MESSAGE { id: 100000018, result: { id: '364b3292174f69e4' } }
---

--- 2026-08-24T04:12:22.930Z debug
[InspectorProxyWorker] SEND TO RUNTIME {"method":"Runtime.getIsolateId","id":100000019}
---

--- 2026-08-24T04:12:22.932Z debug
[InspectorProxyWorker] RUNTIME INCOMING MESSAGE { id: 100000019, result: { id: '364b3292174f69e4' } }
---

--- 2026-08-24T04:12:32.934Z debug
[InspectorProxyWorker] SEND TO RUNTIME {"method":"Runtime.getIsolateId","id":100000020}
---

--- 2026-08-24T04:12:32.935Z debug
[InspectorProxyWorker] RUNTIME INCOMING MESSAGE { id: 100000020, result: { id: '364b3292174f69e4' } }
---

--- 2026-08-24T04:12:42.936Z debug
[InspectorProxyWorker] SEND TO RUNTIME {"method":"Runtime.getIsolateId","id":100000021}
---

--- 2026-08-24T04:12:42.937Z debug
[InspectorProxyWorker] RUNTIME INCOMING MESSAGE { id: 100000021, result: { id: '364b3292174f69e4' } }
---

--- 2026-08-24T04:12:52.941Z debug
[InspectorProxyWorker] SEND TO RUNTIME {"method":"Runtime.getIsolateId","id":100000022}
---

--- 2026-08-24T04:12:52.942Z debug
[InspectorProxyWorker] RUNTIME INCOMING MESSAGE { id: 100000022, result: { id: '364b3292174f69e4' } }
---

--- 2026-08-24T04:13:02.953Z debug
[InspectorProxyWorker] SEND TO RUNTIME {"method":"Runtime.getIsolateId","id":100000023}
---

--- 2026-08-24T04:13:02.955Z debug
[InspectorProxyWorker] RUNTIME INCOMING MESSAGE { id: 100000023, result: { id: '364b3292174f69e4' } }
---

--- 2026-08-24T04:13:12.954Z debug
[InspectorProxyWorker] SEND TO RUNTIME {"method":"Runtime.getIsolateId","id":100000024}
---

--- 2026-08-24T04:13:12.956Z debug
[InspectorProxyWorker] RUNTIME INCOMING MESSAGE { id: 100000024, result: { id: '364b3292174f69e4' } }
---

--- 2026-08-24T04:13:22.960Z debug
[InspectorProxyWorker] SEND TO RUNTIME {"method":"Runtime.getIsolateId","id":100000025}
---

--- 2026-08-24T04:13:22.961Z debug
[InspectorProxyWorker] RUNTIME INCOMING MESSAGE { id: 100000025, result: { id: '364b3292174f69e4' } }
---

--- 2026-08-24T04:13:32.966Z debug
[InspectorProxyWorker] SEND TO RUNTIME {"method":"Runtime.getIsolateId","id":100000026}
---

--- 2026-08-24T04:13:32.967Z debug
[InspectorProxyWorker] RUNTIME INCOMING MESSAGE { id: 100000026, result: { id: '364b3292174f69e4' } }
---

--- 2026-08-24T04:13:42.971Z debug
[InspectorProxyWorker] SEND TO RUNTIME {"method":"Runtime.getIsolateId","id":100000027}
---

--- 2026-08-24T04:13:42.973Z debug
[InspectorProxyWorker] RUNTIME INCOMING MESSAGE { id: 100000027, result: { id: '364b3292174f69e4' } }
---

--- 2026-08-24T04:13:52.974Z debug
[InspectorProxyWorker] SEND TO RUNTIME {"method":"Runtime.getIsolateId","id":100000028}
---

--- 2026-08-24T04:13:52.975Z debug
[InspectorProxyWorker] RUNTIME INCOMING MESSAGE { id: 100000028, result: { id: '364b3292174f69e4' } }
---

--- 2026-08-24T04:14:02.980Z debug
[InspectorProxyWorker] SEND TO RUNTIME {"method":"Runtime.getIsolateId","id":100000029}
---

--- 2026-08-24T04:14:02.981Z debug
[InspectorProxyWorker] RUNTIME INCOMING MESSAGE { id: 100000029, result: { id: '364b3292174f69e4' } }
---

--- 2026-08-24T04:14:12.986Z debug
[InspectorProxyWorker] SEND TO RUNTIME {"method":"Runtime.getIsolateId","id":100000030}
---

--- 2026-08-24T04:14:12.987Z debug
[InspectorProxyWorker] RUNTIME INCOMING MESSAGE { id: 100000030, result: { id: '364b3292174f69e4' } }
---

--- 2026-08-24T04:14:22.992Z debug
[InspectorProxyWorker] SEND TO RUNTIME {"method":"Runtime.getIsolateId","id":100000031}
---

--- 2026-08-24T04:14:22.994Z debug
[InspectorProxyWorker] RUNTIME INCOMING MESSAGE { id: 100000031, result: { id: '364b3292174f69e4' } }
---

--- 2026-08-24T04:14:32.998Z debug
[InspectorProxyWorker] SEND TO RUNTIME {"method":"Runtime.getIsolateId","id":100000032}
---

--- 2026-08-24T04:14:32.999Z debug
[InspectorProxyWorker] RUNTIME INCOMING MESSAGE { id: 100000032, result: { id: '364b3292174f69e4' } }
---

--- 2026-08-24T04:14:43.004Z debug
[InspectorProxyWorker] SEND TO RUNTIME {"method":"Runtime.getIsolateId","id":100000033}
---

--- 2026-08-24T04:14:43.004Z debug
[InspectorProxyWorker] RUNTIME INCOMING MESSAGE { id: 100000033, result: { id: '364b3292174f69e4' } }
---

--- 2026-08-24T04:14:53.006Z debug
[InspectorProxyWorker] SEND TO RUNTIME {"method":"Runtime.getIsolateId","id":100000034}
---

--- 2026-08-24T04:14:53.007Z debug
[InspectorProxyWorker] RUNTIME INCOMING MESSAGE { id: 100000034, result: { id: '364b3292174f69e4' } }
---

--- 2026-08-24T04:15:03.012Z debug
[InspectorProxyWorker] SEND TO RUNTIME {"method":"Runtime.getIsolateId","id":100000035}
---

--- 2026-08-24T04:15:03.013Z debug
[InspectorProxyWorker] RUNTIME INCOMING MESSAGE { id: 100000035, result: { id: '364b3292174f69e4' } }
---

--- 2026-08-24T04:15:13.018Z debug
[InspectorProxyWorker] SEND TO RUNTIME {"method":"Runtime.getIsolateId","id":100000036}
---

--- 2026-08-24T04:15:13.019Z debug
[InspectorProxyWorker] RUNTIME INCOMING MESSAGE { id: 100000036, result: { id: '364b3292174f69e4' } }
---

--- 2026-08-24T04:15:23.024Z debug
[InspectorProxyWorker] SEND TO RUNTIME {"method":"Runtime.getIsolateId","id":100000037}
---

--- 2026-08-24T04:15:23.025Z debug
[InspectorProxyWorker] RUNTIME INCOMING MESSAGE { id: 100000037, result: { id: '364b3292174f69e4' } }
---

--- 2026-08-24T04:15:33.029Z debug
[InspectorProxyWorker] SEND TO RUNTIME {"method":"Runtime.getIsolateId","id":100000038}
---

--- 2026-08-24T04:15:33.030Z debug
[InspectorProxyWorker] RUNTIME INCOMING MESSAGE { id: 100000038, result: { id: '364b3292174f69e4' } }
---

--- 2026-08-24T04:15:43.034Z debug
[InspectorProxyWorker] SEND TO RUNTIME {"method":"Runtime.getIsolateId","id":100000039}
---

--- 2026-08-24T04:15:43.035Z debug
[InspectorProxyWorker] RUNTIME INCOMING MESSAGE { id: 100000039, result: { id: '364b3292174f69e4' } }
---

--- 2026-08-24T04:15:53.040Z debug
[InspectorProxyWorker] SEND TO RUNTIME {"method":"Runtime.getIsolateId","id":100000040}
---

--- 2026-08-24T04:15:53.040Z debug
[InspectorProxyWorker] RUNTIME INCOMING MESSAGE { id: 100000040, result: { id: '364b3292174f69e4' } }
---

--- 2026-08-24T04:16:03.044Z debug
[InspectorProxyWorker] SEND TO RUNTIME {"method":"Runtime.getIsolateId","id":100000041}
---

--- 2026-08-24T04:16:03.045Z debug
[InspectorProxyWorker] RUNTIME INCOMING MESSAGE { id: 100000041, result: { id: '364b3292174f69e4' } }
---

--- 2026-08-24T04:16:13.048Z debug
[InspectorProxyWorker] SEND TO RUNTIME {"method":"Runtime.getIsolateId","id":100000042}
---

--- 2026-08-24T04:16:13.049Z debug
[InspectorProxyWorker] RUNTIME INCOMING MESSAGE { id: 100000042, result: { id: '364b3292174f69e4' } }
---

--- 2026-08-24T04:16:23.054Z debug
[InspectorProxyWorker] SEND TO RUNTIME {"method":"Runtime.getIsolateId","id":100000043}
---

--- 2026-08-24T04:16:23.055Z debug
[InspectorProxyWorker] RUNTIME INCOMING MESSAGE { id: 100000043, result: { id: '364b3292174f69e4' } }
---

--- 2026-08-24T04:16:33.060Z debug
[InspectorProxyWorker] SEND TO RUNTIME {"method":"Runtime.getIsolateId","id":100000044}
---

--- 2026-08-24T04:16:33.061Z debug
[InspectorProxyWorker] RUNTIME INCOMING MESSAGE { id: 100000044, result: { id: '364b3292174f69e4' } }
---

--- 2026-08-24T04:16:43.066Z debug
[InspectorProxyWorker] SEND TO RUNTIME {"method":"Runtime.getIsolateId","id":100000045}
---

--- 2026-08-24T04:16:43.069Z debug
[InspectorProxyWorker] RUNTIME INCOMING MESSAGE { id: 100000045, result: { id: '364b3292174f69e4' } }
---

--- 2026-08-24T04:16:53.072Z debug
[InspectorProxyWorker] SEND TO RUNTIME {"method":"Runtime.getIsolateId","id":100000046}
---

--- 2026-08-24T04:16:53.073Z debug
[InspectorProxyWorker] RUNTIME INCOMING MESSAGE { id: 100000046, result: { id: '364b3292174f69e4' } }
---

--- 2026-08-24T04:17:03.078Z debug
[InspectorProxyWorker] SEND TO RUNTIME {"method":"Runtime.getIsolateId","id":100000047}
---

--- 2026-08-24T04:17:03.080Z debug
[InspectorProxyWorker] RUNTIME INCOMING MESSAGE { id: 100000047, result: { id: '364b3292174f69e4' } }
---

--- 2026-08-24T04:17:13.083Z debug
[InspectorProxyWorker] SEND TO RUNTIME {"method":"Runtime.getIsolateId","id":100000048}
---

--- 2026-08-24T04:17:13.084Z debug
[InspectorProxyWorker] RUNTIME INCOMING MESSAGE { id: 100000048, result: { id: '364b3292174f69e4' } }
---

--- 2026-08-24T04:17:23.089Z debug
[InspectorProxyWorker] SEND TO RUNTIME {"method":"Runtime.getIsolateId","id":100000049}
---

--- 2026-08-24T04:17:23.089Z debug
[InspectorProxyWorker] RUNTIME INCOMING MESSAGE { id: 100000049, result: { id: '364b3292174f69e4' } }
---

--- 2026-08-24T04:17:33.095Z debug
[InspectorProxyWorker] SEND TO RUNTIME {"method":"Runtime.getIsolateId","id":100000050}
---

--- 2026-08-24T04:17:33.095Z debug
[InspectorProxyWorker] RUNTIME INCOMING MESSAGE { id: 100000050, result: { id: '364b3292174f69e4' } }
---

--- 2026-08-24T04:17:43.105Z debug
[InspectorProxyWorker] SEND TO RUNTIME {"method":"Runtime.getIsolateId","id":100000051}
---

--- 2026-08-24T04:17:43.106Z debug
[InspectorProxyWorker] RUNTIME INCOMING MESSAGE { id: 100000051, result: { id: '364b3292174f69e4' } }
---

--- 2026-08-24T04:17:53.108Z debug
[InspectorProxyWorker] SEND TO RUNTIME {"method":"Runtime.getIsolateId","id":100000052}
---

--- 2026-08-24T04:17:53.108Z debug
[InspectorProxyWorker] RUNTIME INCOMING MESSAGE { id: 100000052, result: { id: '364b3292174f69e4' } }
---

--- 2026-08-24T04:18:03.113Z debug
[InspectorProxyWorker] SEND TO RUNTIME {"method":"Runtime.getIsolateId","id":100000053}
---

--- 2026-08-24T04:18:03.114Z debug
[InspectorProxyWorker] RUNTIME INCOMING MESSAGE { id: 100000053, result: { id: '364b3292174f69e4' } }
---

--- 2026-08-24T04:18:13.119Z debug
[InspectorProxyWorker] SEND TO RUNTIME {"method":"Runtime.getIsolateId","id":100000054}
---

--- 2026-08-24T04:18:13.120Z debug
[InspectorProxyWorker] RUNTIME INCOMING MESSAGE { id: 100000054, result: { id: '364b3292174f69e4' } }
---

--- 2026-08-24T04:18:23.124Z debug
[InspectorProxyWorker] SEND TO RUNTIME {"method":"Runtime.getIsolateId","id":100000055}
---

--- 2026-08-24T04:18:23.125Z debug
[InspectorProxyWorker] RUNTIME INCOMING MESSAGE { id: 100000055, result: { id: '364b3292174f69e4' } }
---

--- 2026-08-24T04:18:33.130Z debug
[InspectorProxyWorker] SEND TO RUNTIME {"method":"Runtime.getIsolateId","id":100000056}
---

--- 2026-08-24T04:18:33.131Z debug
[InspectorProxyWorker] RUNTIME INCOMING MESSAGE { id: 100000056, result: { id: '364b3292174f69e4' } }
---

--- 2026-08-24T04:18:43.136Z debug
[InspectorProxyWorker] SEND TO RUNTIME {"method":"Runtime.getIsolateId","id":100000057}
---

--- 2026-08-24T04:18:43.137Z debug
[InspectorProxyWorker] RUNTIME INCOMING MESSAGE { id: 100000057, result: { id: '364b3292174f69e4' } }
---

--- 2026-08-24T04:18:53.141Z debug
[InspectorProxyWorker] SEND TO RUNTIME {"method":"Runtime.getIsolateId","id":100000058}
---

--- 2026-08-24T04:18:53.142Z debug
[InspectorProxyWorker] RUNTIME INCOMING MESSAGE { id: 100000058, result: { id: '364b3292174f69e4' } }
---

--- 2026-08-24T04:19:03.147Z debug
[InspectorProxyWorker] SEND TO RUNTIME {"method":"Runtime.getIsolateId","id":100000059}
---

--- 2026-08-24T04:19:03.148Z debug
[InspectorProxyWorker] RUNTIME INCOMING MESSAGE { id: 100000059, result: { id: '364b3292174f69e4' } }
---

--- 2026-08-24T04:19:13.152Z debug
[InspectorProxyWorker] SEND TO RUNTIME {"method":"Runtime.getIsolateId","id":100000060}
---

--- 2026-08-24T04:19:13.152Z debug
[InspectorProxyWorker] RUNTIME INCOMING MESSAGE { id: 100000060, result: { id: '364b3292174f69e4' } }
---

--- 2026-08-24T04:19:23.166Z debug
[InspectorProxyWorker] SEND TO RUNTIME {"method":"Runtime.getIsolateId","id":100000061}
---

--- 2026-08-24T04:19:23.167Z debug
[InspectorProxyWorker] RUNTIME INCOMING MESSAGE { id: 100000061, result: { id: '364b3292174f69e4' } }
---

--- 2026-08-24T04:19:33.168Z debug
[InspectorProxyWorker] SEND TO RUNTIME {"method":"Runtime.getIsolateId","id":100000062}
---

--- 2026-08-24T04:19:33.169Z debug
[InspectorProxyWorker] RUNTIME INCOMING MESSAGE { id: 100000062, result: { id: '364b3292174f69e4' } }
---

--- 2026-08-24T04:19:43.172Z debug
[InspectorProxyWorker] SEND TO RUNTIME {"method":"Runtime.getIsolateId","id":100000063}
---

--- 2026-08-24T04:19:43.173Z debug
[InspectorProxyWorker] RUNTIME INCOMING MESSAGE { id: 100000063, result: { id: '364b3292174f69e4' } }
---

--- 2026-08-24T04:19:53.177Z debug
[InspectorProxyWorker] SEND TO RUNTIME {"method":"Runtime.getIsolateId","id":100000064}
---

--- 2026-08-24T04:19:53.178Z debug
[InspectorProxyWorker] RUNTIME INCOMING MESSAGE { id: 100000064, result: { id: '364b3292174f69e4' } }
---

--- 2026-08-24T04:20:03.181Z debug
[InspectorProxyWorker] SEND TO RUNTIME {"method":"Runtime.getIsolateId","id":100000065}
---

--- 2026-08-24T04:20:03.182Z debug
[InspectorProxyWorker] RUNTIME INCOMING MESSAGE { id: 100000065, result: { id: '364b3292174f69e4' } }
---

--- 2026-08-24T04:20:13.189Z debug
[InspectorProxyWorker] SEND TO RUNTIME {"method":"Runtime.getIsolateId","id":100000066}
---

--- 2026-08-24T04:20:13.191Z debug
[InspectorProxyWorker] RUNTIME INCOMING MESSAGE { id: 100000066, result: { id: '364b3292174f69e4' } }
---

--- 2026-08-24T04:20:23.193Z debug
[InspectorProxyWorker] SEND TO RUNTIME {"method":"Runtime.getIsolateId","id":100000067}
---

--- 2026-08-24T04:20:23.194Z debug
[InspectorProxyWorker] RUNTIME INCOMING MESSAGE { id: 100000067, result: { id: '364b3292174f69e4' } }
---

--- 2026-08-24T04:20:33.199Z debug
[InspectorProxyWorker] SEND TO RUNTIME {"method":"Runtime.getIsolateId","id":100000068}
---

--- 2026-08-24T04:20:33.200Z debug
[InspectorProxyWorker] RUNTIME INCOMING MESSAGE { id: 100000068, result: { id: '364b3292174f69e4' } }
---

--- 2026-08-24T04:20:43.204Z debug
[InspectorProxyWorker] SEND TO RUNTIME {"method":"Runtime.getIsolateId","id":100000069}
---

--- 2026-08-24T04:20:43.205Z debug
[InspectorProxyWorker] RUNTIME INCOMING MESSAGE { id: 100000069, result: { id: '364b3292174f69e4' } }
---

--- 2026-08-24T04:20:53.209Z debug
[InspectorProxyWorker] SEND TO RUNTIME {"method":"Runtime.getIsolateId","id":100000070}
---

--- 2026-08-24T04:20:53.210Z debug
[InspectorProxyWorker] RUNTIME INCOMING MESSAGE { id: 100000070, result: { id: '364b3292174f69e4' } }
---

--- 2026-08-24T04:21:03.214Z debug
[InspectorProxyWorker] SEND TO RUNTIME {"method":"Runtime.getIsolateId","id":100000071}
---

--- 2026-08-24T04:21:03.217Z debug
[InspectorProxyWorker] RUNTIME INCOMING MESSAGE { id: 100000071, result: { id: '364b3292174f69e4' } }
---

--- 2026-08-24T04:21:13.216Z debug
[InspectorProxyWorker] SEND TO RUNTIME {"method":"Runtime.getIsolateId","id":100000072}
---

--- 2026-08-24T04:21:13.217Z debug
[InspectorProxyWorker] RUNTIME INCOMING MESSAGE { id: 100000072, result: { id: '364b3292174f69e4' } }
---

--- 2026-08-24T04:21:23.222Z debug
[InspectorProxyWorker] SEND TO RUNTIME {"method":"Runtime.getIsolateId","id":100000073}
---

--- 2026-08-24T04:21:23.223Z debug
[InspectorProxyWorker] RUNTIME INCOMING MESSAGE { id: 100000073, result: { id: '364b3292174f69e4' } }
---

--- 2026-08-24T04:21:33.228Z debug
[InspectorProxyWorker] SEND TO RUNTIME {"method":"Runtime.getIsolateId","id":100000074}
---

--- 2026-08-24T04:21:33.229Z debug
[InspectorProxyWorker] RUNTIME INCOMING MESSAGE { id: 100000074, result: { id: '364b3292174f69e4' } }
---

--- 2026-08-24T04:21:43.234Z debug
[InspectorProxyWorker] SEND TO RUNTIME {"method":"Runtime.getIsolateId","id":100000075}
---

--- 2026-08-24T04:21:43.235Z debug
[InspectorProxyWorker] RUNTIME INCOMING MESSAGE { id: 100000075, result: { id: '364b3292174f69e4' } }
---

--- 2026-08-24T04:21:53.240Z debug
[InspectorProxyWorker] SEND TO RUNTIME {"method":"Runtime.getIsolateId","id":100000076}
---

--- 2026-08-24T04:21:53.241Z debug
[InspectorProxyWorker] RUNTIME INCOMING MESSAGE { id: 100000076, result: { id: '364b3292174f69e4' } }
---

--- 2026-08-24T04:22:03.243Z debug
[InspectorProxyWorker] SEND TO RUNTIME {"method":"Runtime.getIsolateId","id":100000077}
---

--- 2026-08-24T04:22:03.244Z debug
[InspectorProxyWorker] RUNTIME INCOMING MESSAGE { id: 100000077, result: { id: '364b3292174f69e4' } }
---

--- 2026-08-24T04:22:13.248Z debug
[InspectorProxyWorker] SEND TO RUNTIME {"method":"Runtime.getIsolateId","id":100000078}
---

--- 2026-08-24T04:22:13.249Z debug
[InspectorProxyWorker] RUNTIME INCOMING MESSAGE { id: 100000078, result: { id: '364b3292174f69e4' } }
---

--- 2026-08-24T04:22:23.253Z debug
[InspectorProxyWorker] SEND TO RUNTIME {"method":"Runtime.getIsolateId","id":100000079}
---

--- 2026-08-24T04:22:23.254Z debug
[InspectorProxyWorker] RUNTIME INCOMING MESSAGE { id: 100000079, result: { id: '364b3292174f69e4' } }
---

--- 2026-08-24T04:22:33.259Z debug
[InspectorProxyWorker] SEND TO RUNTIME {"method":"Runtime.getIsolateId","id":100000080}
---

--- 2026-08-24T04:22:33.260Z debug
[InspectorProxyWorker] RUNTIME INCOMING MESSAGE { id: 100000080, result: { id: '364b3292174f69e4' } }
---

--- 2026-08-24T04:22:43.264Z debug
[InspectorProxyWorker] SEND TO RUNTIME {"method":"Runtime.getIsolateId","id":100000081}
---

--- 2026-08-24T04:22:43.265Z debug
[InspectorProxyWorker] RUNTIME INCOMING MESSAGE { id: 100000081, result: { id: '364b3292174f69e4' } }
---

--- 2026-08-24T04:22:53.270Z debug
[InspectorProxyWorker] SEND TO RUNTIME {"method":"Runtime.getIsolateId","id":100000082}
---

--- 2026-08-24T04:22:53.271Z debug
[InspectorProxyWorker] RUNTIME INCOMING MESSAGE { id: 100000082, result: { id: '364b3292174f69e4' } }
---

--- 2026-08-24T04:23:03.276Z debug
[InspectorProxyWorker] SEND TO RUNTIME {"method":"Runtime.getIsolateId","id":100000083}
---

--- 2026-08-24T04:23:03.277Z debug
[InspectorProxyWorker] RUNTIME INCOMING MESSAGE { id: 100000083, result: { id: '364b3292174f69e4' } }
---

--- 2026-08-24T04:23:13.283Z debug
[InspectorProxyWorker] SEND TO RUNTIME {"method":"Runtime.getIsolateId","id":100000084}
---

--- 2026-08-24T04:23:13.284Z debug
[InspectorProxyWorker] RUNTIME INCOMING MESSAGE { id: 100000084, result: { id: '364b3292174f69e4' } }
---

--- 2026-08-24T04:23:23.287Z debug
[InspectorProxyWorker] SEND TO RUNTIME {"method":"Runtime.getIsolateId","id":100000085}
---

--- 2026-08-24T04:23:23.287Z debug
[InspectorProxyWorker] RUNTIME INCOMING MESSAGE { id: 100000085, result: { id: '364b3292174f69e4' } }
---

--- 2026-08-24T04:23:33.288Z debug
[InspectorProxyWorker] SEND TO RUNTIME {"method":"Runtime.getIsolateId","id":100000086}
---

--- 2026-08-24T04:23:33.289Z debug
[InspectorProxyWorker] RUNTIME INCOMING MESSAGE { id: 100000086, result: { id: '364b3292174f69e4' } }
---

--- 2026-08-24T04:23:43.294Z debug
[InspectorProxyWorker] SEND TO RUNTIME {"method":"Runtime.getIsolateId","id":100000087}
---

--- 2026-08-24T04:23:43.295Z debug
[InspectorProxyWorker] RUNTIME INCOMING MESSAGE { id: 100000087, result: { id: '364b3292174f69e4' } }
---

--- 2026-08-24T04:23:53.299Z debug
[InspectorProxyWorker] SEND TO RUNTIME {"method":"Runtime.getIsolateId","id":100000088}
---

--- 2026-08-24T04:23:53.300Z debug
[InspectorProxyWorker] RUNTIME INCOMING MESSAGE { id: 100000088, result: { id: '364b3292174f69e4' } }
---

--- 2026-08-24T04:24:03.305Z debug
[InspectorProxyWorker] SEND TO RUNTIME {"method":"Runtime.getIsolateId","id":100000089}
---

--- 2026-08-24T04:24:03.306Z debug
[InspectorProxyWorker] RUNTIME INCOMING MESSAGE { id: 100000089, result: { id: '364b3292174f69e4' } }
---

--- 2026-08-24T04:24:13.309Z debug
[InspectorProxyWorker] SEND TO RUNTIME {"method":"Runtime.getIsolateId","id":100000090}
---

--- 2026-08-24T04:24:13.310Z debug
[InspectorProxyWorker] RUNTIME INCOMING MESSAGE { id: 100000090, result: { id: '364b3292174f69e4' } }
---

--- 2026-08-24T04:24:23.313Z debug
[InspectorProxyWorker] SEND TO RUNTIME {"method":"Runtime.getIsolateId","id":100000091}
---

--- 2026-08-24T04:24:23.314Z debug
[InspectorProxyWorker] RUNTIME INCOMING MESSAGE { id: 100000091, result: { id: '364b3292174f69e4' } }
---

--- 2026-08-24T04:24:33.320Z debug
[InspectorProxyWorker] SEND TO RUNTIME {"method":"Runtime.getIsolateId","id":100000092}
---

--- 2026-08-24T04:24:33.321Z debug
[InspectorProxyWorker] RUNTIME INCOMING MESSAGE { id: 100000092, result: { id: '364b3292174f69e4' } }
---

--- 2026-08-24T04:24:43.324Z debug
[InspectorProxyWorker] SEND TO RUNTIME {"method":"Runtime.getIsolateId","id":100000093}
---

--- 2026-08-24T04:24:43.326Z debug
[InspectorProxyWorker] RUNTIME INCOMING MESSAGE { id: 100000093, result: { id: '364b3292174f69e4' } }
---

--- 2026-08-24T04:24:53.335Z debug
[InspectorProxyWorker] SEND TO RUNTIME {"method":"Runtime.getIsolateId","id":100000094}
---

--- 2026-08-24T04:24:53.336Z debug
[InspectorProxyWorker] RUNTIME INCOMING MESSAGE { id: 100000094, result: { id: '364b3292174f69e4' } }
---

--- 2026-08-24T04:25:03.334Z debug
[InspectorProxyWorker] SEND TO RUNTIME {"method":"Runtime.getIsolateId","id":100000095}
---

--- 2026-08-24T04:25:03.334Z debug
[InspectorProxyWorker] RUNTIME INCOMING MESSAGE { id: 100000095, result: { id: '364b3292174f69e4' } }
---

--- 2026-08-24T04:25:13.336Z debug
[InspectorProxyWorker] SEND TO RUNTIME {"method":"Runtime.getIsolateId","id":100000096}
---

--- 2026-08-24T04:25:13.337Z debug
[InspectorProxyWorker] RUNTIME INCOMING MESSAGE { id: 100000096, result: { id: '364b3292174f69e4' } }
---

--- 2026-08-24T04:25:23.340Z debug
[InspectorProxyWorker] SEND TO RUNTIME {"method":"Runtime.getIsolateId","id":100000097}
---

--- 2026-08-24T04:25:23.340Z debug
[InspectorProxyWorker] RUNTIME INCOMING MESSAGE { id: 100000097, result: { id: '364b3292174f69e4' } }
---

--- 2026-08-24T04:25:33.342Z debug
[InspectorProxyWorker] SEND TO RUNTIME {"method":"Runtime.getIsolateId","id":100000098}
---

--- 2026-08-24T04:25:33.345Z debug
[InspectorProxyWorker] RUNTIME INCOMING MESSAGE { id: 100000098, result: { id: '364b3292174f69e4' } }
---

--- 2026-08-24T04:25:43.346Z debug
[InspectorProxyWorker] SEND TO RUNTIME {"method":"Runtime.getIsolateId","id":100000099}
---

--- 2026-08-24T04:25:43.347Z debug
[InspectorProxyWorker] RUNTIME INCOMING MESSAGE { id: 100000099, result: { id: '364b3292174f69e4' } }
---

--- 2026-08-24T04:25:53.354Z debug
[InspectorProxyWorker] SEND TO RUNTIME {"method":"Runtime.getIsolateId","id":100000100}
---

--- 2026-08-24T04:25:53.355Z debug
[InspectorProxyWorker] RUNTIME INCOMING MESSAGE { id: 100000100, result: { id: '364b3292174f69e4' } }
---

--- 2026-08-24T04:26:03.357Z debug
[InspectorProxyWorker] SEND TO RUNTIME {"method":"Runtime.getIsolateId","id":100000101}
---

--- 2026-08-24T04:26:03.358Z debug
[InspectorProxyWorker] RUNTIME INCOMING MESSAGE { id: 100000101, result: { id: '364b3292174f69e4' } }
---

--- 2026-08-24T04:26:13.363Z debug
[InspectorProxyWorker] SEND TO RUNTIME {"method":"Runtime.getIsolateId","id":100000102}
---

--- 2026-08-24T04:26:13.365Z debug
[InspectorProxyWorker] RUNTIME INCOMING MESSAGE { id: 100000102, result: { id: '364b3292174f69e4' } }
---

--- 2026-08-24T04:26:23.367Z debug
[InspectorProxyWorker] SEND TO RUNTIME {"method":"Runtime.getIsolateId","id":100000103}
---

--- 2026-08-24T04:26:23.369Z debug
[InspectorProxyWorker] RUNTIME INCOMING MESSAGE { id: 100000103, result: { id: '364b3292174f69e4' } }
---

--- 2026-08-24T04:26:33.374Z debug
[InspectorProxyWorker] SEND TO RUNTIME {"method":"Runtime.getIsolateId","id":100000104}
---

--- 2026-08-24T04:26:33.374Z debug
[InspectorProxyWorker] RUNTIME INCOMING MESSAGE { id: 100000104, result: { id: '364b3292174f69e4' } }
---

--- 2026-08-24T04:26:43.379Z debug
[InspectorProxyWorker] SEND TO RUNTIME {"method":"Runtime.getIsolateId","id":100000105}
---

--- 2026-08-24T04:26:43.379Z debug
[InspectorProxyWorker] RUNTIME INCOMING MESSAGE { id: 100000105, result: { id: '364b3292174f69e4' } }
---

--- 2026-08-24T04:26:53.384Z debug
[InspectorProxyWorker] SEND TO RUNTIME {"method":"Runtime.getIsolateId","id":100000106}
---

--- 2026-08-24T04:26:53.385Z debug
[InspectorProxyWorker] RUNTIME INCOMING MESSAGE { id: 100000106, result: { id: '364b3292174f69e4' } }
---

--- 2026-08-24T04:27:03.389Z debug
[InspectorProxyWorker] SEND TO RUNTIME {"method":"Runtime.getIsolateId","id":100000107}
---

--- 2026-08-24T04:27:03.390Z debug
[InspectorProxyWorker] RUNTIME INCOMING MESSAGE { id: 100000107, result: { id: '364b3292174f69e4' } }
---

--- 2026-08-24T04:27:13.396Z debug
[InspectorProxyWorker] SEND TO RUNTIME {"method":"Runtime.getIsolateId","id":100000108}
---

--- 2026-08-24T04:27:13.396Z debug
[InspectorProxyWorker] RUNTIME INCOMING MESSAGE { id: 100000108, result: { id: '364b3292174f69e4' } }
---

--- 2026-08-24T04:27:23.397Z debug
[InspectorProxyWorker] SEND TO RUNTIME {"method":"Runtime.getIsolateId","id":100000109}
---

--- 2026-08-24T04:27:23.398Z debug
[InspectorProxyWorker] RUNTIME INCOMING MESSAGE { id: 100000109, result: { id: '364b3292174f69e4' } }
---

--- 2026-08-24T04:27:33.403Z debug
[InspectorProxyWorker] SEND TO RUNTIME {"method":"Runtime.getIsolateId","id":100000110}
---

--- 2026-08-24T04:27:33.404Z debug
[InspectorProxyWorker] RUNTIME INCOMING MESSAGE { id: 100000110, result: { id: '364b3292174f69e4' } }
---

--- 2026-08-24T04:27:43.409Z debug
[InspectorProxyWorker] SEND TO RUNTIME {"method":"Runtime.getIsolateId","id":100000111}
---

--- 2026-08-24T04:27:43.410Z debug
[InspectorProxyWorker] RUNTIME INCOMING MESSAGE { id: 100000111, result: { id: '364b3292174f69e4' } }
---

--- 2026-08-24T04:27:53.414Z debug
[InspectorProxyWorker] SEND TO RUNTIME {"method":"Runtime.getIsolateId","id":100000112}
---

--- 2026-08-24T04:27:53.415Z debug
[InspectorProxyWorker] RUNTIME INCOMING MESSAGE { id: 100000112, result: { id: '364b3292174f69e4' } }
---

--- 2026-08-24T04:28:03.420Z debug
[InspectorProxyWorker] SEND TO RUNTIME {"method":"Runtime.getIsolateId","id":100000113}
---

--- 2026-08-24T04:28:03.420Z debug
[InspectorProxyWorker] RUNTIME INCOMING MESSAGE { id: 100000113, result: { id: '364b3292174f69e4' } }
---

--- 2026-08-24T04:28:13.426Z debug
[InspectorProxyWorker] SEND TO RUNTIME {"method":"Runtime.getIsolateId","id":100000114}
---

--- 2026-08-24T04:28:13.427Z debug
[InspectorProxyWorker] RUNTIME INCOMING MESSAGE { id: 100000114, result: { id: '364b3292174f69e4' } }
---

--- 2026-08-24T04:28:23.432Z debug
[InspectorProxyWorker] SEND TO RUNTIME {"method":"Runtime.getIsolateId","id":100000115}
---

--- 2026-08-24T04:28:23.432Z debug
[InspectorProxyWorker] RUNTIME INCOMING MESSAGE { id: 100000115, result: { id: '364b3292174f69e4' } }
---

--- 2026-08-24T04:28:33.439Z debug
[InspectorProxyWorker] SEND TO RUNTIME {"method":"Runtime.getIsolateId","id":100000116}
---

--- 2026-08-24T04:28:33.441Z debug
[InspectorProxyWorker] RUNTIME INCOMING MESSAGE { id: 100000116, result: { id: '364b3292174f69e4' } }
---

--- 2026-08-24T04:28:43.440Z debug
[InspectorProxyWorker] SEND TO RUNTIME {"method":"Runtime.getIsolateId","id":100000117}
---

--- 2026-08-24T04:28:43.440Z debug
[InspectorProxyWorker] RUNTIME INCOMING MESSAGE { id: 100000117, result: { id: '364b3292174f69e4' } }
---

--- 2026-08-24T04:28:53.444Z debug
[InspectorProxyWorker] SEND TO RUNTIME {"method":"Runtime.getIsolateId","id":100000118}
---

--- 2026-08-24T04:28:53.444Z debug
[InspectorProxyWorker] RUNTIME INCOMING MESSAGE { id: 100000118, result: { id: '364b3292174f69e4' } }
---

--- 2026-08-24T04:29:03.449Z debug
[InspectorProxyWorker] SEND TO RUNTIME {"method":"Runtime.getIsolateId","id":100000119}
---

--- 2026-08-24T04:29:03.450Z debug
[InspectorProxyWorker] RUNTIME INCOMING MESSAGE { id: 100000119, result: { id: '364b3292174f69e4' } }
---

--- 2026-08-24T04:29:13.455Z debug
[InspectorProxyWorker] SEND TO RUNTIME {"method":"Runtime.getIsolateId","id":100000120}
---

--- 2026-08-24T04:29:13.456Z debug
[InspectorProxyWorker] RUNTIME INCOMING MESSAGE { id: 100000120, result: { id: '364b3292174f69e4' } }
---

--- 2026-08-24T04:29:23.469Z debug
[InspectorProxyWorker] SEND TO RUNTIME {"method":"Runtime.getIsolateId","id":100000121}
---

--- 2026-08-24T04:29:23.471Z debug
[InspectorProxyWorker] RUNTIME INCOMING MESSAGE { id: 100000121, result: { id: '364b3292174f69e4' } }
---

--- 2026-08-24T04:29:33.469Z debug
[InspectorProxyWorker] SEND TO RUNTIME {"method":"Runtime.getIsolateId","id":100000122}
---

--- 2026-08-24T04:29:33.469Z debug
[InspectorProxyWorker] RUNTIME INCOMING MESSAGE { id: 100000122, result: { id: '364b3292174f69e4' } }
---

--- 2026-08-24T04:29:43.475Z debug
[InspectorProxyWorker] SEND TO RUNTIME {"method":"Runtime.getIsolateId","id":100000123}
---

--- 2026-08-24T04:29:43.476Z debug
[InspectorProxyWorker] RUNTIME INCOMING MESSAGE { id: 100000123, result: { id: '364b3292174f69e4' } }
---

--- 2026-08-24T04:29:53.481Z debug
[InspectorProxyWorker] SEND TO RUNTIME {"method":"Runtime.getIsolateId","id":100000124}
---

--- 2026-08-24T04:29:53.481Z debug
[InspectorProxyWorker] RUNTIME INCOMING MESSAGE { id: 100000124, result: { id: '364b3292174f69e4' } }
---

--- 2026-08-24T04:30:03.487Z debug
[InspectorProxyWorker] SEND TO RUNTIME {"method":"Runtime.getIsolateId","id":100000125}
---

--- 2026-08-24T04:30:03.487Z debug
[InspectorProxyWorker] RUNTIME INCOMING MESSAGE { id: 100000125, result: { id: '364b3292174f69e4' } }
---

--- 2026-08-24T04:30:13.493Z debug
[InspectorProxyWorker] SEND TO RUNTIME {"method":"Runtime.getIsolateId","id":100000126}
---

--- 2026-08-24T04:30:13.494Z debug
[InspectorProxyWorker] RUNTIME INCOMING MESSAGE { id: 100000126, result: { id: '364b3292174f69e4' } }
---

--- 2026-08-24T04:30:23.493Z debug
[InspectorProxyWorker] SEND TO RUNTIME {"method":"Runtime.getIsolateId","id":100000127}
---

--- 2026-08-24T04:30:23.494Z debug
[InspectorProxyWorker] RUNTIME INCOMING MESSAGE { id: 100000127, result: { id: '364b3292174f69e4' } }
---

--- 2026-08-24T04:30:33.499Z debug
[InspectorProxyWorker] SEND TO RUNTIME {"method":"Runtime.getIsolateId","id":100000128}
---

--- 2026-08-24T04:30:33.500Z debug
[InspectorProxyWorker] RUNTIME INCOMING MESSAGE { id: 100000128, result: { id: '364b3292174f69e4' } }
---

--- 2026-08-24T04:30:43.505Z debug
[InspectorProxyWorker] SEND TO RUNTIME {"method":"Runtime.getIsolateId","id":100000129}
---

--- 2026-08-24T04:30:43.506Z debug
[InspectorProxyWorker] RUNTIME INCOMING MESSAGE { id: 100000129, result: { id: '364b3292174f69e4' } }
---

--- 2026-08-24T04:30:53.510Z debug
[InspectorProxyWorker] SEND TO RUNTIME {"method":"Runtime.getIsolateId","id":100000130}
---

--- 2026-08-24T04:30:53.511Z debug
[InspectorProxyWorker] RUNTIME INCOMING MESSAGE { id: 100000130, result: { id: '364b3292174f69e4' } }
---

--- 2026-08-24T04:31:03.516Z debug
[InspectorProxyWorker] SEND TO RUNTIME {"method":"Runtime.getIsolateId","id":100000131}
---

--- 2026-08-24T04:31:03.517Z debug
[InspectorProxyWorker] RUNTIME INCOMING MESSAGE { id: 100000131, result: { id: '364b3292174f69e4' } }
---

--- 2026-08-24T04:31:13.519Z debug
[InspectorProxyWorker] SEND TO RUNTIME {"method":"Runtime.getIsolateId","id":100000132}
---

--- 2026-08-24T04:31:13.520Z debug
[InspectorProxyWorker] RUNTIME INCOMING MESSAGE { id: 100000132, result: { id: '364b3292174f69e4' } }
---

--- 2026-08-24T04:31:23.524Z debug
[InspectorProxyWorker] SEND TO RUNTIME {"method":"Runtime.getIsolateId","id":100000133}
---

--- 2026-08-24T04:31:23.524Z debug
[InspectorProxyWorker] RUNTIME INCOMING MESSAGE { id: 100000133, result: { id: '364b3292174f69e4' } }
---

--- 2026-08-24T04:31:33.527Z debug
[InspectorProxyWorker] SEND TO RUNTIME {"method":"Runtime.getIsolateId","id":100000134}
---

--- 2026-08-24T04:31:33.528Z debug
[InspectorProxyWorker] RUNTIME INCOMING MESSAGE { id: 100000134, result: { id: '364b3292174f69e4' } }
---

--- 2026-08-24T04:31:43.533Z debug
[InspectorProxyWorker] SEND TO RUNTIME {"method":"Runtime.getIsolateId","id":100000135}
---

--- 2026-08-24T04:31:43.534Z debug
[InspectorProxyWorker] RUNTIME INCOMING MESSAGE { id: 100000135, result: { id: '364b3292174f69e4' } }
---

--- 2026-08-24T04:31:53.539Z debug
[InspectorProxyWorker] SEND TO RUNTIME {"method":"Runtime.getIsolateId","id":100000136}
---

--- 2026-08-24T04:31:53.541Z debug
[InspectorProxyWorker] RUNTIME INCOMING MESSAGE { id: 100000136, result: { id: '364b3292174f69e4' } }
---

--- 2026-08-24T04:32:03.542Z debug
[InspectorProxyWorker] SEND TO RUNTIME {"method":"Runtime.getIsolateId","id":100000137}
---

--- 2026-08-24T04:32:03.543Z debug
[InspectorProxyWorker] RUNTIME INCOMING MESSAGE { id: 100000137, result: { id: '364b3292174f69e4' } }
---

--- 2026-08-24T04:32:13.548Z debug
[InspectorProxyWorker] SEND TO RUNTIME {"method":"Runtime.getIsolateId","id":100000138}
---

--- 2026-08-24T04:32:13.548Z debug
[InspectorProxyWorker] RUNTIME INCOMING MESSAGE { id: 100000138, result: { id: '364b3292174f69e4' } }
---

--- 2026-08-24T04:32:23.553Z debug
[InspectorProxyWorker] SEND TO RUNTIME {"method":"Runtime.getIsolateId","id":100000139}
---

--- 2026-08-24T04:32:23.554Z debug
[InspectorProxyWorker] RUNTIME INCOMING MESSAGE { id: 100000139, result: { id: '364b3292174f69e4' } }
---

--- 2026-08-24T04:32:33.561Z debug
[InspectorProxyWorker] SEND TO RUNTIME {"method":"Runtime.getIsolateId","id":100000140}
---

--- 2026-08-24T04:32:33.562Z debug
[InspectorProxyWorker] RUNTIME INCOMING MESSAGE { id: 100000140, result: { id: '364b3292174f69e4' } }
---

--- 2026-08-24T04:32:43.563Z debug
[InspectorProxyWorker] SEND TO RUNTIME {"method":"Runtime.getIsolateId","id":100000141}
---

--- 2026-08-24T04:32:43.564Z debug
[InspectorProxyWorker] RUNTIME INCOMING MESSAGE { id: 100000141, result: { id: '364b3292174f69e4' } }
---

--- 2026-08-24T04:32:53.570Z debug
[InspectorProxyWorker] SEND TO RUNTIME {"method":"Runtime.getIsolateId","id":100000142}
---

--- 2026-08-24T04:32:53.571Z debug
[InspectorProxyWorker] RUNTIME INCOMING MESSAGE { id: 100000142, result: { id: '364b3292174f69e4' } }
---

--- 2026-08-24T04:33:03.575Z debug
[InspectorProxyWorker] SEND TO RUNTIME {"method":"Runtime.getIsolateId","id":100000143}
---

--- 2026-08-24T04:33:03.576Z debug
[InspectorProxyWorker] RUNTIME INCOMING MESSAGE { id: 100000143, result: { id: '364b3292174f69e4' } }
---

--- 2026-08-24T04:33:13.576Z debug
[InspectorProxyWorker] SEND TO RUNTIME {"method":"Runtime.getIsolateId","id":100000144}
---

--- 2026-08-24T04:33:13.577Z debug
[InspectorProxyWorker] RUNTIME INCOMING MESSAGE { id: 100000144, result: { id: '364b3292174f69e4' } }
---

--- 2026-08-24T04:33:23.580Z debug
[InspectorProxyWorker] SEND TO RUNTIME {"method":"Runtime.getIsolateId","id":100000145}
---

--- 2026-08-24T04:33:23.581Z debug
[InspectorProxyWorker] RUNTIME INCOMING MESSAGE { id: 100000145, result: { id: '364b3292174f69e4' } }
---

--- 2026-08-24T04:33:33.586Z debug
[InspectorProxyWorker] SEND TO RUNTIME {"method":"Runtime.getIsolateId","id":100000146}
---

--- 2026-08-24T04:33:33.587Z debug
[InspectorProxyWorker] RUNTIME INCOMING MESSAGE { id: 100000146, result: { id: '364b3292174f69e4' } }
---

--- 2026-08-24T04:33:43.592Z debug
[InspectorProxyWorker] SEND TO RUNTIME {"method":"Runtime.getIsolateId","id":100000147}
---

--- 2026-08-24T04:33:43.593Z debug
[InspectorProxyWorker] RUNTIME INCOMING MESSAGE { id: 100000147, result: { id: '364b3292174f69e4' } }
---

--- 2026-08-24T04:33:53.598Z debug
[InspectorProxyWorker] SEND TO RUNTIME {"method":"Runtime.getIsolateId","id":100000148}
---

--- 2026-08-24T04:33:53.599Z debug
[InspectorProxyWorker] RUNTIME INCOMING MESSAGE { id: 100000148, result: { id: '364b3292174f69e4' } }
---

--- 2026-08-24T04:34:03.604Z debug
[InspectorProxyWorker] SEND TO RUNTIME {"method":"Runtime.getIsolateId","id":100000149}
---

--- 2026-08-24T04:34:03.605Z debug
[InspectorProxyWorker] RUNTIME INCOMING MESSAGE { id: 100000149, result: { id: '364b3292174f69e4' } }
---

--- 2026-08-24T04:34:13.609Z debug
[InspectorProxyWorker] SEND TO RUNTIME {"method":"Runtime.getIsolateId","id":100000150}
---

--- 2026-08-24T04:34:13.611Z debug
[InspectorProxyWorker] RUNTIME INCOMING MESSAGE { id: 100000150, result: { id: '364b3292174f69e4' } }
---

--- 2026-08-24T04:34:23.611Z debug
[InspectorProxyWorker] SEND TO RUNTIME {"method":"Runtime.getIsolateId","id":100000151}
---

--- 2026-08-24T04:34:23.611Z debug
[InspectorProxyWorker] RUNTIME INCOMING MESSAGE { id: 100000151, result: { id: '364b3292174f69e4' } }
---

--- 2026-08-24T04:34:33.616Z debug
[InspectorProxyWorker] SEND TO RUNTIME {"method":"Runtime.getIsolateId","id":100000152}
---

--- 2026-08-24T04:34:33.617Z debug
[InspectorProxyWorker] RUNTIME INCOMING MESSAGE { id: 100000152, result: { id: '364b3292174f69e4' } }
---

--- 2026-08-24T04:34:43.623Z debug
[InspectorProxyWorker] SEND TO RUNTIME {"method":"Runtime.getIsolateId","id":100000153}
---

--- 2026-08-24T04:34:43.624Z debug
[InspectorProxyWorker] RUNTIME INCOMING MESSAGE { id: 100000153, result: { id: '364b3292174f69e4' } }
---

--- 2026-08-24T04:34:53.627Z debug
[InspectorProxyWorker] SEND TO RUNTIME {"method":"Runtime.getIsolateId","id":100000154}
---

--- 2026-08-24T04:34:53.628Z debug
[InspectorProxyWorker] RUNTIME INCOMING MESSAGE { id: 100000154, result: { id: '364b3292174f69e4' } }
---

--- 2026-08-24T04:35:03.633Z debug
[InspectorProxyWorker] SEND TO RUNTIME {"method":"Runtime.getIsolateId","id":100000155}
---

--- 2026-08-24T04:35:03.634Z debug
[InspectorProxyWorker] RUNTIME INCOMING MESSAGE { id: 100000155, result: { id: '364b3292174f69e4' } }
---

--- 2026-08-24T04:35:13.639Z debug
[InspectorProxyWorker] SEND TO RUNTIME {"method":"Runtime.getIsolateId","id":100000156}
---

--- 2026-08-24T04:35:13.640Z debug
[InspectorProxyWorker] RUNTIME INCOMING MESSAGE { id: 100000156, result: { id: '364b3292174f69e4' } }
---

--- 2026-08-24T04:35:23.645Z debug
[InspectorProxyWorker] SEND TO RUNTIME {"method":"Runtime.getIsolateId","id":100000157}
---

--- 2026-08-24T04:35:23.646Z debug
[InspectorProxyWorker] RUNTIME INCOMING MESSAGE { id: 100000157, result: { id: '364b3292174f69e4' } }
---

--- 2026-08-24T04:35:33.651Z debug
[InspectorProxyWorker] SEND TO RUNTIME {"method":"Runtime.getIsolateId","id":100000158}
---

--- 2026-08-24T04:35:33.652Z debug
[InspectorProxyWorker] RUNTIME INCOMING MESSAGE { id: 100000158, result: { id: '364b3292174f69e4' } }
---

--- 2026-08-24T04:35:43.656Z debug
[InspectorProxyWorker] SEND TO RUNTIME {"method":"Runtime.getIsolateId","id":100000159}
---

--- 2026-08-24T04:35:43.658Z debug
[InspectorProxyWorker] RUNTIME INCOMING MESSAGE { id: 100000159, result: { id: '364b3292174f69e4' } }
---

--- 2026-08-24T04:35:53.664Z debug
[InspectorProxyWorker] SEND TO RUNTIME {"method":"Runtime.getIsolateId","id":100000160}
---

--- 2026-08-24T04:35:53.665Z debug
[InspectorProxyWorker] RUNTIME INCOMING MESSAGE { id: 100000160, result: { id: '364b3292174f69e4' } }
---

--- 2026-08-24T04:36:03.668Z debug
[InspectorProxyWorker] SEND TO RUNTIME {"method":"Runtime.getIsolateId","id":100000161}
---

--- 2026-08-24T04:36:03.670Z debug
[InspectorProxyWorker] RUNTIME INCOMING MESSAGE { id: 100000161, result: { id: '364b3292174f69e4' } }
---

--- 2026-08-24T04:36:13.673Z debug
[InspectorProxyWorker] SEND TO RUNTIME {"method":"Runtime.getIsolateId","id":100000162}
---

--- 2026-08-24T04:36:13.673Z debug
[InspectorProxyWorker] RUNTIME INCOMING MESSAGE { id: 100000162, result: { id: '364b3292174f69e4' } }
---

--- 2026-08-24T04:36:23.677Z debug
[InspectorProxyWorker] SEND TO RUNTIME {"method":"Runtime.getIsolateId","id":100000163}
---

--- 2026-08-24T04:36:23.678Z debug
[InspectorProxyWorker] RUNTIME INCOMING MESSAGE { id: 100000163, result: { id: '364b3292174f69e4' } }
---

--- 2026-08-24T04:36:33.682Z debug
[InspectorProxyWorker] SEND TO RUNTIME {"method":"Runtime.getIsolateId","id":100000164}
---

--- 2026-08-24T04:36:33.683Z debug
[InspectorProxyWorker] RUNTIME INCOMING MESSAGE { id: 100000164, result: { id: '364b3292174f69e4' } }
---

--- 2026-08-24T04:36:43.688Z debug
[InspectorProxyWorker] SEND TO RUNTIME {"method":"Runtime.getIsolateId","id":100000165}
---

--- 2026-08-24T04:36:43.689Z debug
[InspectorProxyWorker] RUNTIME INCOMING MESSAGE { id: 100000165, result: { id: '364b3292174f69e4' } }
---

--- 2026-08-24T04:36:53.693Z debug
[InspectorProxyWorker] SEND TO RUNTIME {"method":"Runtime.getIsolateId","id":100000166}
---

--- 2026-08-24T04:36:53.694Z debug
[InspectorProxyWorker] RUNTIME INCOMING MESSAGE { id: 100000166, result: { id: '364b3292174f69e4' } }
---

--- 2026-08-24T04:37:03.699Z debug
[InspectorProxyWorker] SEND TO RUNTIME {"method":"Runtime.getIsolateId","id":100000167}
---

--- 2026-08-24T04:37:03.699Z debug
[InspectorProxyWorker] RUNTIME INCOMING MESSAGE { id: 100000167, result: { id: '364b3292174f69e4' } }
---

--- 2026-08-24T04:37:13.705Z debug
[InspectorProxyWorker] SEND TO RUNTIME {"method":"Runtime.getIsolateId","id":100000168}
---

--- 2026-08-24T04:37:13.705Z debug
[InspectorProxyWorker] RUNTIME INCOMING MESSAGE { id: 100000168, result: { id: '364b3292174f69e4' } }
---

--- 2026-08-24T04:37:23.710Z debug
[InspectorProxyWorker] SEND TO RUNTIME {"method":"Runtime.getIsolateId","id":100000169}
---

--- 2026-08-24T04:37:23.711Z debug
[InspectorProxyWorker] RUNTIME INCOMING MESSAGE { id: 100000169, result: { id: '364b3292174f69e4' } }
---

--- 2026-08-24T04:37:33.715Z debug
[InspectorProxyWorker] SEND TO RUNTIME {"method":"Runtime.getIsolateId","id":100000170}
---

--- 2026-08-24T04:37:33.716Z debug
[InspectorProxyWorker] RUNTIME INCOMING MESSAGE { id: 100000170, result: { id: '364b3292174f69e4' } }
---

--- 2026-08-24T04:37:43.721Z debug
[InspectorProxyWorker] SEND TO RUNTIME {"method":"Runtime.getIsolateId","id":100000171}
---

--- 2026-08-24T04:37:43.722Z debug
[InspectorProxyWorker] RUNTIME INCOMING MESSAGE { id: 100000171, result: { id: '364b3292174f69e4' } }
---

--- 2026-08-24T04:37:53.730Z debug
[InspectorProxyWorker] SEND TO RUNTIME {"method":"Runtime.getIsolateId","id":100000172}
---

--- 2026-08-24T04:37:53.731Z debug
[InspectorProxyWorker] RUNTIME INCOMING MESSAGE { id: 100000172, result: { id: '364b3292174f69e4' } }
---

--- 2026-08-24T04:38:03.732Z debug
[InspectorProxyWorker] SEND TO RUNTIME {"method":"Runtime.getIsolateId","id":100000173}
---

--- 2026-08-24T04:38:03.733Z debug
[InspectorProxyWorker] RUNTIME INCOMING MESSAGE { id: 100000173, result: { id: '364b3292174f69e4' } }
---

--- 2026-08-24T04:38:13.738Z debug
[InspectorProxyWorker] SEND TO RUNTIME {"method":"Runtime.getIsolateId","id":100000174}
---

--- 2026-08-24T04:38:13.739Z debug
[InspectorProxyWorker] RUNTIME INCOMING MESSAGE { id: 100000174, result: { id: '364b3292174f69e4' } }
---

--- 2026-08-24T04:38:23.744Z debug
[InspectorProxyWorker] SEND TO RUNTIME {"method":"Runtime.getIsolateId","id":100000175}
---

--- 2026-08-24T04:38:23.744Z debug
[InspectorProxyWorker] RUNTIME INCOMING MESSAGE { id: 100000175, result: { id: '364b3292174f69e4' } }
---
