
--- 2026-08-31T15:16:29.398Z debug
🪵  Writing logs to "/home/runner/workspace/.config/.wrangler/logs/wrangler-2026-08-31_15-16-29_081.log"
---

--- 2026-08-31T15:16:29.398Z debug
.env file not found at "/home/runner/workspace/artifacts/cf-worker/.env". Continuing... For more details, refer to https://developers.cloudflare.com/workers/wrangler/system-environment-variables/
---

--- 2026-08-31T15:16:29.399Z debug
.env file not found at "/home/runner/workspace/artifacts/cf-worker/.env.local". Continuing... For more details, refer to https://developers.cloudflare.com/workers/wrangler/system-environment-variables/
---

--- 2026-08-31T15:16:29.414Z log

 ⛅️ wrangler 4.112.0 (update available 4.127.1)
───────────────────────────────────────────────
---

--- 2026-08-31T15:16:29.430Z debug
setting config
---

--- 2026-08-31T15:16:29.430Z debug
Updating config... undefined undefined
---

--- 2026-08-31T15:16:29.435Z debug
Metrics dispatcher: Posting data {"deviceId":"f454b4ec-ba13-47a6-be81-578bf5a99898","event":"wrangler command started","timestamp":1788189389435,"properties":{"amplitude_session_id":1788189389416,"amplitude_event_id":0,"wranglerVersion":"4.112.0","wranglerMajorVersion":4,"wranglerMinorVersion":112,"wranglerPatchVersion":0,"osPlatform":"Linux","osVersion":"#Replit-Linux SMP Fri Aug 28 06:22:54 UTC 2026","nodeVersion":24,"packageManager":"pnpm","isFirstUsage":false,"configFileType":"none","isCI":false,"isPagesCI":false,"isWorkersCI":false,"isInteractive":true,"hasAssets":false,"agent":"replit","argsUsed":["port"],"argsCombination":"port","sanitizedCommand":"dev","sanitizedArgs":{},"currentAgentSkillsInstalled":false}}
---

--- 2026-08-31T15:16:29.507Z log
Using secrets defined in .dev.vars
---

--- 2026-08-31T15:16:29.509Z log
Your Worker has access to the following bindings:
---

--- 2026-08-31T15:16:29.509Z log
Binding                            Resource                  Mode
---

--- 2026-08-31T15:16:29.510Z log
env.DATABASE_URL ("(hidden)")      Environment Variable      local
---

--- 2026-08-31T15:16:29.510Z log

---

--- 2026-08-31T15:16:30.019Z debug
RemoteRuntimeController teardown beginning...
---

--- 2026-08-31T15:16:30.020Z debug
RemoteRuntimeController teardown complete
---

--- 2026-08-31T15:16:30.170Z log
⎔ Starting local server...
---

--- 2026-08-31T15:16:30.216Z debug
[InspectorProxyWorker] handleProxyControllerIncomingMessage {"type":"reloadStart"}
---

--- 2026-08-31T15:16:30.493Z debug
[InspectorProxyWorker] handleProxyControllerIncomingMessage {"type":"reloadComplete","proxyData":{"userWorkerUrl":{"protocol":"http:","hostname":"127.0.0.1","port":"32849"},"userWorkerInspectorUrl":{"protocol":"ws:","hostname":"127.0.0.1","port":"33303","pathname":"/core:user:streamguard"},"userWorkerInnerUrlOverrides":{"protocol":"http:"},"headers":{"MF-Proxy-Shared-Secret":"16338d99-9929-481d-a485-adf61463f126"},"liveReload":false,"proxyLogsToController":false}}
---

--- 2026-08-31T15:16:30.494Z debug
[InspectorProxyWorker] reconnectRuntimeWebSocket
---

--- 2026-08-31T15:16:30.496Z debug
[InspectorProxyWorker] NEW RUNTIME WEBSOCKET http://127.0.0.1:33303/core:user:streamguard
---

--- 2026-08-31T15:16:30.497Z debug
[InspectorProxyWorker] SEND TO DEVTOOLS {"method":"Runtime.executionContextsCleared"}
---

--- 2026-08-31T15:16:30.499Z debug
[InspectorProxyWorker] RUNTIME WEBSOCKET OPENED
---

--- 2026-08-31T15:16:30.501Z debug
[InspectorProxyWorker] RUNTIME INCOMING MESSAGE {
  method: 'Runtime.executionContextCreated',
  params: {
    context: {
      id: 21747937,
      origin: '',
      name: 'Worker',
      uniqueId: '4379792225216442819.-1713675973387481229'
    }
  }
}
---

--- 2026-08-31T15:16:30.505Z debug
[InspectorProxyWorker] SEND TO RUNTIME {"method":"Runtime.enable","id":100000001}
---

--- 2026-08-31T15:16:30.506Z debug
[InspectorProxyWorker] RUNTIME INCOMING MESSAGE { id: 100000001, result: {} }
---

--- 2026-08-31T15:16:40.524Z debug
[InspectorProxyWorker] SEND TO RUNTIME {"method":"Runtime.getIsolateId","id":100000002}
---

--- 2026-08-31T15:16:40.531Z debug
[InspectorProxyWorker] RUNTIME INCOMING MESSAGE { id: 100000002, result: { id: 'eab62d824969b083' } }
---

--- 2026-08-31T15:16:50.517Z debug
[InspectorProxyWorker] SEND TO RUNTIME {"method":"Runtime.getIsolateId","id":100000003}
---

--- 2026-08-31T15:16:50.519Z debug
[InspectorProxyWorker] RUNTIME INCOMING MESSAGE { id: 100000003, result: { id: 'eab62d824969b083' } }
---

--- 2026-08-31T15:17:00.518Z debug
[InspectorProxyWorker] SEND TO RUNTIME {"method":"Runtime.getIsolateId","id":100000004}
---

--- 2026-08-31T15:17:00.519Z debug
[InspectorProxyWorker] RUNTIME INCOMING MESSAGE { id: 100000004, result: { id: 'eab62d824969b083' } }
---

--- 2026-08-31T15:17:10.524Z debug
[InspectorProxyWorker] SEND TO RUNTIME {"method":"Runtime.getIsolateId","id":100000005}
---

--- 2026-08-31T15:17:10.526Z debug
[InspectorProxyWorker] RUNTIME INCOMING MESSAGE { id: 100000005, result: { id: 'eab62d824969b083' } }
---

--- 2026-08-31T15:17:20.539Z debug
[InspectorProxyWorker] SEND TO RUNTIME {"method":"Runtime.getIsolateId","id":100000006}
---

--- 2026-08-31T15:17:20.540Z debug
[InspectorProxyWorker] RUNTIME INCOMING MESSAGE { id: 100000006, result: { id: 'eab62d824969b083' } }
---

--- 2026-08-31T15:17:30.533Z debug
[InspectorProxyWorker] SEND TO RUNTIME {"method":"Runtime.getIsolateId","id":100000007}
---

--- 2026-08-31T15:17:30.533Z debug
[InspectorProxyWorker] RUNTIME INCOMING MESSAGE { id: 100000007, result: { id: 'eab62d824969b083' } }
---

--- 2026-08-31T15:17:40.538Z debug
[InspectorProxyWorker] SEND TO RUNTIME {"method":"Runtime.getIsolateId","id":100000008}
---

--- 2026-08-31T15:17:40.539Z debug
[InspectorProxyWorker] RUNTIME INCOMING MESSAGE { id: 100000008, result: { id: 'eab62d824969b083' } }
---

--- 2026-08-31T15:17:50.579Z debug
[InspectorProxyWorker] SEND TO RUNTIME {"method":"Runtime.getIsolateId","id":100000009}
---

--- 2026-08-31T15:17:50.584Z debug
[InspectorProxyWorker] RUNTIME INCOMING MESSAGE { id: 100000009, result: { id: 'eab62d824969b083' } }
---

--- 2026-08-31T15:18:00.562Z debug
[InspectorProxyWorker] SEND TO RUNTIME {"method":"Runtime.getIsolateId","id":100000010}
---

--- 2026-08-31T15:18:00.564Z debug
[InspectorProxyWorker] RUNTIME INCOMING MESSAGE { id: 100000010, result: { id: 'eab62d824969b083' } }
---

--- 2026-08-31T15:18:10.558Z debug
[InspectorProxyWorker] SEND TO RUNTIME {"method":"Runtime.getIsolateId","id":100000011}
---

--- 2026-08-31T15:18:10.560Z debug
[InspectorProxyWorker] RUNTIME INCOMING MESSAGE { id: 100000011, result: { id: 'eab62d824969b083' } }
---

--- 2026-08-31T15:18:20.565Z debug
[InspectorProxyWorker] SEND TO RUNTIME {"method":"Runtime.getIsolateId","id":100000012}
---

--- 2026-08-31T15:18:20.566Z debug
[InspectorProxyWorker] RUNTIME INCOMING MESSAGE { id: 100000012, result: { id: 'eab62d824969b083' } }
---

--- 2026-08-31T15:18:30.572Z debug
[InspectorProxyWorker] SEND TO RUNTIME {"method":"Runtime.getIsolateId","id":100000013}
---

--- 2026-08-31T15:18:30.575Z debug
[InspectorProxyWorker] RUNTIME INCOMING MESSAGE { id: 100000013, result: { id: 'eab62d824969b083' } }
---

--- 2026-08-31T15:18:40.571Z debug
[InspectorProxyWorker] SEND TO RUNTIME {"method":"Runtime.getIsolateId","id":100000014}
---

--- 2026-08-31T15:18:40.572Z debug
[InspectorProxyWorker] RUNTIME INCOMING MESSAGE { id: 100000014, result: { id: 'eab62d824969b083' } }
---

--- 2026-08-31T15:18:50.576Z debug
[InspectorProxyWorker] SEND TO RUNTIME {"method":"Runtime.getIsolateId","id":100000015}
---

--- 2026-08-31T15:18:50.578Z debug
[InspectorProxyWorker] RUNTIME INCOMING MESSAGE { id: 100000015, result: { id: 'eab62d824969b083' } }
---

--- 2026-08-31T15:19:00.586Z debug
[InspectorProxyWorker] SEND TO RUNTIME {"method":"Runtime.getIsolateId","id":100000016}
---

--- 2026-08-31T15:19:00.588Z debug
[InspectorProxyWorker] RUNTIME INCOMING MESSAGE { id: 100000016, result: { id: 'eab62d824969b083' } }
---

--- 2026-08-31T15:19:10.589Z debug
[InspectorProxyWorker] SEND TO RUNTIME {"method":"Runtime.getIsolateId","id":100000017}
---

--- 2026-08-31T15:19:10.590Z debug
[InspectorProxyWorker] RUNTIME INCOMING MESSAGE { id: 100000017, result: { id: 'eab62d824969b083' } }
---

--- 2026-08-31T15:19:20.593Z debug
[InspectorProxyWorker] SEND TO RUNTIME {"method":"Runtime.getIsolateId","id":100000018}
---

--- 2026-08-31T15:19:20.594Z debug
[InspectorProxyWorker] RUNTIME INCOMING MESSAGE { id: 100000018, result: { id: 'eab62d824969b083' } }
---

--- 2026-08-31T15:19:30.599Z debug
[InspectorProxyWorker] SEND TO RUNTIME {"method":"Runtime.getIsolateId","id":100000019}
---

--- 2026-08-31T15:19:30.600Z debug
[InspectorProxyWorker] RUNTIME INCOMING MESSAGE { id: 100000019, result: { id: 'eab62d824969b083' } }
---

--- 2026-08-31T15:19:40.604Z debug
[InspectorProxyWorker] SEND TO RUNTIME {"method":"Runtime.getIsolateId","id":100000020}
---

--- 2026-08-31T15:19:40.607Z debug
[InspectorProxyWorker] RUNTIME INCOMING MESSAGE { id: 100000020, result: { id: 'eab62d824969b083' } }
---

--- 2026-08-31T15:19:50.611Z debug
[InspectorProxyWorker] SEND TO RUNTIME {"method":"Runtime.getIsolateId","id":100000021}
---

--- 2026-08-31T15:19:50.612Z debug
[InspectorProxyWorker] RUNTIME INCOMING MESSAGE { id: 100000021, result: { id: 'eab62d824969b083' } }
---

--- 2026-08-31T15:20:00.616Z debug
[InspectorProxyWorker] SEND TO RUNTIME {"method":"Runtime.getIsolateId","id":100000022}
---

--- 2026-08-31T15:20:00.617Z debug
[InspectorProxyWorker] RUNTIME INCOMING MESSAGE { id: 100000022, result: { id: 'eab62d824969b083' } }
---

--- 2026-08-31T15:20:10.622Z debug
[InspectorProxyWorker] SEND TO RUNTIME {"method":"Runtime.getIsolateId","id":100000023}
---

--- 2026-08-31T15:20:10.623Z debug
[InspectorProxyWorker] RUNTIME INCOMING MESSAGE { id: 100000023, result: { id: 'eab62d824969b083' } }
---

--- 2026-08-31T15:20:20.623Z debug
[InspectorProxyWorker] SEND TO RUNTIME {"method":"Runtime.getIsolateId","id":100000024}
---

--- 2026-08-31T15:20:20.624Z debug
[InspectorProxyWorker] RUNTIME INCOMING MESSAGE { id: 100000024, result: { id: 'eab62d824969b083' } }
---

--- 2026-08-31T15:20:30.628Z debug
[InspectorProxyWorker] SEND TO RUNTIME {"method":"Runtime.getIsolateId","id":100000025}
---

--- 2026-08-31T15:20:30.629Z debug
[InspectorProxyWorker] RUNTIME INCOMING MESSAGE { id: 100000025, result: { id: 'eab62d824969b083' } }
---

--- 2026-08-31T15:20:40.634Z debug
[InspectorProxyWorker] SEND TO RUNTIME {"method":"Runtime.getIsolateId","id":100000026}
---

--- 2026-08-31T15:20:40.635Z debug
[InspectorProxyWorker] RUNTIME INCOMING MESSAGE { id: 100000026, result: { id: 'eab62d824969b083' } }
---

--- 2026-08-31T15:20:50.639Z debug
[InspectorProxyWorker] SEND TO RUNTIME {"method":"Runtime.getIsolateId","id":100000027}
---

--- 2026-08-31T15:20:50.640Z debug
[InspectorProxyWorker] RUNTIME INCOMING MESSAGE { id: 100000027, result: { id: 'eab62d824969b083' } }
---

--- 2026-08-31T15:21:00.645Z debug
[InspectorProxyWorker] SEND TO RUNTIME {"method":"Runtime.getIsolateId","id":100000028}
---

--- 2026-08-31T15:21:00.646Z debug
[InspectorProxyWorker] RUNTIME INCOMING MESSAGE { id: 100000028, result: { id: 'eab62d824969b083' } }
---

--- 2026-08-31T15:21:10.651Z debug
[InspectorProxyWorker] SEND TO RUNTIME {"method":"Runtime.getIsolateId","id":100000029}
---

--- 2026-08-31T15:21:10.652Z debug
[InspectorProxyWorker] RUNTIME INCOMING MESSAGE { id: 100000029, result: { id: 'eab62d824969b083' } }
---

--- 2026-08-31T15:21:20.658Z debug
[InspectorProxyWorker] SEND TO RUNTIME {"method":"Runtime.getIsolateId","id":100000030}
---

--- 2026-08-31T15:21:20.658Z debug
[InspectorProxyWorker] RUNTIME INCOMING MESSAGE { id: 100000030, result: { id: 'eab62d824969b083' } }
---

--- 2026-08-31T15:21:30.663Z debug
[InspectorProxyWorker] SEND TO RUNTIME {"method":"Runtime.getIsolateId","id":100000031}
---

--- 2026-08-31T15:21:30.664Z debug
[InspectorProxyWorker] RUNTIME INCOMING MESSAGE { id: 100000031, result: { id: 'eab62d824969b083' } }
---

--- 2026-08-31T15:21:40.668Z debug
[InspectorProxyWorker] SEND TO RUNTIME {"method":"Runtime.getIsolateId","id":100000032}
---

--- 2026-08-31T15:21:40.669Z debug
[InspectorProxyWorker] RUNTIME INCOMING MESSAGE { id: 100000032, result: { id: 'eab62d824969b083' } }
---

--- 2026-08-31T15:21:50.674Z debug
[InspectorProxyWorker] SEND TO RUNTIME {"method":"Runtime.getIsolateId","id":100000033}
---

--- 2026-08-31T15:21:50.675Z debug
[InspectorProxyWorker] RUNTIME INCOMING MESSAGE { id: 100000033, result: { id: 'eab62d824969b083' } }
---

--- 2026-08-31T15:22:00.680Z debug
[InspectorProxyWorker] SEND TO RUNTIME {"method":"Runtime.getIsolateId","id":100000034}
---

--- 2026-08-31T15:22:00.681Z debug
[InspectorProxyWorker] RUNTIME INCOMING MESSAGE { id: 100000034, result: { id: 'eab62d824969b083' } }
---

--- 2026-08-31T15:22:10.686Z debug
[InspectorProxyWorker] SEND TO RUNTIME {"method":"Runtime.getIsolateId","id":100000035}
---

--- 2026-08-31T15:22:10.687Z debug
[InspectorProxyWorker] RUNTIME INCOMING MESSAGE { id: 100000035, result: { id: 'eab62d824969b083' } }
---

--- 2026-08-31T15:22:20.693Z debug
[InspectorProxyWorker] SEND TO RUNTIME {"method":"Runtime.getIsolateId","id":100000036}
---

--- 2026-08-31T15:22:20.693Z debug
[InspectorProxyWorker] RUNTIME INCOMING MESSAGE { id: 100000036, result: { id: 'eab62d824969b083' } }
---

--- 2026-08-31T15:22:30.698Z debug
[InspectorProxyWorker] SEND TO RUNTIME {"method":"Runtime.getIsolateId","id":100000037}
---

--- 2026-08-31T15:22:30.699Z debug
[InspectorProxyWorker] RUNTIME INCOMING MESSAGE { id: 100000037, result: { id: 'eab62d824969b083' } }
---

--- 2026-08-31T15:22:40.704Z debug
[InspectorProxyWorker] SEND TO RUNTIME {"method":"Runtime.getIsolateId","id":100000038}
---

--- 2026-08-31T15:22:40.705Z debug
[InspectorProxyWorker] RUNTIME INCOMING MESSAGE { id: 100000038, result: { id: 'eab62d824969b083' } }
---

--- 2026-08-31T15:22:50.710Z debug
[InspectorProxyWorker] SEND TO RUNTIME {"method":"Runtime.getIsolateId","id":100000039}
---

--- 2026-08-31T15:22:50.711Z debug
[InspectorProxyWorker] RUNTIME INCOMING MESSAGE { id: 100000039, result: { id: 'eab62d824969b083' } }
---

--- 2026-08-31T15:23:00.716Z debug
[InspectorProxyWorker] SEND TO RUNTIME {"method":"Runtime.getIsolateId","id":100000040}
---

--- 2026-08-31T15:23:00.717Z debug
[InspectorProxyWorker] RUNTIME INCOMING MESSAGE { id: 100000040, result: { id: 'eab62d824969b083' } }
---

--- 2026-08-31T15:23:10.723Z debug
[InspectorProxyWorker] SEND TO RUNTIME {"method":"Runtime.getIsolateId","id":100000041}
---

--- 2026-08-31T15:23:10.725Z debug
[InspectorProxyWorker] RUNTIME INCOMING MESSAGE { id: 100000041, result: { id: 'eab62d824969b083' } }
---

--- 2026-08-31T15:23:20.731Z debug
[InspectorProxyWorker] SEND TO RUNTIME {"method":"Runtime.getIsolateId","id":100000042}
---

--- 2026-08-31T15:23:20.732Z debug
[InspectorProxyWorker] RUNTIME INCOMING MESSAGE { id: 100000042, result: { id: 'eab62d824969b083' } }
---

--- 2026-08-31T15:23:30.734Z debug
[InspectorProxyWorker] SEND TO RUNTIME {"method":"Runtime.getIsolateId","id":100000043}
---

--- 2026-08-31T15:23:30.735Z debug
[InspectorProxyWorker] RUNTIME INCOMING MESSAGE { id: 100000043, result: { id: 'eab62d824969b083' } }
---

--- 2026-08-31T15:23:40.740Z debug
[InspectorProxyWorker] SEND TO RUNTIME {"method":"Runtime.getIsolateId","id":100000044}
---

--- 2026-08-31T15:23:40.741Z debug
[InspectorProxyWorker] RUNTIME INCOMING MESSAGE { id: 100000044, result: { id: 'eab62d824969b083' } }
---

--- 2026-08-31T15:23:50.749Z debug
[InspectorProxyWorker] SEND TO RUNTIME {"method":"Runtime.getIsolateId","id":100000045}
---

--- 2026-08-31T15:23:50.751Z debug
[InspectorProxyWorker] RUNTIME INCOMING MESSAGE { id: 100000045, result: { id: 'eab62d824969b083' } }
---

--- 2026-08-31T15:24:00.751Z debug
[InspectorProxyWorker] SEND TO RUNTIME {"method":"Runtime.getIsolateId","id":100000046}
---

--- 2026-08-31T15:24:00.752Z debug
[InspectorProxyWorker] RUNTIME INCOMING MESSAGE { id: 100000046, result: { id: 'eab62d824969b083' } }
---

--- 2026-08-31T15:24:10.752Z debug
[InspectorProxyWorker] SEND TO RUNTIME {"method":"Runtime.getIsolateId","id":100000047}
---

--- 2026-08-31T15:24:10.753Z debug
[InspectorProxyWorker] RUNTIME INCOMING MESSAGE { id: 100000047, result: { id: 'eab62d824969b083' } }
---

--- 2026-08-31T15:24:20.757Z debug
[InspectorProxyWorker] SEND TO RUNTIME {"method":"Runtime.getIsolateId","id":100000048}
---

--- 2026-08-31T15:24:20.759Z debug
[InspectorProxyWorker] RUNTIME INCOMING MESSAGE { id: 100000048, result: { id: 'eab62d824969b083' } }
---

--- 2026-08-31T15:24:30.763Z debug
[InspectorProxyWorker] SEND TO RUNTIME {"method":"Runtime.getIsolateId","id":100000049}
---

--- 2026-08-31T15:24:30.764Z debug
[InspectorProxyWorker] RUNTIME INCOMING MESSAGE { id: 100000049, result: { id: 'eab62d824969b083' } }
---

--- 2026-08-31T15:24:40.768Z debug
[InspectorProxyWorker] SEND TO RUNTIME {"method":"Runtime.getIsolateId","id":100000050}
---

--- 2026-08-31T15:24:40.771Z debug
[InspectorProxyWorker] RUNTIME INCOMING MESSAGE { id: 100000050, result: { id: 'eab62d824969b083' } }
---

--- 2026-08-31T15:24:50.774Z debug
[InspectorProxyWorker] SEND TO RUNTIME {"method":"Runtime.getIsolateId","id":100000051}
---

--- 2026-08-31T15:24:50.775Z debug
[InspectorProxyWorker] RUNTIME INCOMING MESSAGE { id: 100000051, result: { id: 'eab62d824969b083' } }
---

--- 2026-08-31T15:25:00.779Z debug
[InspectorProxyWorker] SEND TO RUNTIME {"method":"Runtime.getIsolateId","id":100000052}
---

--- 2026-08-31T15:25:00.780Z debug
[InspectorProxyWorker] RUNTIME INCOMING MESSAGE { id: 100000052, result: { id: 'eab62d824969b083' } }
---

--- 2026-08-31T15:25:10.785Z debug
[InspectorProxyWorker] SEND TO RUNTIME {"method":"Runtime.getIsolateId","id":100000053}
---

--- 2026-08-31T15:25:10.786Z debug
[InspectorProxyWorker] RUNTIME INCOMING MESSAGE { id: 100000053, result: { id: 'eab62d824969b083' } }
---

--- 2026-08-31T15:25:20.790Z debug
[InspectorProxyWorker] SEND TO RUNTIME {"method":"Runtime.getIsolateId","id":100000054}
---

--- 2026-08-31T15:25:20.791Z debug
[InspectorProxyWorker] RUNTIME INCOMING MESSAGE { id: 100000054, result: { id: 'eab62d824969b083' } }
---

--- 2026-08-31T15:25:30.796Z debug
[InspectorProxyWorker] SEND TO RUNTIME {"method":"Runtime.getIsolateId","id":100000055}
---

--- 2026-08-31T15:25:30.799Z debug
[InspectorProxyWorker] RUNTIME INCOMING MESSAGE { id: 100000055, result: { id: 'eab62d824969b083' } }
---

--- 2026-08-31T15:25:40.801Z debug
[InspectorProxyWorker] SEND TO RUNTIME {"method":"Runtime.getIsolateId","id":100000056}
---

--- 2026-08-31T15:25:40.803Z debug
[InspectorProxyWorker] RUNTIME INCOMING MESSAGE { id: 100000056, result: { id: 'eab62d824969b083' } }
---

--- 2026-08-31T15:25:50.807Z debug
[InspectorProxyWorker] SEND TO RUNTIME {"method":"Runtime.getIsolateId","id":100000057}
---

--- 2026-08-31T15:25:50.808Z debug
[InspectorProxyWorker] RUNTIME INCOMING MESSAGE { id: 100000057, result: { id: 'eab62d824969b083' } }
---

--- 2026-08-31T15:26:00.813Z debug
[InspectorProxyWorker] SEND TO RUNTIME {"method":"Runtime.getIsolateId","id":100000058}
---

--- 2026-08-31T15:26:00.814Z debug
[InspectorProxyWorker] RUNTIME INCOMING MESSAGE { id: 100000058, result: { id: 'eab62d824969b083' } }
---

--- 2026-08-31T15:26:10.819Z debug
[InspectorProxyWorker] SEND TO RUNTIME {"method":"Runtime.getIsolateId","id":100000059}
---

--- 2026-08-31T15:26:10.820Z debug
[InspectorProxyWorker] RUNTIME INCOMING MESSAGE { id: 100000059, result: { id: 'eab62d824969b083' } }
---

--- 2026-08-31T15:26:20.825Z debug
[InspectorProxyWorker] SEND TO RUNTIME {"method":"Runtime.getIsolateId","id":100000060}
---

--- 2026-08-31T15:26:20.826Z debug
[InspectorProxyWorker] RUNTIME INCOMING MESSAGE { id: 100000060, result: { id: 'eab62d824969b083' } }
---

--- 2026-08-31T15:26:30.831Z debug
[InspectorProxyWorker] SEND TO RUNTIME {"method":"Runtime.getIsolateId","id":100000061}
---

--- 2026-08-31T15:26:30.833Z debug
[InspectorProxyWorker] RUNTIME INCOMING MESSAGE { id: 100000061, result: { id: 'eab62d824969b083' } }
---

--- 2026-08-31T15:26:40.840Z debug
[InspectorProxyWorker] SEND TO RUNTIME {"method":"Runtime.getIsolateId","id":100000062}
---

--- 2026-08-31T15:26:40.841Z debug
[InspectorProxyWorker] RUNTIME INCOMING MESSAGE { id: 100000062, result: { id: 'eab62d824969b083' } }
---

--- 2026-08-31T15:26:50.844Z debug
[InspectorProxyWorker] SEND TO RUNTIME {"method":"Runtime.getIsolateId","id":100000063}
---

--- 2026-08-31T15:26:50.846Z debug
[InspectorProxyWorker] RUNTIME INCOMING MESSAGE { id: 100000063, result: { id: 'eab62d824969b083' } }
---

--- 2026-08-31T15:27:00.848Z debug
[InspectorProxyWorker] SEND TO RUNTIME {"method":"Runtime.getIsolateId","id":100000064}
---

--- 2026-08-31T15:27:00.849Z debug
[InspectorProxyWorker] RUNTIME INCOMING MESSAGE { id: 100000064, result: { id: 'eab62d824969b083' } }
---

--- 2026-08-31T15:27:10.854Z debug
[InspectorProxyWorker] SEND TO RUNTIME {"method":"Runtime.getIsolateId","id":100000065}
---

--- 2026-08-31T15:27:10.856Z debug
[InspectorProxyWorker] RUNTIME INCOMING MESSAGE { id: 100000065, result: { id: 'eab62d824969b083' } }
---

--- 2026-08-31T15:27:20.859Z debug
[InspectorProxyWorker] SEND TO RUNTIME {"method":"Runtime.getIsolateId","id":100000066}
---

--- 2026-08-31T15:27:20.860Z debug
[InspectorProxyWorker] RUNTIME INCOMING MESSAGE { id: 100000066, result: { id: 'eab62d824969b083' } }
---

--- 2026-08-31T15:27:30.864Z debug
[InspectorProxyWorker] SEND TO RUNTIME {"method":"Runtime.getIsolateId","id":100000067}
---

--- 2026-08-31T15:27:30.865Z debug
[InspectorProxyWorker] RUNTIME INCOMING MESSAGE { id: 100000067, result: { id: 'eab62d824969b083' } }
---

--- 2026-08-31T15:27:40.867Z debug
[InspectorProxyWorker] SEND TO RUNTIME {"method":"Runtime.getIsolateId","id":100000068}
---

--- 2026-08-31T15:27:40.868Z debug
[InspectorProxyWorker] RUNTIME INCOMING MESSAGE { id: 100000068, result: { id: 'eab62d824969b083' } }
---

--- 2026-08-31T15:27:50.872Z debug
[InspectorProxyWorker] SEND TO RUNTIME {"method":"Runtime.getIsolateId","id":100000069}
---

--- 2026-08-31T15:27:50.873Z debug
[InspectorProxyWorker] RUNTIME INCOMING MESSAGE { id: 100000069, result: { id: 'eab62d824969b083' } }
---

--- 2026-08-31T15:28:00.875Z debug
[InspectorProxyWorker] SEND TO RUNTIME {"method":"Runtime.getIsolateId","id":100000070}
---

--- 2026-08-31T15:28:00.876Z debug
[InspectorProxyWorker] RUNTIME INCOMING MESSAGE { id: 100000070, result: { id: 'eab62d824969b083' } }
---

--- 2026-08-31T15:28:10.876Z debug
[InspectorProxyWorker] SEND TO RUNTIME {"method":"Runtime.getIsolateId","id":100000071}
---

--- 2026-08-31T15:28:10.877Z debug
[InspectorProxyWorker] RUNTIME INCOMING MESSAGE { id: 100000071, result: { id: 'eab62d824969b083' } }
---

--- 2026-08-31T15:28:20.879Z debug
[InspectorProxyWorker] SEND TO RUNTIME {"method":"Runtime.getIsolateId","id":100000072}
---

--- 2026-08-31T15:28:20.880Z debug
[InspectorProxyWorker] RUNTIME INCOMING MESSAGE { id: 100000072, result: { id: 'eab62d824969b083' } }
---

--- 2026-08-31T15:28:30.883Z debug
[InspectorProxyWorker] SEND TO RUNTIME {"method":"Runtime.getIsolateId","id":100000073}
---

--- 2026-08-31T15:28:30.884Z debug
[InspectorProxyWorker] RUNTIME INCOMING MESSAGE { id: 100000073, result: { id: 'eab62d824969b083' } }
---

--- 2026-08-31T15:28:40.891Z debug
[InspectorProxyWorker] SEND TO RUNTIME {"method":"Runtime.getIsolateId","id":100000074}
---

--- 2026-08-31T15:28:40.892Z debug
[InspectorProxyWorker] RUNTIME INCOMING MESSAGE { id: 100000074, result: { id: 'eab62d824969b083' } }
---

--- 2026-08-31T15:28:50.894Z debug
[InspectorProxyWorker] SEND TO RUNTIME {"method":"Runtime.getIsolateId","id":100000075}
---

--- 2026-08-31T15:28:50.895Z debug
[InspectorProxyWorker] RUNTIME INCOMING MESSAGE { id: 100000075, result: { id: 'eab62d824969b083' } }
---

--- 2026-08-31T15:29:00.899Z debug
[InspectorProxyWorker] SEND TO RUNTIME {"method":"Runtime.getIsolateId","id":100000076}
---

--- 2026-08-31T15:29:00.900Z debug
[InspectorProxyWorker] RUNTIME INCOMING MESSAGE { id: 100000076, result: { id: 'eab62d824969b083' } }
---

--- 2026-08-31T15:29:10.905Z debug
[InspectorProxyWorker] SEND TO RUNTIME {"method":"Runtime.getIsolateId","id":100000077}
---

--- 2026-08-31T15:29:10.906Z debug
[InspectorProxyWorker] RUNTIME INCOMING MESSAGE { id: 100000077, result: { id: 'eab62d824969b083' } }
---

--- 2026-08-31T15:29:20.910Z debug
[InspectorProxyWorker] SEND TO RUNTIME {"method":"Runtime.getIsolateId","id":100000078}
---

--- 2026-08-31T15:29:20.911Z debug
[InspectorProxyWorker] RUNTIME INCOMING MESSAGE { id: 100000078, result: { id: 'eab62d824969b083' } }
---

--- 2026-08-31T15:29:30.934Z debug
[InspectorProxyWorker] SEND TO RUNTIME {"method":"Runtime.getIsolateId","id":100000079}
---

--- 2026-08-31T15:29:30.938Z debug
[InspectorProxyWorker] RUNTIME INCOMING MESSAGE { id: 100000079, result: { id: 'eab62d824969b083' } }
---

--- 2026-08-31T15:29:40.924Z debug
[InspectorProxyWorker] SEND TO RUNTIME {"method":"Runtime.getIsolateId","id":100000080}
---

--- 2026-08-31T15:29:40.925Z debug
[InspectorProxyWorker] RUNTIME INCOMING MESSAGE { id: 100000080, result: { id: 'eab62d824969b083' } }
---

--- 2026-08-31T15:29:50.930Z debug
[InspectorProxyWorker] SEND TO RUNTIME {"method":"Runtime.getIsolateId","id":100000081}
---

--- 2026-08-31T15:29:50.931Z debug
[InspectorProxyWorker] RUNTIME INCOMING MESSAGE { id: 100000081, result: { id: 'eab62d824969b083' } }
---

--- 2026-08-31T15:30:00.934Z debug
[InspectorProxyWorker] SEND TO RUNTIME {"method":"Runtime.getIsolateId","id":100000082}
---

--- 2026-08-31T15:30:00.936Z debug
[InspectorProxyWorker] RUNTIME INCOMING MESSAGE { id: 100000082, result: { id: 'eab62d824969b083' } }
---

--- 2026-08-31T15:30:10.936Z debug
[InspectorProxyWorker] SEND TO RUNTIME {"method":"Runtime.getIsolateId","id":100000083}
---

--- 2026-08-31T15:30:10.937Z debug
[InspectorProxyWorker] RUNTIME INCOMING MESSAGE { id: 100000083, result: { id: 'eab62d824969b083' } }
---

--- 2026-08-31T15:30:20.941Z debug
[InspectorProxyWorker] SEND TO RUNTIME {"method":"Runtime.getIsolateId","id":100000084}
---

--- 2026-08-31T15:30:20.942Z debug
[InspectorProxyWorker] RUNTIME INCOMING MESSAGE { id: 100000084, result: { id: 'eab62d824969b083' } }
---

--- 2026-08-31T15:30:30.943Z debug
[InspectorProxyWorker] SEND TO RUNTIME {"method":"Runtime.getIsolateId","id":100000085}
---

--- 2026-08-31T15:30:30.944Z debug
[InspectorProxyWorker] RUNTIME INCOMING MESSAGE { id: 100000085, result: { id: 'eab62d824969b083' } }
---

--- 2026-08-31T15:30:40.951Z debug
[InspectorProxyWorker] SEND TO RUNTIME {"method":"Runtime.getIsolateId","id":100000086}
---

--- 2026-08-31T15:30:40.952Z debug
[InspectorProxyWorker] RUNTIME INCOMING MESSAGE { id: 100000086, result: { id: 'eab62d824969b083' } }
---

--- 2026-08-31T15:30:50.953Z debug
[InspectorProxyWorker] SEND TO RUNTIME {"method":"Runtime.getIsolateId","id":100000087}
---

--- 2026-08-31T15:30:50.956Z debug
[InspectorProxyWorker] RUNTIME INCOMING MESSAGE { id: 100000087, result: { id: 'eab62d824969b083' } }
---

--- 2026-08-31T15:31:00.960Z debug
[InspectorProxyWorker] SEND TO RUNTIME {"method":"Runtime.getIsolateId","id":100000088}
---

--- 2026-08-31T15:31:00.961Z debug
[InspectorProxyWorker] RUNTIME INCOMING MESSAGE { id: 100000088, result: { id: 'eab62d824969b083' } }
---

--- 2026-08-31T15:31:10.965Z debug
[InspectorProxyWorker] SEND TO RUNTIME {"method":"Runtime.getIsolateId","id":100000089}
---

--- 2026-08-31T15:31:10.966Z debug
[InspectorProxyWorker] RUNTIME INCOMING MESSAGE { id: 100000089, result: { id: 'eab62d824969b083' } }
---

--- 2026-08-31T15:31:20.969Z debug
[InspectorProxyWorker] SEND TO RUNTIME {"method":"Runtime.getIsolateId","id":100000090}
---

--- 2026-08-31T15:31:20.970Z debug
[InspectorProxyWorker] RUNTIME INCOMING MESSAGE { id: 100000090, result: { id: 'eab62d824969b083' } }
---

--- 2026-08-31T15:31:30.975Z debug
[InspectorProxyWorker] SEND TO RUNTIME {"method":"Runtime.getIsolateId","id":100000091}
---

--- 2026-08-31T15:31:30.976Z debug
[InspectorProxyWorker] RUNTIME INCOMING MESSAGE { id: 100000091, result: { id: 'eab62d824969b083' } }
---

--- 2026-08-31T15:31:40.981Z debug
[InspectorProxyWorker] SEND TO RUNTIME {"method":"Runtime.getIsolateId","id":100000092}
---

--- 2026-08-31T15:31:40.981Z debug
[InspectorProxyWorker] RUNTIME INCOMING MESSAGE { id: 100000092, result: { id: 'eab62d824969b083' } }
---

--- 2026-08-31T15:31:50.986Z debug
[InspectorProxyWorker] SEND TO RUNTIME {"method":"Runtime.getIsolateId","id":100000093}
---

--- 2026-08-31T15:31:50.986Z debug
[InspectorProxyWorker] RUNTIME INCOMING MESSAGE { id: 100000093, result: { id: 'eab62d824969b083' } }
---

--- 2026-08-31T15:32:00.992Z debug
[InspectorProxyWorker] SEND TO RUNTIME {"method":"Runtime.getIsolateId","id":100000094}
---

--- 2026-08-31T15:32:00.993Z debug
[InspectorProxyWorker] RUNTIME INCOMING MESSAGE { id: 100000094, result: { id: 'eab62d824969b083' } }
---

--- 2026-08-31T15:32:10.997Z debug
[InspectorProxyWorker] SEND TO RUNTIME {"method":"Runtime.getIsolateId","id":100000095}
---

--- 2026-08-31T15:32:10.998Z debug
[InspectorProxyWorker] RUNTIME INCOMING MESSAGE { id: 100000095, result: { id: 'eab62d824969b083' } }
---

--- 2026-08-31T15:32:21.003Z debug
[InspectorProxyWorker] SEND TO RUNTIME {"method":"Runtime.getIsolateId","id":100000096}
---

--- 2026-08-31T15:32:21.003Z debug
[InspectorProxyWorker] RUNTIME INCOMING MESSAGE { id: 100000096, result: { id: 'eab62d824969b083' } }
---

--- 2026-08-31T15:32:31.008Z debug
[InspectorProxyWorker] SEND TO RUNTIME {"method":"Runtime.getIsolateId","id":100000097}
---

--- 2026-08-31T15:32:31.009Z debug
[InspectorProxyWorker] RUNTIME INCOMING MESSAGE { id: 100000097, result: { id: 'eab62d824969b083' } }
---

--- 2026-08-31T15:32:41.015Z debug
[InspectorProxyWorker] SEND TO RUNTIME {"method":"Runtime.getIsolateId","id":100000098}
---

--- 2026-08-31T15:32:41.015Z debug
[InspectorProxyWorker] RUNTIME INCOMING MESSAGE { id: 100000098, result: { id: 'eab62d824969b083' } }
---

--- 2026-08-31T15:32:51.020Z debug
[InspectorProxyWorker] SEND TO RUNTIME {"method":"Runtime.getIsolateId","id":100000099}
---

--- 2026-08-31T15:32:51.021Z debug
[InspectorProxyWorker] RUNTIME INCOMING MESSAGE { id: 100000099, result: { id: 'eab62d824969b083' } }
---

--- 2026-08-31T15:33:01.026Z debug
[InspectorProxyWorker] SEND TO RUNTIME {"method":"Runtime.getIsolateId","id":100000100}
---

--- 2026-08-31T15:33:01.027Z debug
[InspectorProxyWorker] RUNTIME INCOMING MESSAGE { id: 100000100, result: { id: 'eab62d824969b083' } }
---

--- 2026-08-31T15:33:11.027Z debug
[InspectorProxyWorker] SEND TO RUNTIME {"method":"Runtime.getIsolateId","id":100000101}
---

--- 2026-08-31T15:33:11.028Z debug
[InspectorProxyWorker] RUNTIME INCOMING MESSAGE { id: 100000101, result: { id: 'eab62d824969b083' } }
---

--- 2026-08-31T15:33:21.033Z debug
[InspectorProxyWorker] SEND TO RUNTIME {"method":"Runtime.getIsolateId","id":100000102}
---

--- 2026-08-31T15:33:21.034Z debug
[InspectorProxyWorker] RUNTIME INCOMING MESSAGE { id: 100000102, result: { id: 'eab62d824969b083' } }
---

--- 2026-08-31T15:33:31.038Z debug
[InspectorProxyWorker] SEND TO RUNTIME {"method":"Runtime.getIsolateId","id":100000103}
---

--- 2026-08-31T15:33:31.039Z debug
[InspectorProxyWorker] RUNTIME INCOMING MESSAGE { id: 100000103, result: { id: 'eab62d824969b083' } }
---

--- 2026-08-31T15:33:41.044Z debug
[InspectorProxyWorker] SEND TO RUNTIME {"method":"Runtime.getIsolateId","id":100000104}
---

--- 2026-08-31T15:33:41.045Z debug
[InspectorProxyWorker] RUNTIME INCOMING MESSAGE { id: 100000104, result: { id: 'eab62d824969b083' } }
---

--- 2026-08-31T15:33:51.050Z debug
[InspectorProxyWorker] SEND TO RUNTIME {"method":"Runtime.getIsolateId","id":100000105}
---

--- 2026-08-31T15:33:51.051Z debug
[InspectorProxyWorker] RUNTIME INCOMING MESSAGE { id: 100000105, result: { id: 'eab62d824969b083' } }
---

--- 2026-08-31T15:34:01.050Z debug
[InspectorProxyWorker] SEND TO RUNTIME {"method":"Runtime.getIsolateId","id":100000106}
---

--- 2026-08-31T15:34:01.051Z debug
[InspectorProxyWorker] RUNTIME INCOMING MESSAGE { id: 100000106, result: { id: 'eab62d824969b083' } }
---

--- 2026-08-31T15:34:11.055Z debug
[InspectorProxyWorker] SEND TO RUNTIME {"method":"Runtime.getIsolateId","id":100000107}
---

--- 2026-08-31T15:34:11.056Z debug
[InspectorProxyWorker] RUNTIME INCOMING MESSAGE { id: 100000107, result: { id: 'eab62d824969b083' } }
---

--- 2026-08-31T15:34:21.061Z debug
[InspectorProxyWorker] SEND TO RUNTIME {"method":"Runtime.getIsolateId","id":100000108}
---

--- 2026-08-31T15:34:21.062Z debug
[InspectorProxyWorker] RUNTIME INCOMING MESSAGE { id: 100000108, result: { id: 'eab62d824969b083' } }
---

--- 2026-08-31T15:34:31.067Z debug
[InspectorProxyWorker] SEND TO RUNTIME {"method":"Runtime.getIsolateId","id":100000109}
---

--- 2026-08-31T15:34:31.068Z debug
[InspectorProxyWorker] RUNTIME INCOMING MESSAGE { id: 100000109, result: { id: 'eab62d824969b083' } }
---

--- 2026-08-31T15:34:41.071Z debug
[InspectorProxyWorker] SEND TO RUNTIME {"method":"Runtime.getIsolateId","id":100000110}
---

--- 2026-08-31T15:34:41.072Z debug
[InspectorProxyWorker] RUNTIME INCOMING MESSAGE { id: 100000110, result: { id: 'eab62d824969b083' } }
---

--- 2026-08-31T15:34:51.076Z debug
[InspectorProxyWorker] SEND TO RUNTIME {"method":"Runtime.getIsolateId","id":100000111}
---

--- 2026-08-31T15:34:51.077Z debug
[InspectorProxyWorker] RUNTIME INCOMING MESSAGE { id: 100000111, result: { id: 'eab62d824969b083' } }
---

--- 2026-08-31T15:35:01.079Z debug
[InspectorProxyWorker] SEND TO RUNTIME {"method":"Runtime.getIsolateId","id":100000112}
---

--- 2026-08-31T15:35:01.082Z debug
[InspectorProxyWorker] RUNTIME INCOMING MESSAGE { id: 100000112, result: { id: 'eab62d824969b083' } }
---

--- 2026-08-31T15:35:11.084Z debug
[InspectorProxyWorker] SEND TO RUNTIME {"method":"Runtime.getIsolateId","id":100000113}
---

--- 2026-08-31T15:35:11.085Z debug
[InspectorProxyWorker] RUNTIME INCOMING MESSAGE { id: 100000113, result: { id: 'eab62d824969b083' } }
---

--- 2026-08-31T15:35:21.090Z debug
[InspectorProxyWorker] SEND TO RUNTIME {"method":"Runtime.getIsolateId","id":100000114}
---

--- 2026-08-31T15:35:21.091Z debug
[InspectorProxyWorker] RUNTIME INCOMING MESSAGE { id: 100000114, result: { id: 'eab62d824969b083' } }
---

--- 2026-08-31T15:35:31.096Z debug
[InspectorProxyWorker] SEND TO RUNTIME {"method":"Runtime.getIsolateId","id":100000115}
---

--- 2026-08-31T15:35:31.097Z debug
[InspectorProxyWorker] RUNTIME INCOMING MESSAGE { id: 100000115, result: { id: 'eab62d824969b083' } }
---

--- 2026-08-31T15:35:41.102Z debug
[InspectorProxyWorker] SEND TO RUNTIME {"method":"Runtime.getIsolateId","id":100000116}
---

--- 2026-08-31T15:35:41.103Z debug
[InspectorProxyWorker] RUNTIME INCOMING MESSAGE { id: 100000116, result: { id: 'eab62d824969b083' } }
---

--- 2026-08-31T15:35:51.108Z debug
[InspectorProxyWorker] SEND TO RUNTIME {"method":"Runtime.getIsolateId","id":100000117}
---

--- 2026-08-31T15:35:51.109Z debug
[InspectorProxyWorker] RUNTIME INCOMING MESSAGE { id: 100000117, result: { id: 'eab62d824969b083' } }
---

--- 2026-08-31T15:36:01.116Z debug
[InspectorProxyWorker] SEND TO RUNTIME {"method":"Runtime.getIsolateId","id":100000118}
---

--- 2026-08-31T15:36:01.117Z debug
[InspectorProxyWorker] RUNTIME INCOMING MESSAGE { id: 100000118, result: { id: 'eab62d824969b083' } }
---

--- 2026-08-31T15:36:11.119Z debug
[InspectorProxyWorker] SEND TO RUNTIME {"method":"Runtime.getIsolateId","id":100000119}
---

--- 2026-08-31T15:36:11.119Z debug
[InspectorProxyWorker] RUNTIME INCOMING MESSAGE { id: 100000119, result: { id: 'eab62d824969b083' } }
---

--- 2026-08-31T15:36:21.125Z debug
[InspectorProxyWorker] SEND TO RUNTIME {"method":"Runtime.getIsolateId","id":100000120}
---

--- 2026-08-31T15:36:21.126Z debug
[InspectorProxyWorker] RUNTIME INCOMING MESSAGE { id: 100000120, result: { id: 'eab62d824969b083' } }
---

--- 2026-08-31T15:36:31.127Z debug
[InspectorProxyWorker] SEND TO RUNTIME {"method":"Runtime.getIsolateId","id":100000121}
---

--- 2026-08-31T15:36:31.128Z debug
[InspectorProxyWorker] RUNTIME INCOMING MESSAGE { id: 100000121, result: { id: 'eab62d824969b083' } }
---

--- 2026-08-31T15:36:41.133Z debug
[InspectorProxyWorker] SEND TO RUNTIME {"method":"Runtime.getIsolateId","id":100000122}
---

--- 2026-08-31T15:36:41.134Z debug
[InspectorProxyWorker] RUNTIME INCOMING MESSAGE { id: 100000122, result: { id: 'eab62d824969b083' } }
---

--- 2026-08-31T15:36:51.140Z debug
[InspectorProxyWorker] SEND TO RUNTIME {"method":"Runtime.getIsolateId","id":100000123}
---

--- 2026-08-31T15:36:51.141Z debug
[InspectorProxyWorker] RUNTIME INCOMING MESSAGE { id: 100000123, result: { id: 'eab62d824969b083' } }
---

--- 2026-08-31T15:37:01.141Z debug
[InspectorProxyWorker] SEND TO RUNTIME {"method":"Runtime.getIsolateId","id":100000124}
---

--- 2026-08-31T15:37:01.142Z debug
[InspectorProxyWorker] RUNTIME INCOMING MESSAGE { id: 100000124, result: { id: 'eab62d824969b083' } }
---

--- 2026-08-31T15:37:11.148Z debug
[InspectorProxyWorker] SEND TO RUNTIME {"method":"Runtime.getIsolateId","id":100000125}
---

--- 2026-08-31T15:37:11.149Z debug
[InspectorProxyWorker] RUNTIME INCOMING MESSAGE { id: 100000125, result: { id: 'eab62d824969b083' } }
---

--- 2026-08-31T15:37:21.152Z debug
[InspectorProxyWorker] SEND TO RUNTIME {"method":"Runtime.getIsolateId","id":100000126}
---

--- 2026-08-31T15:37:21.153Z debug
[InspectorProxyWorker] RUNTIME INCOMING MESSAGE { id: 100000126, result: { id: 'eab62d824969b083' } }
---

--- 2026-08-31T15:37:31.157Z debug
[InspectorProxyWorker] SEND TO RUNTIME {"method":"Runtime.getIsolateId","id":100000127}
---

--- 2026-08-31T15:37:31.158Z debug
[InspectorProxyWorker] RUNTIME INCOMING MESSAGE { id: 100000127, result: { id: 'eab62d824969b083' } }
---

--- 2026-08-31T15:37:41.163Z debug
[InspectorProxyWorker] SEND TO RUNTIME {"method":"Runtime.getIsolateId","id":100000128}
---

--- 2026-08-31T15:37:41.164Z debug
[InspectorProxyWorker] RUNTIME INCOMING MESSAGE { id: 100000128, result: { id: 'eab62d824969b083' } }
---

--- 2026-08-31T15:37:51.170Z debug
[InspectorProxyWorker] SEND TO RUNTIME {"method":"Runtime.getIsolateId","id":100000129}
---

--- 2026-08-31T15:37:51.171Z debug
[InspectorProxyWorker] RUNTIME INCOMING MESSAGE { id: 100000129, result: { id: 'eab62d824969b083' } }
---

--- 2026-08-31T15:38:01.174Z debug
[InspectorProxyWorker] SEND TO RUNTIME {"method":"Runtime.getIsolateId","id":100000130}
---

--- 2026-08-31T15:38:01.174Z debug
[InspectorProxyWorker] RUNTIME INCOMING MESSAGE { id: 100000130, result: { id: 'eab62d824969b083' } }
---

--- 2026-08-31T15:38:11.179Z debug
[InspectorProxyWorker] SEND TO RUNTIME {"method":"Runtime.getIsolateId","id":100000131}
---

--- 2026-08-31T15:38:11.179Z debug
[InspectorProxyWorker] RUNTIME INCOMING MESSAGE { id: 100000131, result: { id: 'eab62d824969b083' } }
---

--- 2026-08-31T15:38:21.184Z debug
[InspectorProxyWorker] SEND TO RUNTIME {"method":"Runtime.getIsolateId","id":100000132}
---

--- 2026-08-31T15:38:21.185Z debug
[InspectorProxyWorker] RUNTIME INCOMING MESSAGE { id: 100000132, result: { id: 'eab62d824969b083' } }
---

--- 2026-08-31T15:38:31.192Z debug
[InspectorProxyWorker] SEND TO RUNTIME {"method":"Runtime.getIsolateId","id":100000133}
---

--- 2026-08-31T15:38:31.193Z debug
[InspectorProxyWorker] RUNTIME INCOMING MESSAGE { id: 100000133, result: { id: 'eab62d824969b083' } }
---

--- 2026-08-31T15:38:41.195Z debug
[InspectorProxyWorker] SEND TO RUNTIME {"method":"Runtime.getIsolateId","id":100000134}
---

--- 2026-08-31T15:38:41.196Z debug
[InspectorProxyWorker] RUNTIME INCOMING MESSAGE { id: 100000134, result: { id: 'eab62d824969b083' } }
---

--- 2026-08-31T15:38:51.198Z debug
[InspectorProxyWorker] SEND TO RUNTIME {"method":"Runtime.getIsolateId","id":100000135}
---

--- 2026-08-31T15:38:51.199Z debug
[InspectorProxyWorker] RUNTIME INCOMING MESSAGE { id: 100000135, result: { id: 'eab62d824969b083' } }
---

--- 2026-08-31T15:39:01.205Z debug
[InspectorProxyWorker] SEND TO RUNTIME {"method":"Runtime.getIsolateId","id":100000136}
---

--- 2026-08-31T15:39:01.206Z debug
[InspectorProxyWorker] RUNTIME INCOMING MESSAGE { id: 100000136, result: { id: 'eab62d824969b083' } }
---

--- 2026-08-31T15:39:11.209Z debug
[InspectorProxyWorker] SEND TO RUNTIME {"method":"Runtime.getIsolateId","id":100000137}
---

--- 2026-08-31T15:39:11.210Z debug
[InspectorProxyWorker] RUNTIME INCOMING MESSAGE { id: 100000137, result: { id: 'eab62d824969b083' } }
---

--- 2026-08-31T15:39:21.215Z debug
[InspectorProxyWorker] SEND TO RUNTIME {"method":"Runtime.getIsolateId","id":100000138}
---

--- 2026-08-31T15:39:21.216Z debug
[InspectorProxyWorker] RUNTIME INCOMING MESSAGE { id: 100000138, result: { id: 'eab62d824969b083' } }
---
