
--- 2026-08-31T17:00:59.856Z debug
🪵  Writing logs to "/home/runner/workspace/.config/.wrangler/logs/wrangler-2026-08-31_17-00-59_591.log"
---

--- 2026-08-31T17:00:59.856Z debug
.env file not found at "/home/runner/workspace/artifacts/cf-worker/.env". Continuing... For more details, refer to https://developers.cloudflare.com/workers/wrangler/system-environment-variables/
---

--- 2026-08-31T17:00:59.857Z debug
.env file not found at "/home/runner/workspace/artifacts/cf-worker/.env.local". Continuing... For more details, refer to https://developers.cloudflare.com/workers/wrangler/system-environment-variables/
---

--- 2026-08-31T17:00:59.960Z log

 ⛅️ wrangler 4.112.0
────────────────────
---

--- 2026-08-31T17:00:59.975Z debug
setting config
---

--- 2026-08-31T17:00:59.975Z debug
Updating config... undefined undefined
---

--- 2026-08-31T17:00:59.982Z debug
Metrics dispatcher: Posting data {"deviceId":"f454b4ec-ba13-47a6-be81-578bf5a99898","event":"wrangler command started","timestamp":1788195659982,"properties":{"amplitude_session_id":1788195659961,"amplitude_event_id":0,"wranglerVersion":"4.112.0","wranglerMajorVersion":4,"wranglerMinorVersion":112,"wranglerPatchVersion":0,"osPlatform":"Linux","osVersion":"#Replit-Linux SMP Fri Aug 28 06:22:54 UTC 2026","nodeVersion":24,"packageManager":"pnpm","isFirstUsage":false,"configFileType":"none","isCI":false,"isPagesCI":false,"isWorkersCI":false,"isInteractive":true,"hasAssets":false,"agent":"replit","argsUsed":["port"],"argsCombination":"port","sanitizedCommand":"dev","sanitizedArgs":{},"currentAgentSkillsInstalled":false}}
---

--- 2026-08-31T17:01:00.034Z log
Using secrets defined in .dev.vars
---

--- 2026-08-31T17:01:00.036Z log
Your Worker has access to the following bindings:
---

--- 2026-08-31T17:01:00.036Z log
Binding                            Resource                  Mode
---

--- 2026-08-31T17:01:00.036Z log
env.DATABASE_URL ("(hidden)")      Environment Variable      local
---

--- 2026-08-31T17:01:00.037Z log

---

--- 2026-08-31T17:01:00.682Z debug
RemoteRuntimeController teardown beginning...
---

--- 2026-08-31T17:01:00.682Z debug
RemoteRuntimeController teardown complete
---

--- 2026-08-31T17:01:00.719Z log
⎔ Starting local server...
---

--- 2026-08-31T17:01:01.250Z debug
[InspectorProxyWorker] handleProxyControllerIncomingMessage {"type":"reloadStart"}
---

--- 2026-08-31T17:01:01.334Z debug
[InspectorProxyWorker] handleProxyControllerIncomingMessage {"type":"reloadComplete","proxyData":{"userWorkerUrl":{"protocol":"http:","hostname":"127.0.0.1","port":"42905"},"userWorkerInspectorUrl":{"protocol":"ws:","hostname":"127.0.0.1","port":"43593","pathname":"/core:user:streamguard"},"userWorkerInnerUrlOverrides":{"protocol":"http:"},"headers":{"MF-Proxy-Shared-Secret":"cefb75f0-8847-4776-bb71-a65562ba428a"},"liveReload":false,"proxyLogsToController":false}}
---

--- 2026-08-31T17:01:01.336Z debug
[InspectorProxyWorker] reconnectRuntimeWebSocket
---

--- 2026-08-31T17:01:01.337Z debug
[InspectorProxyWorker] NEW RUNTIME WEBSOCKET http://127.0.0.1:43593/core:user:streamguard
---

--- 2026-08-31T17:01:01.338Z debug
[InspectorProxyWorker] SEND TO DEVTOOLS {"method":"Runtime.executionContextsCleared"}
---

--- 2026-08-31T17:01:01.339Z debug
[InspectorProxyWorker] RUNTIME WEBSOCKET OPENED
---

--- 2026-08-31T17:01:01.342Z debug
[InspectorProxyWorker] RUNTIME INCOMING MESSAGE {
  method: 'Runtime.executionContextCreated',
  params: {
    context: {
      id: 122034561,
      origin: '',
      name: 'Worker',
      uniqueId: '7614219633178344643.-8849061584841356253'
    }
  }
}
---

--- 2026-08-31T17:01:01.344Z debug
[InspectorProxyWorker] RUNTIME INCOMING MESSAGE { id: 100000001, result: {} }
---

--- 2026-08-31T17:01:01.345Z debug
[InspectorProxyWorker] SEND TO RUNTIME {"method":"Runtime.enable","id":100000001}
---

--- 2026-08-31T17:01:11.344Z debug
[InspectorProxyWorker] SEND TO RUNTIME {"method":"Runtime.getIsolateId","id":100000002}
---

--- 2026-08-31T17:01:11.345Z debug
[InspectorProxyWorker] RUNTIME INCOMING MESSAGE { id: 100000002, result: { id: 'e960117070a086e' } }
---

--- 2026-08-31T17:01:21.367Z debug
[InspectorProxyWorker] SEND TO RUNTIME {"method":"Runtime.getIsolateId","id":100000003}
---

--- 2026-08-31T17:01:21.369Z debug
[InspectorProxyWorker] RUNTIME INCOMING MESSAGE { id: 100000003, result: { id: 'e960117070a086e' } }
---

--- 2026-08-31T17:01:31.360Z debug
[InspectorProxyWorker] SEND TO RUNTIME {"method":"Runtime.getIsolateId","id":100000004}
---

--- 2026-08-31T17:01:31.361Z debug
[InspectorProxyWorker] RUNTIME INCOMING MESSAGE { id: 100000004, result: { id: 'e960117070a086e' } }
---

--- 2026-08-31T17:01:41.366Z debug
[InspectorProxyWorker] SEND TO RUNTIME {"method":"Runtime.getIsolateId","id":100000005}
---

--- 2026-08-31T17:01:41.367Z debug
[InspectorProxyWorker] RUNTIME INCOMING MESSAGE { id: 100000005, result: { id: 'e960117070a086e' } }
---

--- 2026-08-31T17:01:51.371Z debug
[InspectorProxyWorker] SEND TO RUNTIME {"method":"Runtime.getIsolateId","id":100000006}
---

--- 2026-08-31T17:01:51.372Z debug
[InspectorProxyWorker] RUNTIME INCOMING MESSAGE { id: 100000006, result: { id: 'e960117070a086e' } }
---

--- 2026-08-31T17:02:01.378Z debug
[InspectorProxyWorker] SEND TO RUNTIME {"method":"Runtime.getIsolateId","id":100000007}
---

--- 2026-08-31T17:02:01.379Z debug
[InspectorProxyWorker] RUNTIME INCOMING MESSAGE { id: 100000007, result: { id: 'e960117070a086e' } }
---

--- 2026-08-31T17:02:11.384Z debug
[InspectorProxyWorker] SEND TO RUNTIME {"method":"Runtime.getIsolateId","id":100000008}
---

--- 2026-08-31T17:02:11.385Z debug
[InspectorProxyWorker] RUNTIME INCOMING MESSAGE { id: 100000008, result: { id: 'e960117070a086e' } }
---

--- 2026-08-31T17:02:21.390Z debug
[InspectorProxyWorker] SEND TO RUNTIME {"method":"Runtime.getIsolateId","id":100000009}
---

--- 2026-08-31T17:02:21.392Z debug
[InspectorProxyWorker] RUNTIME INCOMING MESSAGE { id: 100000009, result: { id: 'e960117070a086e' } }
---

--- 2026-08-31T17:02:31.395Z debug
[InspectorProxyWorker] SEND TO RUNTIME {"method":"Runtime.getIsolateId","id":100000010}
---

--- 2026-08-31T17:02:31.396Z debug
[InspectorProxyWorker] RUNTIME INCOMING MESSAGE { id: 100000010, result: { id: 'e960117070a086e' } }
---

--- 2026-08-31T17:02:41.399Z debug
[InspectorProxyWorker] SEND TO RUNTIME {"method":"Runtime.getIsolateId","id":100000011}
---

--- 2026-08-31T17:02:41.400Z debug
[InspectorProxyWorker] RUNTIME INCOMING MESSAGE { id: 100000011, result: { id: 'e960117070a086e' } }
---

--- 2026-08-31T17:02:51.410Z debug
[InspectorProxyWorker] SEND TO RUNTIME {"method":"Runtime.getIsolateId","id":100000012}
---

--- 2026-08-31T17:02:51.412Z debug
[InspectorProxyWorker] RUNTIME INCOMING MESSAGE { id: 100000012, result: { id: 'e960117070a086e' } }
---

--- 2026-08-31T17:03:01.408Z debug
[InspectorProxyWorker] SEND TO RUNTIME {"method":"Runtime.getIsolateId","id":100000013}
---

--- 2026-08-31T17:03:01.409Z debug
[InspectorProxyWorker] RUNTIME INCOMING MESSAGE { id: 100000013, result: { id: 'e960117070a086e' } }
---

--- 2026-08-31T17:03:11.411Z debug
[InspectorProxyWorker] SEND TO RUNTIME {"method":"Runtime.getIsolateId","id":100000014}
---

--- 2026-08-31T17:03:11.412Z debug
[InspectorProxyWorker] RUNTIME INCOMING MESSAGE { id: 100000014, result: { id: 'e960117070a086e' } }
---

--- 2026-08-31T17:03:21.415Z debug
[InspectorProxyWorker] SEND TO RUNTIME {"method":"Runtime.getIsolateId","id":100000015}
---

--- 2026-08-31T17:03:21.416Z debug
[InspectorProxyWorker] RUNTIME INCOMING MESSAGE { id: 100000015, result: { id: 'e960117070a086e' } }
---

--- 2026-08-31T17:03:31.419Z debug
[InspectorProxyWorker] SEND TO RUNTIME {"method":"Runtime.getIsolateId","id":100000016}
---

--- 2026-08-31T17:03:31.420Z debug
[InspectorProxyWorker] RUNTIME INCOMING MESSAGE { id: 100000016, result: { id: 'e960117070a086e' } }
---

--- 2026-08-31T17:03:41.425Z debug
[InspectorProxyWorker] SEND TO RUNTIME {"method":"Runtime.getIsolateId","id":100000017}
---

--- 2026-08-31T17:03:41.426Z debug
[InspectorProxyWorker] RUNTIME INCOMING MESSAGE { id: 100000017, result: { id: 'e960117070a086e' } }
---

--- 2026-08-31T17:03:51.431Z debug
[InspectorProxyWorker] SEND TO RUNTIME {"method":"Runtime.getIsolateId","id":100000018}
---

--- 2026-08-31T17:03:51.432Z debug
[InspectorProxyWorker] RUNTIME INCOMING MESSAGE { id: 100000018, result: { id: 'e960117070a086e' } }
---

--- 2026-08-31T17:04:01.437Z debug
[InspectorProxyWorker] SEND TO RUNTIME {"method":"Runtime.getIsolateId","id":100000019}
---

--- 2026-08-31T17:04:01.438Z debug
[InspectorProxyWorker] RUNTIME INCOMING MESSAGE { id: 100000019, result: { id: 'e960117070a086e' } }
---

--- 2026-08-31T17:04:11.442Z debug
[InspectorProxyWorker] SEND TO RUNTIME {"method":"Runtime.getIsolateId","id":100000020}
---

--- 2026-08-31T17:04:11.443Z debug
[InspectorProxyWorker] RUNTIME INCOMING MESSAGE { id: 100000020, result: { id: 'e960117070a086e' } }
---

--- 2026-08-31T17:04:21.448Z debug
[InspectorProxyWorker] SEND TO RUNTIME {"method":"Runtime.getIsolateId","id":100000021}
---

--- 2026-08-31T17:04:21.449Z debug
[InspectorProxyWorker] RUNTIME INCOMING MESSAGE { id: 100000021, result: { id: 'e960117070a086e' } }
---

--- 2026-08-31T17:04:31.454Z debug
[InspectorProxyWorker] SEND TO RUNTIME {"method":"Runtime.getIsolateId","id":100000022}
---

--- 2026-08-31T17:04:31.455Z debug
[InspectorProxyWorker] RUNTIME INCOMING MESSAGE { id: 100000022, result: { id: 'e960117070a086e' } }
---

--- 2026-08-31T17:04:41.465Z debug
[InspectorProxyWorker] SEND TO RUNTIME {"method":"Runtime.getIsolateId","id":100000023}
---

--- 2026-08-31T17:04:41.466Z debug
[InspectorProxyWorker] RUNTIME INCOMING MESSAGE { id: 100000023, result: { id: 'e960117070a086e' } }
---

--- 2026-08-31T17:04:51.462Z debug
[InspectorProxyWorker] SEND TO RUNTIME {"method":"Runtime.getIsolateId","id":100000024}
---

--- 2026-08-31T17:04:51.463Z debug
[InspectorProxyWorker] RUNTIME INCOMING MESSAGE { id: 100000024, result: { id: 'e960117070a086e' } }
---

--- 2026-08-31T17:05:01.463Z debug
[InspectorProxyWorker] SEND TO RUNTIME {"method":"Runtime.getIsolateId","id":100000025}
---

--- 2026-08-31T17:05:01.464Z debug
[InspectorProxyWorker] RUNTIME INCOMING MESSAGE { id: 100000025, result: { id: 'e960117070a086e' } }
---

--- 2026-08-31T17:05:11.469Z debug
[InspectorProxyWorker] SEND TO RUNTIME {"method":"Runtime.getIsolateId","id":100000026}
---

--- 2026-08-31T17:05:11.470Z debug
[InspectorProxyWorker] RUNTIME INCOMING MESSAGE { id: 100000026, result: { id: 'e960117070a086e' } }
---

--- 2026-08-31T17:05:21.475Z debug
[InspectorProxyWorker] SEND TO RUNTIME {"method":"Runtime.getIsolateId","id":100000027}
---

--- 2026-08-31T17:05:21.476Z debug
[InspectorProxyWorker] RUNTIME INCOMING MESSAGE { id: 100000027, result: { id: 'e960117070a086e' } }
---

--- 2026-08-31T17:05:31.482Z debug
[InspectorProxyWorker] SEND TO RUNTIME {"method":"Runtime.getIsolateId","id":100000028}
---

--- 2026-08-31T17:05:31.483Z debug
[InspectorProxyWorker] RUNTIME INCOMING MESSAGE { id: 100000028, result: { id: 'e960117070a086e' } }
---

--- 2026-08-31T17:05:41.494Z debug
[InspectorProxyWorker] SEND TO RUNTIME {"method":"Runtime.getIsolateId","id":100000029}
---

--- 2026-08-31T17:05:41.495Z debug
[InspectorProxyWorker] RUNTIME INCOMING MESSAGE { id: 100000029, result: { id: 'e960117070a086e' } }
---

--- 2026-08-31T17:05:51.494Z debug
[InspectorProxyWorker] SEND TO RUNTIME {"method":"Runtime.getIsolateId","id":100000030}
---

--- 2026-08-31T17:05:51.495Z debug
[InspectorProxyWorker] RUNTIME INCOMING MESSAGE { id: 100000030, result: { id: 'e960117070a086e' } }
---

--- 2026-08-31T17:06:01.499Z debug
[InspectorProxyWorker] SEND TO RUNTIME {"method":"Runtime.getIsolateId","id":100000031}
---

--- 2026-08-31T17:06:01.500Z debug
[InspectorProxyWorker] RUNTIME INCOMING MESSAGE { id: 100000031, result: { id: 'e960117070a086e' } }
---

--- 2026-08-31T17:06:11.505Z debug
[InspectorProxyWorker] SEND TO RUNTIME {"method":"Runtime.getIsolateId","id":100000032}
---

--- 2026-08-31T17:06:11.506Z debug
[InspectorProxyWorker] RUNTIME INCOMING MESSAGE { id: 100000032, result: { id: 'e960117070a086e' } }
---

--- 2026-08-31T17:06:21.517Z debug
[InspectorProxyWorker] SEND TO RUNTIME {"method":"Runtime.getIsolateId","id":100000033}
---

--- 2026-08-31T17:06:21.519Z debug
[InspectorProxyWorker] RUNTIME INCOMING MESSAGE { id: 100000033, result: { id: 'e960117070a086e' } }
---

--- 2026-08-31T17:06:31.518Z debug
[InspectorProxyWorker] SEND TO RUNTIME {"method":"Runtime.getIsolateId","id":100000034}
---

--- 2026-08-31T17:06:31.518Z debug
[InspectorProxyWorker] RUNTIME INCOMING MESSAGE { id: 100000034, result: { id: 'e960117070a086e' } }
---

--- 2026-08-31T17:06:41.524Z debug
[InspectorProxyWorker] SEND TO RUNTIME {"method":"Runtime.getIsolateId","id":100000035}
---

--- 2026-08-31T17:06:41.525Z debug
[InspectorProxyWorker] RUNTIME INCOMING MESSAGE { id: 100000035, result: { id: 'e960117070a086e' } }
---

--- 2026-08-31T17:06:51.530Z debug
[InspectorProxyWorker] SEND TO RUNTIME {"method":"Runtime.getIsolateId","id":100000036}
---

--- 2026-08-31T17:06:51.531Z debug
[InspectorProxyWorker] RUNTIME INCOMING MESSAGE { id: 100000036, result: { id: 'e960117070a086e' } }
---

--- 2026-08-31T17:07:01.538Z debug
[InspectorProxyWorker] SEND TO RUNTIME {"method":"Runtime.getIsolateId","id":100000037}
---

--- 2026-08-31T17:07:01.539Z debug
[InspectorProxyWorker] RUNTIME INCOMING MESSAGE { id: 100000037, result: { id: 'e960117070a086e' } }
---

--- 2026-08-31T17:07:11.542Z debug
[InspectorProxyWorker] SEND TO RUNTIME {"method":"Runtime.getIsolateId","id":100000038}
---

--- 2026-08-31T17:07:11.543Z debug
[InspectorProxyWorker] RUNTIME INCOMING MESSAGE { id: 100000038, result: { id: 'e960117070a086e' } }
---

--- 2026-08-31T17:07:21.555Z debug
[InspectorProxyWorker] SEND TO RUNTIME {"method":"Runtime.getIsolateId","id":100000039}
---

--- 2026-08-31T17:07:21.556Z debug
[InspectorProxyWorker] RUNTIME INCOMING MESSAGE { id: 100000039, result: { id: 'e960117070a086e' } }
---

--- 2026-08-31T17:07:31.553Z debug
[InspectorProxyWorker] SEND TO RUNTIME {"method":"Runtime.getIsolateId","id":100000040}
---

--- 2026-08-31T17:07:31.554Z debug
[InspectorProxyWorker] RUNTIME INCOMING MESSAGE { id: 100000040, result: { id: 'e960117070a086e' } }
---

--- 2026-08-31T17:07:41.558Z debug
[InspectorProxyWorker] SEND TO RUNTIME {"method":"Runtime.getIsolateId","id":100000041}
---

--- 2026-08-31T17:07:41.559Z debug
[InspectorProxyWorker] RUNTIME INCOMING MESSAGE { id: 100000041, result: { id: 'e960117070a086e' } }
---

--- 2026-08-31T17:07:51.564Z debug
[InspectorProxyWorker] SEND TO RUNTIME {"method":"Runtime.getIsolateId","id":100000042}
---

--- 2026-08-31T17:07:51.564Z debug
[InspectorProxyWorker] RUNTIME INCOMING MESSAGE { id: 100000042, result: { id: 'e960117070a086e' } }
---

--- 2026-08-31T17:08:01.570Z debug
[InspectorProxyWorker] SEND TO RUNTIME {"method":"Runtime.getIsolateId","id":100000043}
---

--- 2026-08-31T17:08:01.571Z debug
[InspectorProxyWorker] RUNTIME INCOMING MESSAGE { id: 100000043, result: { id: 'e960117070a086e' } }
---

--- 2026-08-31T17:08:11.575Z debug
[InspectorProxyWorker] SEND TO RUNTIME {"method":"Runtime.getIsolateId","id":100000044}
---

--- 2026-08-31T17:08:11.576Z debug
[InspectorProxyWorker] RUNTIME INCOMING MESSAGE { id: 100000044, result: { id: 'e960117070a086e' } }
---

--- 2026-08-31T17:08:21.580Z debug
[InspectorProxyWorker] SEND TO RUNTIME {"method":"Runtime.getIsolateId","id":100000045}
---

--- 2026-08-31T17:08:21.581Z debug
[InspectorProxyWorker] RUNTIME INCOMING MESSAGE { id: 100000045, result: { id: 'e960117070a086e' } }
---

--- 2026-08-31T17:08:31.586Z debug
[InspectorProxyWorker] SEND TO RUNTIME {"method":"Runtime.getIsolateId","id":100000046}
---

--- 2026-08-31T17:08:31.587Z debug
[InspectorProxyWorker] RUNTIME INCOMING MESSAGE { id: 100000046, result: { id: 'e960117070a086e' } }
---

--- 2026-08-31T17:08:41.591Z debug
[InspectorProxyWorker] SEND TO RUNTIME {"method":"Runtime.getIsolateId","id":100000047}
---

--- 2026-08-31T17:08:41.592Z debug
[InspectorProxyWorker] RUNTIME INCOMING MESSAGE { id: 100000047, result: { id: 'e960117070a086e' } }
---

--- 2026-08-31T17:08:51.598Z debug
[InspectorProxyWorker] SEND TO RUNTIME {"method":"Runtime.getIsolateId","id":100000048}
---

--- 2026-08-31T17:08:51.598Z debug
[InspectorProxyWorker] RUNTIME INCOMING MESSAGE { id: 100000048, result: { id: 'e960117070a086e' } }
---

--- 2026-08-31T17:09:01.599Z debug
[InspectorProxyWorker] SEND TO RUNTIME {"method":"Runtime.getIsolateId","id":100000049}
---

--- 2026-08-31T17:09:01.600Z debug
[InspectorProxyWorker] RUNTIME INCOMING MESSAGE { id: 100000049, result: { id: 'e960117070a086e' } }
---

--- 2026-08-31T17:09:11.603Z debug
[InspectorProxyWorker] SEND TO RUNTIME {"method":"Runtime.getIsolateId","id":100000050}
---

--- 2026-08-31T17:09:11.604Z debug
[InspectorProxyWorker] RUNTIME INCOMING MESSAGE { id: 100000050, result: { id: 'e960117070a086e' } }
---

--- 2026-08-31T17:09:21.607Z debug
[InspectorProxyWorker] SEND TO RUNTIME {"method":"Runtime.getIsolateId","id":100000051}
---

--- 2026-08-31T17:09:21.608Z debug
[InspectorProxyWorker] RUNTIME INCOMING MESSAGE { id: 100000051, result: { id: 'e960117070a086e' } }
---

--- 2026-08-31T17:09:31.612Z debug
[InspectorProxyWorker] SEND TO RUNTIME {"method":"Runtime.getIsolateId","id":100000052}
---

--- 2026-08-31T17:09:31.613Z debug
[InspectorProxyWorker] RUNTIME INCOMING MESSAGE { id: 100000052, result: { id: 'e960117070a086e' } }
---

--- 2026-08-31T17:09:41.615Z debug
[InspectorProxyWorker] SEND TO RUNTIME {"method":"Runtime.getIsolateId","id":100000053}
---

--- 2026-08-31T17:09:41.616Z debug
[InspectorProxyWorker] RUNTIME INCOMING MESSAGE { id: 100000053, result: { id: 'e960117070a086e' } }
---

--- 2026-08-31T17:09:51.616Z debug
[InspectorProxyWorker] SEND TO RUNTIME {"method":"Runtime.getIsolateId","id":100000054}
---

--- 2026-08-31T17:09:51.617Z debug
[InspectorProxyWorker] RUNTIME INCOMING MESSAGE { id: 100000054, result: { id: 'e960117070a086e' } }
---

--- 2026-08-31T17:10:01.622Z debug
[InspectorProxyWorker] SEND TO RUNTIME {"method":"Runtime.getIsolateId","id":100000055}
---

--- 2026-08-31T17:10:01.623Z debug
[InspectorProxyWorker] RUNTIME INCOMING MESSAGE { id: 100000055, result: { id: 'e960117070a086e' } }
---

--- 2026-08-31T17:10:11.627Z debug
[InspectorProxyWorker] SEND TO RUNTIME {"method":"Runtime.getIsolateId","id":100000056}
---

--- 2026-08-31T17:10:11.628Z debug
[InspectorProxyWorker] RUNTIME INCOMING MESSAGE { id: 100000056, result: { id: 'e960117070a086e' } }
---

--- 2026-08-31T17:10:21.634Z debug
[InspectorProxyWorker] SEND TO RUNTIME {"method":"Runtime.getIsolateId","id":100000057}
---

--- 2026-08-31T17:10:21.635Z debug
[InspectorProxyWorker] RUNTIME INCOMING MESSAGE { id: 100000057, result: { id: 'e960117070a086e' } }
---

--- 2026-08-31T17:10:31.635Z debug
[InspectorProxyWorker] SEND TO RUNTIME {"method":"Runtime.getIsolateId","id":100000058}
---

--- 2026-08-31T17:10:31.638Z debug
[InspectorProxyWorker] RUNTIME INCOMING MESSAGE { id: 100000058, result: { id: 'e960117070a086e' } }
---

--- 2026-08-31T17:10:41.639Z debug
[InspectorProxyWorker] SEND TO RUNTIME {"method":"Runtime.getIsolateId","id":100000059}
---

--- 2026-08-31T17:10:41.640Z debug
[InspectorProxyWorker] RUNTIME INCOMING MESSAGE { id: 100000059, result: { id: 'e960117070a086e' } }
---

--- 2026-08-31T17:10:51.644Z debug
[InspectorProxyWorker] SEND TO RUNTIME {"method":"Runtime.getIsolateId","id":100000060}
---

--- 2026-08-31T17:10:51.645Z debug
[InspectorProxyWorker] RUNTIME INCOMING MESSAGE { id: 100000060, result: { id: 'e960117070a086e' } }
---

--- 2026-08-31T17:11:01.657Z debug
[InspectorProxyWorker] SEND TO RUNTIME {"method":"Runtime.getIsolateId","id":100000061}
---

--- 2026-08-31T17:11:01.659Z debug
[InspectorProxyWorker] RUNTIME INCOMING MESSAGE { id: 100000061, result: { id: 'e960117070a086e' } }
---

--- 2026-08-31T17:11:11.657Z debug
[InspectorProxyWorker] SEND TO RUNTIME {"method":"Runtime.getIsolateId","id":100000062}
---

--- 2026-08-31T17:11:11.657Z debug
[InspectorProxyWorker] RUNTIME INCOMING MESSAGE { id: 100000062, result: { id: 'e960117070a086e' } }
---

--- 2026-08-31T17:11:21.660Z debug
[InspectorProxyWorker] SEND TO RUNTIME {"method":"Runtime.getIsolateId","id":100000063}
---

--- 2026-08-31T17:11:21.666Z debug
[InspectorProxyWorker] RUNTIME INCOMING MESSAGE { id: 100000063, result: { id: 'e960117070a086e' } }
---

--- 2026-08-31T17:11:31.663Z debug
[InspectorProxyWorker] SEND TO RUNTIME {"method":"Runtime.getIsolateId","id":100000064}
---

--- 2026-08-31T17:11:31.664Z debug
[InspectorProxyWorker] RUNTIME INCOMING MESSAGE { id: 100000064, result: { id: 'e960117070a086e' } }
---

--- 2026-08-31T17:11:41.667Z debug
[InspectorProxyWorker] SEND TO RUNTIME {"method":"Runtime.getIsolateId","id":100000065}
---

--- 2026-08-31T17:11:41.668Z debug
[InspectorProxyWorker] RUNTIME INCOMING MESSAGE { id: 100000065, result: { id: 'e960117070a086e' } }
---

--- 2026-08-31T17:11:51.679Z debug
[InspectorProxyWorker] SEND TO RUNTIME {"method":"Runtime.getIsolateId","id":100000066}
---

--- 2026-08-31T17:11:51.680Z debug
[InspectorProxyWorker] RUNTIME INCOMING MESSAGE { id: 100000066, result: { id: 'e960117070a086e' } }
---

--- 2026-08-31T17:12:01.684Z debug
[InspectorProxyWorker] SEND TO RUNTIME {"method":"Runtime.getIsolateId","id":100000067}
---

--- 2026-08-31T17:12:01.685Z debug
[InspectorProxyWorker] RUNTIME INCOMING MESSAGE { id: 100000067, result: { id: 'e960117070a086e' } }
---

--- 2026-08-31T17:12:11.686Z debug
[InspectorProxyWorker] SEND TO RUNTIME {"method":"Runtime.getIsolateId","id":100000068}
---

--- 2026-08-31T17:12:11.687Z debug
[InspectorProxyWorker] RUNTIME INCOMING MESSAGE { id: 100000068, result: { id: 'e960117070a086e' } }
---

--- 2026-08-31T17:12:21.693Z debug
[InspectorProxyWorker] SEND TO RUNTIME {"method":"Runtime.getIsolateId","id":100000069}
---

--- 2026-08-31T17:12:21.695Z debug
[InspectorProxyWorker] RUNTIME INCOMING MESSAGE { id: 100000069, result: { id: 'e960117070a086e' } }
---

--- 2026-08-31T17:12:31.699Z debug
[InspectorProxyWorker] SEND TO RUNTIME {"method":"Runtime.getIsolateId","id":100000070}
---

--- 2026-08-31T17:12:31.700Z debug
[InspectorProxyWorker] RUNTIME INCOMING MESSAGE { id: 100000070, result: { id: 'e960117070a086e' } }
---

--- 2026-08-31T17:12:41.704Z debug
[InspectorProxyWorker] SEND TO RUNTIME {"method":"Runtime.getIsolateId","id":100000071}
---

--- 2026-08-31T17:12:41.705Z debug
[InspectorProxyWorker] RUNTIME INCOMING MESSAGE { id: 100000071, result: { id: 'e960117070a086e' } }
---

--- 2026-08-31T17:12:51.709Z debug
[InspectorProxyWorker] SEND TO RUNTIME {"method":"Runtime.getIsolateId","id":100000072}
---

--- 2026-08-31T17:12:51.710Z debug
[InspectorProxyWorker] RUNTIME INCOMING MESSAGE { id: 100000072, result: { id: 'e960117070a086e' } }
---

--- 2026-08-31T17:13:01.715Z debug
[InspectorProxyWorker] SEND TO RUNTIME {"method":"Runtime.getIsolateId","id":100000073}
---

--- 2026-08-31T17:13:01.717Z debug
[InspectorProxyWorker] RUNTIME INCOMING MESSAGE { id: 100000073, result: { id: 'e960117070a086e' } }
---

--- 2026-08-31T17:13:11.724Z debug
[InspectorProxyWorker] SEND TO RUNTIME {"method":"Runtime.getIsolateId","id":100000074}
---

--- 2026-08-31T17:13:11.725Z debug
[InspectorProxyWorker] RUNTIME INCOMING MESSAGE { id: 100000074, result: { id: 'e960117070a086e' } }
---

--- 2026-08-31T17:13:21.732Z debug
[InspectorProxyWorker] SEND TO RUNTIME {"method":"Runtime.getIsolateId","id":100000075}
---

--- 2026-08-31T17:13:21.733Z debug
[InspectorProxyWorker] RUNTIME INCOMING MESSAGE { id: 100000075, result: { id: 'e960117070a086e' } }
---

--- 2026-08-31T17:13:31.734Z debug
[InspectorProxyWorker] SEND TO RUNTIME {"method":"Runtime.getIsolateId","id":100000076}
---

--- 2026-08-31T17:13:31.735Z debug
[InspectorProxyWorker] RUNTIME INCOMING MESSAGE { id: 100000076, result: { id: 'e960117070a086e' } }
---

--- 2026-08-31T17:13:41.739Z debug
[InspectorProxyWorker] SEND TO RUNTIME {"method":"Runtime.getIsolateId","id":100000077}
---

--- 2026-08-31T17:13:41.741Z debug
[InspectorProxyWorker] RUNTIME INCOMING MESSAGE { id: 100000077, result: { id: 'e960117070a086e' } }
---

--- 2026-08-31T17:13:51.745Z debug
[InspectorProxyWorker] SEND TO RUNTIME {"method":"Runtime.getIsolateId","id":100000078}
---

--- 2026-08-31T17:13:51.747Z debug
[InspectorProxyWorker] RUNTIME INCOMING MESSAGE { id: 100000078, result: { id: 'e960117070a086e' } }
---

--- 2026-08-31T17:14:01.751Z debug
[InspectorProxyWorker] SEND TO RUNTIME {"method":"Runtime.getIsolateId","id":100000079}
---

--- 2026-08-31T17:14:01.754Z debug
[InspectorProxyWorker] RUNTIME INCOMING MESSAGE { id: 100000079, result: { id: 'e960117070a086e' } }
---

--- 2026-08-31T17:14:11.755Z debug
[InspectorProxyWorker] SEND TO RUNTIME {"method":"Runtime.getIsolateId","id":100000080}
---

--- 2026-08-31T17:14:11.756Z debug
[InspectorProxyWorker] RUNTIME INCOMING MESSAGE { id: 100000080, result: { id: 'e960117070a086e' } }
---

--- 2026-08-31T17:14:21.761Z debug
[InspectorProxyWorker] SEND TO RUNTIME {"method":"Runtime.getIsolateId","id":100000081}
---

--- 2026-08-31T17:14:21.767Z debug
[InspectorProxyWorker] RUNTIME INCOMING MESSAGE { id: 100000081, result: { id: 'e960117070a086e' } }
---

--- 2026-08-31T17:14:31.772Z debug
[InspectorProxyWorker] SEND TO RUNTIME {"method":"Runtime.getIsolateId","id":100000082}
---

--- 2026-08-31T17:14:31.776Z debug
[InspectorProxyWorker] RUNTIME INCOMING MESSAGE { id: 100000082, result: { id: 'e960117070a086e' } }
---

--- 2026-08-31T17:14:41.767Z debug
[InspectorProxyWorker] SEND TO RUNTIME {"method":"Runtime.getIsolateId","id":100000083}
---

--- 2026-08-31T17:14:41.768Z debug
[InspectorProxyWorker] RUNTIME INCOMING MESSAGE { id: 100000083, result: { id: 'e960117070a086e' } }
---

--- 2026-08-31T17:14:51.771Z debug
[InspectorProxyWorker] SEND TO RUNTIME {"method":"Runtime.getIsolateId","id":100000084}
---

--- 2026-08-31T17:14:51.772Z debug
[InspectorProxyWorker] RUNTIME INCOMING MESSAGE { id: 100000084, result: { id: 'e960117070a086e' } }
---

--- 2026-08-31T17:15:01.776Z debug
[InspectorProxyWorker] SEND TO RUNTIME {"method":"Runtime.getIsolateId","id":100000085}
---

--- 2026-08-31T17:15:01.777Z debug
[InspectorProxyWorker] RUNTIME INCOMING MESSAGE { id: 100000085, result: { id: 'e960117070a086e' } }
---

--- 2026-08-31T17:15:11.783Z debug
[InspectorProxyWorker] SEND TO RUNTIME {"method":"Runtime.getIsolateId","id":100000086}
---

--- 2026-08-31T17:15:11.784Z debug
[InspectorProxyWorker] RUNTIME INCOMING MESSAGE { id: 100000086, result: { id: 'e960117070a086e' } }
---

--- 2026-08-31T17:15:21.788Z debug
[InspectorProxyWorker] SEND TO RUNTIME {"method":"Runtime.getIsolateId","id":100000087}
---

--- 2026-08-31T17:15:21.789Z debug
[InspectorProxyWorker] RUNTIME INCOMING MESSAGE { id: 100000087, result: { id: 'e960117070a086e' } }
---

--- 2026-08-31T17:15:31.795Z debug
[InspectorProxyWorker] SEND TO RUNTIME {"method":"Runtime.getIsolateId","id":100000088}
---

--- 2026-08-31T17:15:31.796Z debug
[InspectorProxyWorker] RUNTIME INCOMING MESSAGE { id: 100000088, result: { id: 'e960117070a086e' } }
---

--- 2026-08-31T17:15:41.801Z debug
[InspectorProxyWorker] SEND TO RUNTIME {"method":"Runtime.getIsolateId","id":100000089}
---

--- 2026-08-31T17:15:41.801Z debug
[InspectorProxyWorker] RUNTIME INCOMING MESSAGE { id: 100000089, result: { id: 'e960117070a086e' } }
---

--- 2026-08-31T17:15:51.803Z debug
[InspectorProxyWorker] SEND TO RUNTIME {"method":"Runtime.getIsolateId","id":100000090}
---

--- 2026-08-31T17:15:51.804Z debug
[InspectorProxyWorker] RUNTIME INCOMING MESSAGE { id: 100000090, result: { id: 'e960117070a086e' } }
---

--- 2026-08-31T17:16:01.810Z debug
[InspectorProxyWorker] SEND TO RUNTIME {"method":"Runtime.getIsolateId","id":100000091}
---

--- 2026-08-31T17:16:01.810Z debug
[InspectorProxyWorker] RUNTIME INCOMING MESSAGE { id: 100000091, result: { id: 'e960117070a086e' } }
---

--- 2026-08-31T17:16:11.817Z debug
[InspectorProxyWorker] SEND TO RUNTIME {"method":"Runtime.getIsolateId","id":100000092}
---

--- 2026-08-31T17:16:11.817Z debug
[InspectorProxyWorker] RUNTIME INCOMING MESSAGE { id: 100000092, result: { id: 'e960117070a086e' } }
---

--- 2026-08-31T17:16:21.837Z debug
[InspectorProxyWorker] SEND TO RUNTIME {"method":"Runtime.getIsolateId","id":100000093}
---

--- 2026-08-31T17:16:21.839Z debug
[InspectorProxyWorker] RUNTIME INCOMING MESSAGE { id: 100000093, result: { id: 'e960117070a086e' } }
---

--- 2026-08-31T17:16:31.832Z debug
[InspectorProxyWorker] SEND TO RUNTIME {"method":"Runtime.getIsolateId","id":100000094}
---

--- 2026-08-31T17:16:31.833Z debug
[InspectorProxyWorker] RUNTIME INCOMING MESSAGE { id: 100000094, result: { id: 'e960117070a086e' } }
---

--- 2026-08-31T17:16:41.838Z debug
[InspectorProxyWorker] SEND TO RUNTIME {"method":"Runtime.getIsolateId","id":100000095}
---

--- 2026-08-31T17:16:41.839Z debug
[InspectorProxyWorker] RUNTIME INCOMING MESSAGE { id: 100000095, result: { id: 'e960117070a086e' } }
---

--- 2026-08-31T17:16:51.837Z debug
[InspectorProxyWorker] SEND TO RUNTIME {"method":"Runtime.getIsolateId","id":100000096}
---

--- 2026-08-31T17:16:51.838Z debug
[InspectorProxyWorker] RUNTIME INCOMING MESSAGE { id: 100000096, result: { id: 'e960117070a086e' } }
---

--- 2026-08-31T17:17:01.842Z debug
[InspectorProxyWorker] SEND TO RUNTIME {"method":"Runtime.getIsolateId","id":100000097}
---

--- 2026-08-31T17:17:01.843Z debug
[InspectorProxyWorker] RUNTIME INCOMING MESSAGE { id: 100000097, result: { id: 'e960117070a086e' } }
---

--- 2026-08-31T17:17:11.849Z debug
[InspectorProxyWorker] SEND TO RUNTIME {"method":"Runtime.getIsolateId","id":100000098}
---

--- 2026-08-31T17:17:11.849Z debug
[InspectorProxyWorker] RUNTIME INCOMING MESSAGE { id: 100000098, result: { id: 'e960117070a086e' } }
---

--- 2026-08-31T17:17:21.854Z debug
[InspectorProxyWorker] SEND TO RUNTIME {"method":"Runtime.getIsolateId","id":100000099}
---

--- 2026-08-31T17:17:21.854Z debug
[InspectorProxyWorker] RUNTIME INCOMING MESSAGE { id: 100000099, result: { id: 'e960117070a086e' } }
---

--- 2026-08-31T17:17:31.860Z debug
[InspectorProxyWorker] SEND TO RUNTIME {"method":"Runtime.getIsolateId","id":100000100}
---

--- 2026-08-31T17:17:31.861Z debug
[InspectorProxyWorker] RUNTIME INCOMING MESSAGE { id: 100000100, result: { id: 'e960117070a086e' } }
---

--- 2026-08-31T17:17:41.865Z debug
[InspectorProxyWorker] SEND TO RUNTIME {"method":"Runtime.getIsolateId","id":100000101}
---

--- 2026-08-31T17:17:41.866Z debug
[InspectorProxyWorker] RUNTIME INCOMING MESSAGE { id: 100000101, result: { id: 'e960117070a086e' } }
---

--- 2026-08-31T17:17:51.871Z debug
[InspectorProxyWorker] SEND TO RUNTIME {"method":"Runtime.getIsolateId","id":100000102}
---

--- 2026-08-31T17:17:51.872Z debug
[InspectorProxyWorker] RUNTIME INCOMING MESSAGE { id: 100000102, result: { id: 'e960117070a086e' } }
---

--- 2026-08-31T17:18:01.875Z debug
[InspectorProxyWorker] SEND TO RUNTIME {"method":"Runtime.getIsolateId","id":100000103}
---

--- 2026-08-31T17:18:01.878Z debug
[InspectorProxyWorker] RUNTIME INCOMING MESSAGE { id: 100000103, result: { id: 'e960117070a086e' } }
---

--- 2026-08-31T17:18:11.879Z debug
[InspectorProxyWorker] SEND TO RUNTIME {"method":"Runtime.getIsolateId","id":100000104}
---

--- 2026-08-31T17:18:11.880Z debug
[InspectorProxyWorker] RUNTIME INCOMING MESSAGE { id: 100000104, result: { id: 'e960117070a086e' } }
---

--- 2026-08-31T17:18:21.885Z debug
[InspectorProxyWorker] SEND TO RUNTIME {"method":"Runtime.getIsolateId","id":100000105}
---

--- 2026-08-31T17:18:21.886Z debug
[InspectorProxyWorker] RUNTIME INCOMING MESSAGE { id: 100000105, result: { id: 'e960117070a086e' } }
---

--- 2026-08-31T17:18:31.890Z debug
[InspectorProxyWorker] SEND TO RUNTIME {"method":"Runtime.getIsolateId","id":100000106}
---

--- 2026-08-31T17:18:31.893Z debug
[InspectorProxyWorker] RUNTIME INCOMING MESSAGE { id: 100000106, result: { id: 'e960117070a086e' } }
---

--- 2026-08-31T17:18:41.896Z debug
[InspectorProxyWorker] SEND TO RUNTIME {"method":"Runtime.getIsolateId","id":100000107}
---

--- 2026-08-31T17:18:41.897Z debug
[InspectorProxyWorker] RUNTIME INCOMING MESSAGE { id: 100000107, result: { id: 'e960117070a086e' } }
---

--- 2026-08-31T17:18:51.899Z debug
[InspectorProxyWorker] SEND TO RUNTIME {"method":"Runtime.getIsolateId","id":100000108}
---

--- 2026-08-31T17:18:51.900Z debug
[InspectorProxyWorker] RUNTIME INCOMING MESSAGE { id: 100000108, result: { id: 'e960117070a086e' } }
---

--- 2026-08-31T17:19:01.906Z debug
[InspectorProxyWorker] SEND TO RUNTIME {"method":"Runtime.getIsolateId","id":100000109}
---

--- 2026-08-31T17:19:01.906Z debug
[InspectorProxyWorker] RUNTIME INCOMING MESSAGE { id: 100000109, result: { id: 'e960117070a086e' } }
---

--- 2026-08-31T17:19:11.910Z debug
[InspectorProxyWorker] SEND TO RUNTIME {"method":"Runtime.getIsolateId","id":100000110}
---

--- 2026-08-31T17:19:11.911Z debug
[InspectorProxyWorker] RUNTIME INCOMING MESSAGE { id: 100000110, result: { id: 'e960117070a086e' } }
---

--- 2026-08-31T17:19:21.913Z debug
[InspectorProxyWorker] SEND TO RUNTIME {"method":"Runtime.getIsolateId","id":100000111}
---

--- 2026-08-31T17:19:21.914Z debug
[InspectorProxyWorker] RUNTIME INCOMING MESSAGE { id: 100000111, result: { id: 'e960117070a086e' } }
---

--- 2026-08-31T17:19:31.918Z debug
[InspectorProxyWorker] SEND TO RUNTIME {"method":"Runtime.getIsolateId","id":100000112}
---

--- 2026-08-31T17:19:31.919Z debug
[InspectorProxyWorker] RUNTIME INCOMING MESSAGE { id: 100000112, result: { id: 'e960117070a086e' } }
---

--- 2026-08-31T17:19:41.926Z debug
[InspectorProxyWorker] SEND TO RUNTIME {"method":"Runtime.getIsolateId","id":100000113}
---

--- 2026-08-31T17:19:41.927Z debug
[InspectorProxyWorker] RUNTIME INCOMING MESSAGE { id: 100000113, result: { id: 'e960117070a086e' } }
---

--- 2026-08-31T17:19:51.927Z debug
[InspectorProxyWorker] SEND TO RUNTIME {"method":"Runtime.getIsolateId","id":100000114}
---

--- 2026-08-31T17:19:51.928Z debug
[InspectorProxyWorker] RUNTIME INCOMING MESSAGE { id: 100000114, result: { id: 'e960117070a086e' } }
---

--- 2026-08-31T17:20:01.929Z debug
[InspectorProxyWorker] SEND TO RUNTIME {"method":"Runtime.getIsolateId","id":100000115}
---

--- 2026-08-31T17:20:01.930Z debug
[InspectorProxyWorker] RUNTIME INCOMING MESSAGE { id: 100000115, result: { id: 'e960117070a086e' } }
---

--- 2026-08-31T17:20:11.935Z debug
[InspectorProxyWorker] SEND TO RUNTIME {"method":"Runtime.getIsolateId","id":100000116}
---

--- 2026-08-31T17:20:11.936Z debug
[InspectorProxyWorker] RUNTIME INCOMING MESSAGE { id: 100000116, result: { id: 'e960117070a086e' } }
---

--- 2026-08-31T17:20:21.939Z debug
[InspectorProxyWorker] SEND TO RUNTIME {"method":"Runtime.getIsolateId","id":100000117}
---

--- 2026-08-31T17:20:21.940Z debug
[InspectorProxyWorker] RUNTIME INCOMING MESSAGE { id: 100000117, result: { id: 'e960117070a086e' } }
---

--- 2026-08-31T17:20:31.944Z debug
[InspectorProxyWorker] SEND TO RUNTIME {"method":"Runtime.getIsolateId","id":100000118}
---

--- 2026-08-31T17:20:31.945Z debug
[InspectorProxyWorker] RUNTIME INCOMING MESSAGE { id: 100000118, result: { id: 'e960117070a086e' } }
---

--- 2026-08-31T17:20:41.953Z debug
[InspectorProxyWorker] SEND TO RUNTIME {"method":"Runtime.getIsolateId","id":100000119}
---

--- 2026-08-31T17:20:41.954Z debug
[InspectorProxyWorker] RUNTIME INCOMING MESSAGE { id: 100000119, result: { id: 'e960117070a086e' } }
---

--- 2026-08-31T17:20:51.955Z debug
[InspectorProxyWorker] SEND TO RUNTIME {"method":"Runtime.getIsolateId","id":100000120}
---

--- 2026-08-31T17:20:51.956Z debug
[InspectorProxyWorker] RUNTIME INCOMING MESSAGE { id: 100000120, result: { id: 'e960117070a086e' } }
---

--- 2026-08-31T17:21:01.975Z debug
[InspectorProxyWorker] SEND TO RUNTIME {"method":"Runtime.getIsolateId","id":100000121}
---

--- 2026-08-31T17:21:01.979Z debug
[InspectorProxyWorker] RUNTIME INCOMING MESSAGE { id: 100000121, result: { id: 'e960117070a086e' } }
---

--- 2026-08-31T17:21:11.968Z debug
[InspectorProxyWorker] SEND TO RUNTIME {"method":"Runtime.getIsolateId","id":100000122}
---

--- 2026-08-31T17:21:11.969Z debug
[InspectorProxyWorker] RUNTIME INCOMING MESSAGE { id: 100000122, result: { id: 'e960117070a086e' } }
---

--- 2026-08-31T17:21:21.974Z debug
[InspectorProxyWorker] SEND TO RUNTIME {"method":"Runtime.getIsolateId","id":100000123}
---

--- 2026-08-31T17:21:21.975Z debug
[InspectorProxyWorker] RUNTIME INCOMING MESSAGE { id: 100000123, result: { id: 'e960117070a086e' } }
---

--- 2026-08-31T17:21:31.979Z debug
[InspectorProxyWorker] SEND TO RUNTIME {"method":"Runtime.getIsolateId","id":100000124}
---

--- 2026-08-31T17:21:31.982Z debug
[InspectorProxyWorker] RUNTIME INCOMING MESSAGE { id: 100000124, result: { id: 'e960117070a086e' } }
---

--- 2026-08-31T17:21:41.985Z debug
[InspectorProxyWorker] SEND TO RUNTIME {"method":"Runtime.getIsolateId","id":100000125}
---

--- 2026-08-31T17:21:41.986Z debug
[InspectorProxyWorker] RUNTIME INCOMING MESSAGE { id: 100000125, result: { id: 'e960117070a086e' } }
---

--- 2026-08-31T17:21:51.991Z debug
[InspectorProxyWorker] SEND TO RUNTIME {"method":"Runtime.getIsolateId","id":100000126}
---

--- 2026-08-31T17:21:51.992Z debug
[InspectorProxyWorker] RUNTIME INCOMING MESSAGE { id: 100000126, result: { id: 'e960117070a086e' } }
---

--- 2026-08-31T17:22:02.000Z debug
[InspectorProxyWorker] SEND TO RUNTIME {"method":"Runtime.getIsolateId","id":100000127}
---

--- 2026-08-31T17:22:02.002Z debug
[InspectorProxyWorker] RUNTIME INCOMING MESSAGE { id: 100000127, result: { id: 'e960117070a086e' } }
---

--- 2026-08-31T17:22:12.003Z debug
[InspectorProxyWorker] SEND TO RUNTIME {"method":"Runtime.getIsolateId","id":100000128}
---

--- 2026-08-31T17:22:12.005Z debug
[InspectorProxyWorker] RUNTIME INCOMING MESSAGE { id: 100000128, result: { id: 'e960117070a086e' } }
---

--- 2026-08-31T17:22:22.009Z debug
[InspectorProxyWorker] SEND TO RUNTIME {"method":"Runtime.getIsolateId","id":100000129}
---

--- 2026-08-31T17:22:22.011Z debug
[InspectorProxyWorker] RUNTIME INCOMING MESSAGE { id: 100000129, result: { id: 'e960117070a086e' } }
---

--- 2026-08-31T17:22:32.012Z debug
[InspectorProxyWorker] SEND TO RUNTIME {"method":"Runtime.getIsolateId","id":100000130}
---

--- 2026-08-31T17:22:32.013Z debug
[InspectorProxyWorker] RUNTIME INCOMING MESSAGE { id: 100000130, result: { id: 'e960117070a086e' } }
---

--- 2026-08-31T17:22:42.018Z debug
[InspectorProxyWorker] SEND TO RUNTIME {"method":"Runtime.getIsolateId","id":100000131}
---

--- 2026-08-31T17:22:42.019Z debug
[InspectorProxyWorker] RUNTIME INCOMING MESSAGE { id: 100000131, result: { id: 'e960117070a086e' } }
---

--- 2026-08-31T17:22:52.025Z debug
[InspectorProxyWorker] SEND TO RUNTIME {"method":"Runtime.getIsolateId","id":100000132}
---

--- 2026-08-31T17:22:52.028Z debug
[InspectorProxyWorker] RUNTIME INCOMING MESSAGE { id: 100000132, result: { id: 'e960117070a086e' } }
---

--- 2026-08-31T17:23:02.030Z debug
[InspectorProxyWorker] SEND TO RUNTIME {"method":"Runtime.getIsolateId","id":100000133}
---

--- 2026-08-31T17:23:02.033Z debug
[InspectorProxyWorker] RUNTIME INCOMING MESSAGE { id: 100000133, result: { id: 'e960117070a086e' } }
---

--- 2026-08-31T17:23:12.035Z debug
[InspectorProxyWorker] SEND TO RUNTIME {"method":"Runtime.getIsolateId","id":100000134}
---

--- 2026-08-31T17:23:12.036Z debug
[InspectorProxyWorker] RUNTIME INCOMING MESSAGE { id: 100000134, result: { id: 'e960117070a086e' } }
---

--- 2026-08-31T17:23:22.043Z debug
[InspectorProxyWorker] SEND TO RUNTIME {"method":"Runtime.getIsolateId","id":100000135}
---

--- 2026-08-31T17:23:22.044Z debug
[InspectorProxyWorker] RUNTIME INCOMING MESSAGE { id: 100000135, result: { id: 'e960117070a086e' } }
---

--- 2026-08-31T17:23:32.048Z debug
[InspectorProxyWorker] SEND TO RUNTIME {"method":"Runtime.getIsolateId","id":100000136}
---

--- 2026-08-31T17:23:32.053Z debug
[InspectorProxyWorker] RUNTIME INCOMING MESSAGE { id: 100000136, result: { id: 'e960117070a086e' } }
---

--- 2026-08-31T17:23:42.052Z debug
[InspectorProxyWorker] SEND TO RUNTIME {"method":"Runtime.getIsolateId","id":100000137}
---

--- 2026-08-31T17:23:42.053Z debug
[InspectorProxyWorker] RUNTIME INCOMING MESSAGE { id: 100000137, result: { id: 'e960117070a086e' } }
---

--- 2026-08-31T17:23:52.058Z debug
[InspectorProxyWorker] SEND TO RUNTIME {"method":"Runtime.getIsolateId","id":100000138}
---

--- 2026-08-31T17:23:52.059Z debug
[InspectorProxyWorker] RUNTIME INCOMING MESSAGE { id: 100000138, result: { id: 'e960117070a086e' } }
---

--- 2026-08-31T17:24:02.063Z debug
[InspectorProxyWorker] SEND TO RUNTIME {"method":"Runtime.getIsolateId","id":100000139}
---

--- 2026-08-31T17:24:02.064Z debug
[InspectorProxyWorker] RUNTIME INCOMING MESSAGE { id: 100000139, result: { id: 'e960117070a086e' } }
---

--- 2026-08-31T17:24:12.076Z debug
[InspectorProxyWorker] SEND TO RUNTIME {"method":"Runtime.getIsolateId","id":100000140}
---

--- 2026-08-31T17:24:12.077Z debug
[InspectorProxyWorker] RUNTIME INCOMING MESSAGE { id: 100000140, result: { id: 'e960117070a086e' } }
---

--- 2026-08-31T17:24:22.081Z debug
[InspectorProxyWorker] SEND TO RUNTIME {"method":"Runtime.getIsolateId","id":100000141}
---

--- 2026-08-31T17:24:22.082Z debug
[InspectorProxyWorker] RUNTIME INCOMING MESSAGE { id: 100000141, result: { id: 'e960117070a086e' } }
---

--- 2026-08-31T17:24:32.082Z debug
[InspectorProxyWorker] SEND TO RUNTIME {"method":"Runtime.getIsolateId","id":100000142}
---

--- 2026-08-31T17:24:32.085Z debug
[InspectorProxyWorker] RUNTIME INCOMING MESSAGE { id: 100000142, result: { id: 'e960117070a086e' } }
---

--- 2026-08-31T17:24:42.089Z debug
[InspectorProxyWorker] SEND TO RUNTIME {"method":"Runtime.getIsolateId","id":100000143}
---

--- 2026-08-31T17:24:42.089Z debug
[InspectorProxyWorker] RUNTIME INCOMING MESSAGE { id: 100000143, result: { id: 'e960117070a086e' } }
---

--- 2026-08-31T17:24:52.096Z debug
[InspectorProxyWorker] SEND TO RUNTIME {"method":"Runtime.getIsolateId","id":100000144}
---

--- 2026-08-31T17:24:52.098Z debug
[InspectorProxyWorker] RUNTIME INCOMING MESSAGE { id: 100000144, result: { id: 'e960117070a086e' } }
---

--- 2026-08-31T17:25:02.099Z debug
[InspectorProxyWorker] SEND TO RUNTIME {"method":"Runtime.getIsolateId","id":100000145}
---

--- 2026-08-31T17:25:02.100Z debug
[InspectorProxyWorker] RUNTIME INCOMING MESSAGE { id: 100000145, result: { id: 'e960117070a086e' } }
---

--- 2026-08-31T17:25:12.105Z debug
[InspectorProxyWorker] SEND TO RUNTIME {"method":"Runtime.getIsolateId","id":100000146}
---

--- 2026-08-31T17:25:12.108Z debug
[InspectorProxyWorker] RUNTIME INCOMING MESSAGE { id: 100000146, result: { id: 'e960117070a086e' } }
---

--- 2026-08-31T17:25:22.123Z debug
[InspectorProxyWorker] SEND TO RUNTIME {"method":"Runtime.getIsolateId","id":100000147}
---

--- 2026-08-31T17:25:22.124Z debug
[InspectorProxyWorker] RUNTIME INCOMING MESSAGE { id: 100000147, result: { id: 'e960117070a086e' } }
---

--- 2026-08-31T17:25:32.119Z debug
[InspectorProxyWorker] SEND TO RUNTIME {"method":"Runtime.getIsolateId","id":100000148}
---

--- 2026-08-31T17:25:32.120Z debug
[InspectorProxyWorker] RUNTIME INCOMING MESSAGE { id: 100000148, result: { id: 'e960117070a086e' } }
---

--- 2026-08-31T17:25:42.123Z debug
[InspectorProxyWorker] SEND TO RUNTIME {"method":"Runtime.getIsolateId","id":100000149}
---

--- 2026-08-31T17:25:42.125Z debug
[InspectorProxyWorker] RUNTIME INCOMING MESSAGE { id: 100000149, result: { id: 'e960117070a086e' } }
---

--- 2026-08-31T17:25:52.127Z debug
[InspectorProxyWorker] SEND TO RUNTIME {"method":"Runtime.getIsolateId","id":100000150}
---

--- 2026-08-31T17:25:52.128Z debug
[InspectorProxyWorker] RUNTIME INCOMING MESSAGE { id: 100000150, result: { id: 'e960117070a086e' } }
---

--- 2026-08-31T17:26:02.136Z debug
[InspectorProxyWorker] SEND TO RUNTIME {"method":"Runtime.getIsolateId","id":100000151}
---

--- 2026-08-31T17:26:02.137Z debug
[InspectorProxyWorker] RUNTIME INCOMING MESSAGE { id: 100000151, result: { id: 'e960117070a086e' } }
---

--- 2026-08-31T17:26:12.139Z debug
[InspectorProxyWorker] SEND TO RUNTIME {"method":"Runtime.getIsolateId","id":100000152}
---

--- 2026-08-31T17:26:12.140Z debug
[InspectorProxyWorker] RUNTIME INCOMING MESSAGE { id: 100000152, result: { id: 'e960117070a086e' } }
---

--- 2026-08-31T17:26:22.146Z debug
[InspectorProxyWorker] SEND TO RUNTIME {"method":"Runtime.getIsolateId","id":100000153}
---

--- 2026-08-31T17:26:22.147Z debug
[InspectorProxyWorker] RUNTIME INCOMING MESSAGE { id: 100000153, result: { id: 'e960117070a086e' } }
---

--- 2026-08-31T17:26:32.151Z debug
[InspectorProxyWorker] SEND TO RUNTIME {"method":"Runtime.getIsolateId","id":100000154}
---

--- 2026-08-31T17:26:32.152Z debug
[InspectorProxyWorker] RUNTIME INCOMING MESSAGE { id: 100000154, result: { id: 'e960117070a086e' } }
---

--- 2026-08-31T17:26:42.157Z debug
[InspectorProxyWorker] SEND TO RUNTIME {"method":"Runtime.getIsolateId","id":100000155}
---

--- 2026-08-31T17:26:42.158Z debug
[InspectorProxyWorker] RUNTIME INCOMING MESSAGE { id: 100000155, result: { id: 'e960117070a086e' } }
---

--- 2026-08-31T17:26:52.160Z debug
[InspectorProxyWorker] SEND TO RUNTIME {"method":"Runtime.getIsolateId","id":100000156}
---

--- 2026-08-31T17:26:52.161Z debug
[InspectorProxyWorker] RUNTIME INCOMING MESSAGE { id: 100000156, result: { id: 'e960117070a086e' } }
---

--- 2026-08-31T17:27:02.192Z debug
[InspectorProxyWorker] SEND TO RUNTIME {"method":"Runtime.getIsolateId","id":100000157}
---

--- 2026-08-31T17:27:02.198Z debug
[InspectorProxyWorker] RUNTIME INCOMING MESSAGE { id: 100000157, result: { id: 'e960117070a086e' } }
---

--- 2026-08-31T17:27:12.175Z debug
[InspectorProxyWorker] SEND TO RUNTIME {"method":"Runtime.getIsolateId","id":100000158}
---

--- 2026-08-31T17:27:12.176Z debug
[InspectorProxyWorker] RUNTIME INCOMING MESSAGE { id: 100000158, result: { id: 'e960117070a086e' } }
---

--- 2026-08-31T17:27:22.180Z debug
[InspectorProxyWorker] SEND TO RUNTIME {"method":"Runtime.getIsolateId","id":100000159}
---

--- 2026-08-31T17:27:22.180Z debug
[InspectorProxyWorker] RUNTIME INCOMING MESSAGE { id: 100000159, result: { id: 'e960117070a086e' } }
---

--- 2026-08-31T17:27:32.185Z debug
[InspectorProxyWorker] SEND TO RUNTIME {"method":"Runtime.getIsolateId","id":100000160}
---

--- 2026-08-31T17:27:32.186Z debug
[InspectorProxyWorker] RUNTIME INCOMING MESSAGE { id: 100000160, result: { id: 'e960117070a086e' } }
---

--- 2026-08-31T17:27:42.192Z debug
[InspectorProxyWorker] SEND TO RUNTIME {"method":"Runtime.getIsolateId","id":100000161}
---

--- 2026-08-31T17:27:42.192Z debug
[InspectorProxyWorker] RUNTIME INCOMING MESSAGE { id: 100000161, result: { id: 'e960117070a086e' } }
---

--- 2026-08-31T17:27:52.197Z debug
[InspectorProxyWorker] SEND TO RUNTIME {"method":"Runtime.getIsolateId","id":100000162}
---

--- 2026-08-31T17:27:52.198Z debug
[InspectorProxyWorker] RUNTIME INCOMING MESSAGE { id: 100000162, result: { id: 'e960117070a086e' } }
---

--- 2026-08-31T17:28:02.204Z debug
[InspectorProxyWorker] SEND TO RUNTIME {"method":"Runtime.getIsolateId","id":100000163}
---

--- 2026-08-31T17:28:02.205Z debug
[InspectorProxyWorker] RUNTIME INCOMING MESSAGE { id: 100000163, result: { id: 'e960117070a086e' } }
---

--- 2026-08-31T17:28:12.209Z debug
[InspectorProxyWorker] SEND TO RUNTIME {"method":"Runtime.getIsolateId","id":100000164}
---

--- 2026-08-31T17:28:12.210Z debug
[InspectorProxyWorker] RUNTIME INCOMING MESSAGE { id: 100000164, result: { id: 'e960117070a086e' } }
---

--- 2026-08-31T17:28:22.215Z debug
[InspectorProxyWorker] SEND TO RUNTIME {"method":"Runtime.getIsolateId","id":100000165}
---

--- 2026-08-31T17:28:22.216Z debug
[InspectorProxyWorker] RUNTIME INCOMING MESSAGE { id: 100000165, result: { id: 'e960117070a086e' } }
---

--- 2026-08-31T17:28:32.221Z debug
[InspectorProxyWorker] SEND TO RUNTIME {"method":"Runtime.getIsolateId","id":100000166}
---

--- 2026-08-31T17:28:32.222Z debug
[InspectorProxyWorker] RUNTIME INCOMING MESSAGE { id: 100000166, result: { id: 'e960117070a086e' } }
---

--- 2026-08-31T17:28:42.226Z debug
[InspectorProxyWorker] SEND TO RUNTIME {"method":"Runtime.getIsolateId","id":100000167}
---

--- 2026-08-31T17:28:42.227Z debug
[InspectorProxyWorker] RUNTIME INCOMING MESSAGE { id: 100000167, result: { id: 'e960117070a086e' } }
---

--- 2026-08-31T17:28:52.233Z debug
[InspectorProxyWorker] SEND TO RUNTIME {"method":"Runtime.getIsolateId","id":100000168}
---

--- 2026-08-31T17:28:52.234Z debug
[InspectorProxyWorker] RUNTIME INCOMING MESSAGE { id: 100000168, result: { id: 'e960117070a086e' } }
---

--- 2026-08-31T17:29:02.238Z debug
[InspectorProxyWorker] SEND TO RUNTIME {"method":"Runtime.getIsolateId","id":100000169}
---

--- 2026-08-31T17:29:02.239Z debug
[InspectorProxyWorker] RUNTIME INCOMING MESSAGE { id: 100000169, result: { id: 'e960117070a086e' } }
---

--- 2026-08-31T17:29:12.244Z debug
[InspectorProxyWorker] SEND TO RUNTIME {"method":"Runtime.getIsolateId","id":100000170}
---

--- 2026-08-31T17:29:12.250Z debug
[InspectorProxyWorker] RUNTIME INCOMING MESSAGE { id: 100000170, result: { id: 'e960117070a086e' } }
---

--- 2026-08-31T17:29:22.250Z debug
[InspectorProxyWorker] SEND TO RUNTIME {"method":"Runtime.getIsolateId","id":100000171}
---

--- 2026-08-31T17:29:22.252Z debug
[InspectorProxyWorker] RUNTIME INCOMING MESSAGE { id: 100000171, result: { id: 'e960117070a086e' } }
---

--- 2026-08-31T17:29:32.263Z debug
[InspectorProxyWorker] SEND TO RUNTIME {"method":"Runtime.getIsolateId","id":100000172}
---

--- 2026-08-31T17:29:32.264Z debug
[InspectorProxyWorker] RUNTIME INCOMING MESSAGE { id: 100000172, result: { id: 'e960117070a086e' } }
---

--- 2026-08-31T17:29:42.258Z debug
[InspectorProxyWorker] SEND TO RUNTIME {"method":"Runtime.getIsolateId","id":100000173}
---

--- 2026-08-31T17:29:42.259Z debug
[InspectorProxyWorker] RUNTIME INCOMING MESSAGE { id: 100000173, result: { id: 'e960117070a086e' } }
---

--- 2026-08-31T17:29:52.264Z debug
[InspectorProxyWorker] SEND TO RUNTIME {"method":"Runtime.getIsolateId","id":100000174}
---

--- 2026-08-31T17:29:52.265Z debug
[InspectorProxyWorker] RUNTIME INCOMING MESSAGE { id: 100000174, result: { id: 'e960117070a086e' } }
---

--- 2026-08-31T17:30:02.270Z debug
[InspectorProxyWorker] SEND TO RUNTIME {"method":"Runtime.getIsolateId","id":100000175}
---

--- 2026-08-31T17:30:02.270Z debug
[InspectorProxyWorker] RUNTIME INCOMING MESSAGE { id: 100000175, result: { id: 'e960117070a086e' } }
---

--- 2026-08-31T17:30:12.272Z debug
[InspectorProxyWorker] SEND TO RUNTIME {"method":"Runtime.getIsolateId","id":100000176}
---

--- 2026-08-31T17:30:12.273Z debug
[InspectorProxyWorker] RUNTIME INCOMING MESSAGE { id: 100000176, result: { id: 'e960117070a086e' } }
---

--- 2026-08-31T17:30:22.277Z debug
[InspectorProxyWorker] SEND TO RUNTIME {"method":"Runtime.getIsolateId","id":100000177}
---

--- 2026-08-31T17:30:22.278Z debug
[InspectorProxyWorker] RUNTIME INCOMING MESSAGE { id: 100000177, result: { id: 'e960117070a086e' } }
---

--- 2026-08-31T17:30:32.282Z debug
[InspectorProxyWorker] SEND TO RUNTIME {"method":"Runtime.getIsolateId","id":100000178}
---

--- 2026-08-31T17:30:32.283Z debug
[InspectorProxyWorker] RUNTIME INCOMING MESSAGE { id: 100000178, result: { id: 'e960117070a086e' } }
---

--- 2026-08-31T17:30:42.288Z debug
[InspectorProxyWorker] SEND TO RUNTIME {"method":"Runtime.getIsolateId","id":100000179}
---

--- 2026-08-31T17:30:42.288Z debug
[InspectorProxyWorker] RUNTIME INCOMING MESSAGE { id: 100000179, result: { id: 'e960117070a086e' } }
---

--- 2026-08-31T17:30:52.292Z debug
[InspectorProxyWorker] SEND TO RUNTIME {"method":"Runtime.getIsolateId","id":100000180}
---

--- 2026-08-31T17:30:52.293Z debug
[InspectorProxyWorker] RUNTIME INCOMING MESSAGE { id: 100000180, result: { id: 'e960117070a086e' } }
---

--- 2026-08-31T17:31:02.314Z debug
[InspectorProxyWorker] SEND TO RUNTIME {"method":"Runtime.getIsolateId","id":100000181}
---

--- 2026-08-31T17:31:02.323Z debug
[InspectorProxyWorker] RUNTIME INCOMING MESSAGE { id: 100000181, result: { id: 'e960117070a086e' } }
---

--- 2026-08-31T17:31:12.306Z debug
[InspectorProxyWorker] SEND TO RUNTIME {"method":"Runtime.getIsolateId","id":100000182}
---

--- 2026-08-31T17:31:12.307Z debug
[InspectorProxyWorker] RUNTIME INCOMING MESSAGE { id: 100000182, result: { id: 'e960117070a086e' } }
---

--- 2026-08-31T17:31:22.313Z debug
[InspectorProxyWorker] SEND TO RUNTIME {"method":"Runtime.getIsolateId","id":100000183}
---

--- 2026-08-31T17:31:22.314Z debug
[InspectorProxyWorker] RUNTIME INCOMING MESSAGE { id: 100000183, result: { id: 'e960117070a086e' } }
---

--- 2026-08-31T17:31:32.318Z debug
[InspectorProxyWorker] SEND TO RUNTIME {"method":"Runtime.getIsolateId","id":100000184}
---

--- 2026-08-31T17:31:32.319Z debug
[InspectorProxyWorker] RUNTIME INCOMING MESSAGE { id: 100000184, result: { id: 'e960117070a086e' } }
---

--- 2026-08-31T17:31:42.323Z debug
[InspectorProxyWorker] SEND TO RUNTIME {"method":"Runtime.getIsolateId","id":100000185}
---

--- 2026-08-31T17:31:42.324Z debug
[InspectorProxyWorker] RUNTIME INCOMING MESSAGE { id: 100000185, result: { id: 'e960117070a086e' } }
---

--- 2026-08-31T17:31:52.329Z debug
[InspectorProxyWorker] SEND TO RUNTIME {"method":"Runtime.getIsolateId","id":100000186}
---

--- 2026-08-31T17:31:52.330Z debug
[InspectorProxyWorker] RUNTIME INCOMING MESSAGE { id: 100000186, result: { id: 'e960117070a086e' } }
---

--- 2026-08-31T17:32:02.333Z debug
[InspectorProxyWorker] SEND TO RUNTIME {"method":"Runtime.getIsolateId","id":100000187}
---

--- 2026-08-31T17:32:02.334Z debug
[InspectorProxyWorker] RUNTIME INCOMING MESSAGE { id: 100000187, result: { id: 'e960117070a086e' } }
---

--- 2026-08-31T17:32:12.339Z debug
[InspectorProxyWorker] SEND TO RUNTIME {"method":"Runtime.getIsolateId","id":100000188}
---

--- 2026-08-31T17:32:12.340Z debug
[InspectorProxyWorker] RUNTIME INCOMING MESSAGE { id: 100000188, result: { id: 'e960117070a086e' } }
---

--- 2026-08-31T17:32:22.346Z debug
[InspectorProxyWorker] SEND TO RUNTIME {"method":"Runtime.getIsolateId","id":100000189}
---

--- 2026-08-31T17:32:22.349Z debug
[InspectorProxyWorker] RUNTIME INCOMING MESSAGE { id: 100000189, result: { id: 'e960117070a086e' } }
---

--- 2026-08-31T17:32:32.347Z debug
[InspectorProxyWorker] SEND TO RUNTIME {"method":"Runtime.getIsolateId","id":100000190}
---

--- 2026-08-31T17:32:32.348Z debug
[InspectorProxyWorker] RUNTIME INCOMING MESSAGE { id: 100000190, result: { id: 'e960117070a086e' } }
---

--- 2026-08-31T17:32:42.352Z debug
[InspectorProxyWorker] SEND TO RUNTIME {"method":"Runtime.getIsolateId","id":100000191}
---

--- 2026-08-31T17:32:42.354Z debug
[InspectorProxyWorker] RUNTIME INCOMING MESSAGE { id: 100000191, result: { id: 'e960117070a086e' } }
---

--- 2026-08-31T17:32:52.357Z debug
[InspectorProxyWorker] SEND TO RUNTIME {"method":"Runtime.getIsolateId","id":100000192}
---

--- 2026-08-31T17:32:52.359Z debug
[InspectorProxyWorker] RUNTIME INCOMING MESSAGE { id: 100000192, result: { id: 'e960117070a086e' } }
---

--- 2026-08-31T17:33:02.359Z debug
[InspectorProxyWorker] SEND TO RUNTIME {"method":"Runtime.getIsolateId","id":100000193}
---

--- 2026-08-31T17:33:02.360Z debug
[InspectorProxyWorker] RUNTIME INCOMING MESSAGE { id: 100000193, result: { id: 'e960117070a086e' } }
---

--- 2026-08-31T17:33:12.365Z debug
[InspectorProxyWorker] SEND TO RUNTIME {"method":"Runtime.getIsolateId","id":100000194}
---

--- 2026-08-31T17:33:12.366Z debug
[InspectorProxyWorker] RUNTIME INCOMING MESSAGE { id: 100000194, result: { id: 'e960117070a086e' } }
---

--- 2026-08-31T17:33:22.371Z debug
[InspectorProxyWorker] SEND TO RUNTIME {"method":"Runtime.getIsolateId","id":100000195}
---

--- 2026-08-31T17:33:22.372Z debug
[InspectorProxyWorker] RUNTIME INCOMING MESSAGE { id: 100000195, result: { id: 'e960117070a086e' } }
---

--- 2026-08-31T17:33:32.376Z debug
[InspectorProxyWorker] SEND TO RUNTIME {"method":"Runtime.getIsolateId","id":100000196}
---

--- 2026-08-31T17:33:32.377Z debug
[InspectorProxyWorker] RUNTIME INCOMING MESSAGE { id: 100000196, result: { id: 'e960117070a086e' } }
---

--- 2026-08-31T17:33:42.380Z debug
[InspectorProxyWorker] SEND TO RUNTIME {"method":"Runtime.getIsolateId","id":100000197}
---

--- 2026-08-31T17:33:42.381Z debug
[InspectorProxyWorker] RUNTIME INCOMING MESSAGE { id: 100000197, result: { id: 'e960117070a086e' } }
---

--- 2026-08-31T17:33:52.386Z debug
[InspectorProxyWorker] SEND TO RUNTIME {"method":"Runtime.getIsolateId","id":100000198}
---

--- 2026-08-31T17:33:52.388Z debug
[InspectorProxyWorker] RUNTIME INCOMING MESSAGE { id: 100000198, result: { id: 'e960117070a086e' } }
---

--- 2026-08-31T17:34:02.392Z debug
[InspectorProxyWorker] SEND TO RUNTIME {"method":"Runtime.getIsolateId","id":100000199}
---

--- 2026-08-31T17:34:02.393Z debug
[InspectorProxyWorker] RUNTIME INCOMING MESSAGE { id: 100000199, result: { id: 'e960117070a086e' } }
---

--- 2026-08-31T17:34:12.399Z debug
[InspectorProxyWorker] SEND TO RUNTIME {"method":"Runtime.getIsolateId","id":100000200}
---

--- 2026-08-31T17:34:12.400Z debug
[InspectorProxyWorker] RUNTIME INCOMING MESSAGE { id: 100000200, result: { id: 'e960117070a086e' } }
---

--- 2026-08-31T17:34:22.404Z debug
[InspectorProxyWorker] SEND TO RUNTIME {"method":"Runtime.getIsolateId","id":100000201}
---

--- 2026-08-31T17:34:22.405Z debug
[InspectorProxyWorker] RUNTIME INCOMING MESSAGE { id: 100000201, result: { id: 'e960117070a086e' } }
---

--- 2026-08-31T17:34:32.412Z debug
[InspectorProxyWorker] SEND TO RUNTIME {"method":"Runtime.getIsolateId","id":100000202}
---

--- 2026-08-31T17:34:32.413Z debug
[InspectorProxyWorker] RUNTIME INCOMING MESSAGE { id: 100000202, result: { id: 'e960117070a086e' } }
---

--- 2026-08-31T17:34:42.417Z debug
[InspectorProxyWorker] SEND TO RUNTIME {"method":"Runtime.getIsolateId","id":100000203}
---

--- 2026-08-31T17:34:42.418Z debug
[InspectorProxyWorker] RUNTIME INCOMING MESSAGE { id: 100000203, result: { id: 'e960117070a086e' } }
---

--- 2026-08-31T17:34:52.419Z debug
[InspectorProxyWorker] SEND TO RUNTIME {"method":"Runtime.getIsolateId","id":100000204}
---

--- 2026-08-31T17:34:52.420Z debug
[InspectorProxyWorker] RUNTIME INCOMING MESSAGE { id: 100000204, result: { id: 'e960117070a086e' } }
---

--- 2026-08-31T17:35:02.424Z debug
[InspectorProxyWorker] SEND TO RUNTIME {"method":"Runtime.getIsolateId","id":100000205}
---

--- 2026-08-31T17:35:02.426Z debug
[InspectorProxyWorker] RUNTIME INCOMING MESSAGE { id: 100000205, result: { id: 'e960117070a086e' } }
---

--- 2026-08-31T17:35:12.431Z debug
[InspectorProxyWorker] SEND TO RUNTIME {"method":"Runtime.getIsolateId","id":100000206}
---

--- 2026-08-31T17:35:12.431Z debug
[InspectorProxyWorker] RUNTIME INCOMING MESSAGE { id: 100000206, result: { id: 'e960117070a086e' } }
---

--- 2026-08-31T17:35:22.436Z debug
[InspectorProxyWorker] SEND TO RUNTIME {"method":"Runtime.getIsolateId","id":100000207}
---

--- 2026-08-31T17:35:22.437Z debug
[InspectorProxyWorker] RUNTIME INCOMING MESSAGE { id: 100000207, result: { id: 'e960117070a086e' } }
---

--- 2026-08-31T17:35:32.443Z debug
[InspectorProxyWorker] SEND TO RUNTIME {"method":"Runtime.getIsolateId","id":100000208}
---

--- 2026-08-31T17:35:32.444Z debug
[InspectorProxyWorker] RUNTIME INCOMING MESSAGE { id: 100000208, result: { id: 'e960117070a086e' } }
---

--- 2026-08-31T17:35:42.445Z debug
[InspectorProxyWorker] SEND TO RUNTIME {"method":"Runtime.getIsolateId","id":100000209}
---

--- 2026-08-31T17:35:42.446Z debug
[InspectorProxyWorker] RUNTIME INCOMING MESSAGE { id: 100000209, result: { id: 'e960117070a086e' } }
---

--- 2026-08-31T17:35:52.449Z debug
[InspectorProxyWorker] SEND TO RUNTIME {"method":"Runtime.getIsolateId","id":100000210}
---

--- 2026-08-31T17:35:52.450Z debug
[InspectorProxyWorker] RUNTIME INCOMING MESSAGE { id: 100000210, result: { id: 'e960117070a086e' } }
---

--- 2026-08-31T17:36:02.455Z debug
[InspectorProxyWorker] SEND TO RUNTIME {"method":"Runtime.getIsolateId","id":100000211}
---

--- 2026-08-31T17:36:02.457Z debug
[InspectorProxyWorker] RUNTIME INCOMING MESSAGE { id: 100000211, result: { id: 'e960117070a086e' } }
---

--- 2026-08-31T17:36:12.460Z debug
[InspectorProxyWorker] SEND TO RUNTIME {"method":"Runtime.getIsolateId","id":100000212}
---

--- 2026-08-31T17:36:12.461Z debug
[InspectorProxyWorker] RUNTIME INCOMING MESSAGE { id: 100000212, result: { id: 'e960117070a086e' } }
---

--- 2026-08-31T17:36:22.466Z debug
[InspectorProxyWorker] SEND TO RUNTIME {"method":"Runtime.getIsolateId","id":100000213}
---

--- 2026-08-31T17:36:22.469Z debug
[InspectorProxyWorker] RUNTIME INCOMING MESSAGE { id: 100000213, result: { id: 'e960117070a086e' } }
---

--- 2026-08-31T17:36:32.470Z debug
[InspectorProxyWorker] SEND TO RUNTIME {"method":"Runtime.getIsolateId","id":100000214}
---

--- 2026-08-31T17:36:32.470Z debug
[InspectorProxyWorker] RUNTIME INCOMING MESSAGE { id: 100000214, result: { id: 'e960117070a086e' } }
---

--- 2026-08-31T17:36:42.475Z debug
[InspectorProxyWorker] SEND TO RUNTIME {"method":"Runtime.getIsolateId","id":100000215}
---

--- 2026-08-31T17:36:42.476Z debug
[InspectorProxyWorker] RUNTIME INCOMING MESSAGE { id: 100000215, result: { id: 'e960117070a086e' } }
---

--- 2026-08-31T17:36:52.481Z debug
[InspectorProxyWorker] SEND TO RUNTIME {"method":"Runtime.getIsolateId","id":100000216}
---

--- 2026-08-31T17:36:52.482Z debug
[InspectorProxyWorker] RUNTIME INCOMING MESSAGE { id: 100000216, result: { id: 'e960117070a086e' } }
---

--- 2026-08-31T17:37:02.487Z debug
[InspectorProxyWorker] SEND TO RUNTIME {"method":"Runtime.getIsolateId","id":100000217}
---

--- 2026-08-31T17:37:02.488Z debug
[InspectorProxyWorker] RUNTIME INCOMING MESSAGE { id: 100000217, result: { id: 'e960117070a086e' } }
---

--- 2026-08-31T17:37:12.493Z debug
[InspectorProxyWorker] SEND TO RUNTIME {"method":"Runtime.getIsolateId","id":100000218}
---

--- 2026-08-31T17:37:12.494Z debug
[InspectorProxyWorker] RUNTIME INCOMING MESSAGE { id: 100000218, result: { id: 'e960117070a086e' } }
---

--- 2026-08-31T17:37:22.500Z debug
[InspectorProxyWorker] SEND TO RUNTIME {"method":"Runtime.getIsolateId","id":100000219}
---

--- 2026-08-31T17:37:22.500Z debug
[InspectorProxyWorker] RUNTIME INCOMING MESSAGE { id: 100000219, result: { id: 'e960117070a086e' } }
---

--- 2026-08-31T17:37:32.506Z debug
[InspectorProxyWorker] SEND TO RUNTIME {"method":"Runtime.getIsolateId","id":100000220}
---

--- 2026-08-31T17:37:32.507Z debug
[InspectorProxyWorker] RUNTIME INCOMING MESSAGE { id: 100000220, result: { id: 'e960117070a086e' } }
---

--- 2026-08-31T17:37:42.511Z debug
[InspectorProxyWorker] SEND TO RUNTIME {"method":"Runtime.getIsolateId","id":100000221}
---

--- 2026-08-31T17:37:42.512Z debug
[InspectorProxyWorker] RUNTIME INCOMING MESSAGE { id: 100000221, result: { id: 'e960117070a086e' } }
---

--- 2026-08-31T17:37:52.517Z debug
[InspectorProxyWorker] SEND TO RUNTIME {"method":"Runtime.getIsolateId","id":100000222}
---

--- 2026-08-31T17:37:52.519Z debug
[InspectorProxyWorker] RUNTIME INCOMING MESSAGE { id: 100000222, result: { id: 'e960117070a086e' } }
---

--- 2026-08-31T17:38:02.523Z debug
[InspectorProxyWorker] SEND TO RUNTIME {"method":"Runtime.getIsolateId","id":100000223}
---

--- 2026-08-31T17:38:02.524Z debug
[InspectorProxyWorker] RUNTIME INCOMING MESSAGE { id: 100000223, result: { id: 'e960117070a086e' } }
---

--- 2026-08-31T17:38:12.529Z debug
[InspectorProxyWorker] SEND TO RUNTIME {"method":"Runtime.getIsolateId","id":100000224}
---

--- 2026-08-31T17:38:12.530Z debug
[InspectorProxyWorker] RUNTIME INCOMING MESSAGE { id: 100000224, result: { id: 'e960117070a086e' } }
---

--- 2026-08-31T17:38:22.535Z debug
[InspectorProxyWorker] SEND TO RUNTIME {"method":"Runtime.getIsolateId","id":100000225}
---

--- 2026-08-31T17:38:22.536Z debug
[InspectorProxyWorker] RUNTIME INCOMING MESSAGE { id: 100000225, result: { id: 'e960117070a086e' } }
---

--- 2026-08-31T17:38:32.541Z debug
[InspectorProxyWorker] SEND TO RUNTIME {"method":"Runtime.getIsolateId","id":100000226}
---

--- 2026-08-31T17:38:32.543Z debug
[InspectorProxyWorker] RUNTIME INCOMING MESSAGE { id: 100000226, result: { id: 'e960117070a086e' } }
---

--- 2026-08-31T17:38:42.547Z debug
[InspectorProxyWorker] SEND TO RUNTIME {"method":"Runtime.getIsolateId","id":100000227}
---

--- 2026-08-31T17:38:42.548Z debug
[InspectorProxyWorker] RUNTIME INCOMING MESSAGE { id: 100000227, result: { id: 'e960117070a086e' } }
---

--- 2026-08-31T17:38:52.552Z debug
[InspectorProxyWorker] SEND TO RUNTIME {"method":"Runtime.getIsolateId","id":100000228}
---

--- 2026-08-31T17:38:52.553Z debug
[InspectorProxyWorker] RUNTIME INCOMING MESSAGE { id: 100000228, result: { id: 'e960117070a086e' } }
---

--- 2026-08-31T17:39:02.559Z debug
[InspectorProxyWorker] SEND TO RUNTIME {"method":"Runtime.getIsolateId","id":100000229}
---

--- 2026-08-31T17:39:02.559Z debug
[InspectorProxyWorker] RUNTIME INCOMING MESSAGE { id: 100000229, result: { id: 'e960117070a086e' } }
---

--- 2026-08-31T17:39:12.563Z debug
[InspectorProxyWorker] SEND TO RUNTIME {"method":"Runtime.getIsolateId","id":100000230}
---

--- 2026-08-31T17:39:12.564Z debug
[InspectorProxyWorker] RUNTIME INCOMING MESSAGE { id: 100000230, result: { id: 'e960117070a086e' } }
---

--- 2026-08-31T17:39:22.569Z debug
[InspectorProxyWorker] SEND TO RUNTIME {"method":"Runtime.getIsolateId","id":100000231}
---

--- 2026-08-31T17:39:22.570Z debug
[InspectorProxyWorker] RUNTIME INCOMING MESSAGE { id: 100000231, result: { id: 'e960117070a086e' } }
---

--- 2026-08-31T17:39:32.575Z debug
[InspectorProxyWorker] SEND TO RUNTIME {"method":"Runtime.getIsolateId","id":100000232}
---

--- 2026-08-31T17:39:32.575Z debug
[InspectorProxyWorker] RUNTIME INCOMING MESSAGE { id: 100000232, result: { id: 'e960117070a086e' } }
---

--- 2026-08-31T17:39:42.582Z debug
[InspectorProxyWorker] SEND TO RUNTIME {"method":"Runtime.getIsolateId","id":100000233}
---

--- 2026-08-31T17:39:42.584Z debug
[InspectorProxyWorker] RUNTIME INCOMING MESSAGE { id: 100000233, result: { id: 'e960117070a086e' } }
---

--- 2026-08-31T17:39:52.587Z debug
[InspectorProxyWorker] SEND TO RUNTIME {"method":"Runtime.getIsolateId","id":100000234}
---

--- 2026-08-31T17:39:52.588Z debug
[InspectorProxyWorker] RUNTIME INCOMING MESSAGE { id: 100000234, result: { id: 'e960117070a086e' } }
---

--- 2026-08-31T17:40:02.592Z debug
[InspectorProxyWorker] SEND TO RUNTIME {"method":"Runtime.getIsolateId","id":100000235}
---

--- 2026-08-31T17:40:02.593Z debug
[InspectorProxyWorker] RUNTIME INCOMING MESSAGE { id: 100000235, result: { id: 'e960117070a086e' } }
---

--- 2026-08-31T17:40:12.599Z debug
[InspectorProxyWorker] SEND TO RUNTIME {"method":"Runtime.getIsolateId","id":100000236}
---

--- 2026-08-31T17:40:12.599Z debug
[InspectorProxyWorker] RUNTIME INCOMING MESSAGE { id: 100000236, result: { id: 'e960117070a086e' } }
---

--- 2026-08-31T17:40:22.603Z debug
[InspectorProxyWorker] SEND TO RUNTIME {"method":"Runtime.getIsolateId","id":100000237}
---

--- 2026-08-31T17:40:22.604Z debug
[InspectorProxyWorker] RUNTIME INCOMING MESSAGE { id: 100000237, result: { id: 'e960117070a086e' } }
---

--- 2026-08-31T17:40:32.610Z debug
[InspectorProxyWorker] SEND TO RUNTIME {"method":"Runtime.getIsolateId","id":100000238}
---

--- 2026-08-31T17:40:32.611Z debug
[InspectorProxyWorker] RUNTIME INCOMING MESSAGE { id: 100000238, result: { id: 'e960117070a086e' } }
---

--- 2026-08-31T17:40:42.615Z debug
[InspectorProxyWorker] SEND TO RUNTIME {"method":"Runtime.getIsolateId","id":100000239}
---

--- 2026-08-31T17:40:42.616Z debug
[InspectorProxyWorker] RUNTIME INCOMING MESSAGE { id: 100000239, result: { id: 'e960117070a086e' } }
---

--- 2026-08-31T17:40:52.621Z debug
[InspectorProxyWorker] SEND TO RUNTIME {"method":"Runtime.getIsolateId","id":100000240}
---

--- 2026-08-31T17:40:52.622Z debug
[InspectorProxyWorker] RUNTIME INCOMING MESSAGE { id: 100000240, result: { id: 'e960117070a086e' } }
---

--- 2026-08-31T17:41:02.630Z debug
[InspectorProxyWorker] SEND TO RUNTIME {"method":"Runtime.getIsolateId","id":100000241}
---

--- 2026-08-31T17:41:02.631Z debug
[InspectorProxyWorker] RUNTIME INCOMING MESSAGE { id: 100000241, result: { id: 'e960117070a086e' } }
---

--- 2026-08-31T17:41:12.628Z debug
[InspectorProxyWorker] SEND TO RUNTIME {"method":"Runtime.getIsolateId","id":100000242}
---

--- 2026-08-31T17:41:12.629Z debug
[InspectorProxyWorker] RUNTIME INCOMING MESSAGE { id: 100000242, result: { id: 'e960117070a086e' } }
---

--- 2026-08-31T17:41:22.635Z debug
[InspectorProxyWorker] SEND TO RUNTIME {"method":"Runtime.getIsolateId","id":100000243}
---

--- 2026-08-31T17:41:22.636Z debug
[InspectorProxyWorker] RUNTIME INCOMING MESSAGE { id: 100000243, result: { id: 'e960117070a086e' } }
---

--- 2026-08-31T17:41:32.644Z debug
[InspectorProxyWorker] SEND TO RUNTIME {"method":"Runtime.getIsolateId","id":100000244}
---

--- 2026-08-31T17:41:32.645Z debug
[InspectorProxyWorker] RUNTIME INCOMING MESSAGE { id: 100000244, result: { id: 'e960117070a086e' } }
---

--- 2026-08-31T17:41:42.646Z debug
[InspectorProxyWorker] SEND TO RUNTIME {"method":"Runtime.getIsolateId","id":100000245}
---

--- 2026-08-31T17:41:42.647Z debug
[InspectorProxyWorker] RUNTIME INCOMING MESSAGE { id: 100000245, result: { id: 'e960117070a086e' } }
---

--- 2026-08-31T17:41:52.652Z debug
[InspectorProxyWorker] SEND TO RUNTIME {"method":"Runtime.getIsolateId","id":100000246}
---

--- 2026-08-31T17:41:52.654Z debug
[InspectorProxyWorker] RUNTIME INCOMING MESSAGE { id: 100000246, result: { id: 'e960117070a086e' } }
---

--- 2026-08-31T17:42:02.658Z debug
[InspectorProxyWorker] SEND TO RUNTIME {"method":"Runtime.getIsolateId","id":100000247}
---

--- 2026-08-31T17:42:02.659Z debug
[InspectorProxyWorker] RUNTIME INCOMING MESSAGE { id: 100000247, result: { id: 'e960117070a086e' } }
---

--- 2026-08-31T17:42:12.660Z debug
[InspectorProxyWorker] SEND TO RUNTIME {"method":"Runtime.getIsolateId","id":100000248}
---

--- 2026-08-31T17:42:12.662Z debug
[InspectorProxyWorker] RUNTIME INCOMING MESSAGE { id: 100000248, result: { id: 'e960117070a086e' } }
---

--- 2026-08-31T17:42:22.665Z debug
[InspectorProxyWorker] SEND TO RUNTIME {"method":"Runtime.getIsolateId","id":100000249}
---

--- 2026-08-31T17:42:22.666Z debug
[InspectorProxyWorker] RUNTIME INCOMING MESSAGE { id: 100000249, result: { id: 'e960117070a086e' } }
---

--- 2026-08-31T17:42:32.676Z debug
[InspectorProxyWorker] SEND TO RUNTIME {"method":"Runtime.getIsolateId","id":100000250}
---

--- 2026-08-31T17:42:32.677Z debug
[InspectorProxyWorker] RUNTIME INCOMING MESSAGE { id: 100000250, result: { id: 'e960117070a086e' } }
---

--- 2026-08-31T17:42:42.677Z debug
[InspectorProxyWorker] SEND TO RUNTIME {"method":"Runtime.getIsolateId","id":100000251}
---

--- 2026-08-31T17:42:42.678Z debug
[InspectorProxyWorker] RUNTIME INCOMING MESSAGE { id: 100000251, result: { id: 'e960117070a086e' } }
---

--- 2026-08-31T17:42:52.684Z debug
[InspectorProxyWorker] SEND TO RUNTIME {"method":"Runtime.getIsolateId","id":100000252}
---

--- 2026-08-31T17:42:52.685Z debug
[InspectorProxyWorker] RUNTIME INCOMING MESSAGE { id: 100000252, result: { id: 'e960117070a086e' } }
---

--- 2026-08-31T17:43:02.691Z debug
[InspectorProxyWorker] SEND TO RUNTIME {"method":"Runtime.getIsolateId","id":100000253}
---

--- 2026-08-31T17:43:02.693Z debug
[InspectorProxyWorker] RUNTIME INCOMING MESSAGE { id: 100000253, result: { id: 'e960117070a086e' } }
---

--- 2026-08-31T17:43:12.695Z debug
[InspectorProxyWorker] SEND TO RUNTIME {"method":"Runtime.getIsolateId","id":100000254}
---

--- 2026-08-31T17:43:12.701Z debug
[InspectorProxyWorker] RUNTIME INCOMING MESSAGE { id: 100000254, result: { id: 'e960117070a086e' } }
---

--- 2026-08-31T17:43:22.701Z debug
[InspectorProxyWorker] SEND TO RUNTIME {"method":"Runtime.getIsolateId","id":100000255}
---

--- 2026-08-31T17:43:22.702Z debug
[InspectorProxyWorker] RUNTIME INCOMING MESSAGE { id: 100000255, result: { id: 'e960117070a086e' } }
---

--- 2026-08-31T17:43:32.706Z debug
[InspectorProxyWorker] SEND TO RUNTIME {"method":"Runtime.getIsolateId","id":100000256}
---

--- 2026-08-31T17:43:32.707Z debug
[InspectorProxyWorker] RUNTIME INCOMING MESSAGE { id: 100000256, result: { id: 'e960117070a086e' } }
---

--- 2026-08-31T17:43:42.711Z debug
[InspectorProxyWorker] SEND TO RUNTIME {"method":"Runtime.getIsolateId","id":100000257}
---

--- 2026-08-31T17:43:42.712Z debug
[InspectorProxyWorker] RUNTIME INCOMING MESSAGE { id: 100000257, result: { id: 'e960117070a086e' } }
---

--- 2026-08-31T17:43:52.718Z debug
[InspectorProxyWorker] SEND TO RUNTIME {"method":"Runtime.getIsolateId","id":100000258}
---

--- 2026-08-31T17:43:52.719Z debug
[InspectorProxyWorker] RUNTIME INCOMING MESSAGE { id: 100000258, result: { id: 'e960117070a086e' } }
---

--- 2026-08-31T17:44:02.724Z debug
[InspectorProxyWorker] SEND TO RUNTIME {"method":"Runtime.getIsolateId","id":100000259}
---

--- 2026-08-31T17:44:02.725Z debug
[InspectorProxyWorker] RUNTIME INCOMING MESSAGE { id: 100000259, result: { id: 'e960117070a086e' } }
---

--- 2026-08-31T17:44:12.727Z debug
[InspectorProxyWorker] SEND TO RUNTIME {"method":"Runtime.getIsolateId","id":100000260}
---

--- 2026-08-31T17:44:12.728Z debug
[InspectorProxyWorker] RUNTIME INCOMING MESSAGE { id: 100000260, result: { id: 'e960117070a086e' } }
---
