
--- 2026-09-17T11:19:14.892Z debug
🪵  Writing logs to "/home/runner/workspace/.config/.wrangler/logs/wrangler-2026-09-17_11-19-14_586.log"
---

--- 2026-09-17T11:19:14.892Z debug
.env file not found at "/home/runner/workspace/artifacts/cf-worker/.env". Continuing... For more details, refer to https://developers.cloudflare.com/workers/wrangler/system-environment-variables/
---

--- 2026-09-17T11:19:14.893Z debug
.env file not found at "/home/runner/workspace/artifacts/cf-worker/.env.local". Continuing... For more details, refer to https://developers.cloudflare.com/workers/wrangler/system-environment-variables/
---

--- 2026-09-17T11:19:14.994Z log

 ⛅️ wrangler 4.112.0
────────────────────
---

--- 2026-09-17T11:19:15.010Z debug
setting config
---

--- 2026-09-17T11:19:15.010Z debug
Updating config... undefined undefined
---

--- 2026-09-17T11:19:15.039Z log
Using secrets defined in .dev.vars
---

--- 2026-09-17T11:19:15.042Z log
Your Worker has access to the following bindings:
---

--- 2026-09-17T11:19:15.042Z log
Binding                            Resource                  Mode
---

--- 2026-09-17T11:19:15.043Z log
env.DATABASE_URL ("(hidden)")      Environment Variable      local
---

--- 2026-09-17T11:19:15.043Z log

---

--- 2026-09-17T11:19:15.151Z debug
Metrics dispatcher: Posting data {"deviceId":"f454b4ec-ba13-47a6-be81-578bf5a99898","event":"wrangler command started","timestamp":1789643955151,"properties":{"amplitude_session_id":1789643954995,"amplitude_event_id":0,"wranglerVersion":"4.112.0","wranglerMajorVersion":4,"wranglerMinorVersion":112,"wranglerPatchVersion":0,"osPlatform":"Linux","osVersion":"#Replit-Linux SMP Mon Sep 14 11:36:19 UTC 2026","nodeVersion":24,"packageManager":"pnpm","isFirstUsage":false,"configFileType":"none","isCI":false,"isPagesCI":false,"isWorkersCI":false,"isInteractive":true,"hasAssets":false,"agent":"replit","argsUsed":["port"],"argsCombination":"port","sanitizedCommand":"dev","sanitizedArgs":{},"currentAgentSkillsInstalled":false}}
---

--- 2026-09-17T11:19:15.866Z debug
RemoteRuntimeController teardown beginning...
---

--- 2026-09-17T11:19:15.867Z debug
RemoteRuntimeController teardown complete
---

--- 2026-09-17T11:19:15.903Z log
⎔ Starting local server...
---

--- 2026-09-17T11:19:16.861Z debug
[InspectorProxyWorker] handleProxyControllerIncomingMessage {"type":"reloadStart"}
---

--- 2026-09-17T11:19:16.968Z debug
[InspectorProxyWorker] handleProxyControllerIncomingMessage {"type":"reloadComplete","proxyData":{"userWorkerUrl":{"protocol":"http:","hostname":"127.0.0.1","port":"35471"},"userWorkerInspectorUrl":{"protocol":"ws:","hostname":"127.0.0.1","port":"36011","pathname":"/core:user:streamguard"},"userWorkerInnerUrlOverrides":{"protocol":"http:"},"headers":{"MF-Proxy-Shared-Secret":"96aa18a4-28b5-44f0-901b-5f17bb5896be"},"liveReload":false,"proxyLogsToController":false}}
---

--- 2026-09-17T11:19:16.969Z debug
[InspectorProxyWorker] reconnectRuntimeWebSocket
---

--- 2026-09-17T11:19:16.970Z debug
[InspectorProxyWorker] NEW RUNTIME WEBSOCKET http://127.0.0.1:36011/core:user:streamguard
---

--- 2026-09-17T11:19:16.971Z debug
[InspectorProxyWorker] RUNTIME WEBSOCKET OPENED
---

--- 2026-09-17T11:19:16.972Z debug
[InspectorProxyWorker] SEND TO DEVTOOLS {"method":"Runtime.executionContextsCleared"}
---

--- 2026-09-17T11:19:16.973Z debug
[InspectorProxyWorker] RUNTIME INCOMING MESSAGE {
  method: 'Runtime.executionContextCreated',
  params: {
    context: {
      id: 320427617,
      origin: '',
      name: 'Worker',
      uniqueId: '4036192324192604419.-1376521861219681057'
    }
  }
}
---

--- 2026-09-17T11:19:16.974Z debug
[InspectorProxyWorker] RUNTIME INCOMING MESSAGE { id: 100000001, result: {} }
---

--- 2026-09-17T11:19:16.980Z debug
[InspectorProxyWorker] SEND TO RUNTIME {"method":"Runtime.enable","id":100000001}
---

--- 2026-09-17T11:19:26.974Z debug
[InspectorProxyWorker] SEND TO RUNTIME {"method":"Runtime.getIsolateId","id":100000002}
---

--- 2026-09-17T11:19:26.975Z debug
[InspectorProxyWorker] RUNTIME INCOMING MESSAGE { id: 100000002, result: { id: '1e3e99b5fb5f9685' } }
---

--- 2026-09-17T11:19:36.991Z debug
[InspectorProxyWorker] SEND TO RUNTIME {"method":"Runtime.getIsolateId","id":100000003}
---

--- 2026-09-17T11:19:36.994Z debug
[InspectorProxyWorker] RUNTIME INCOMING MESSAGE { id: 100000003, result: { id: '1e3e99b5fb5f9685' } }
---

--- 2026-09-17T11:19:46.987Z debug
[InspectorProxyWorker] SEND TO RUNTIME {"method":"Runtime.getIsolateId","id":100000004}
---

--- 2026-09-17T11:19:46.989Z debug
[InspectorProxyWorker] RUNTIME INCOMING MESSAGE { id: 100000004, result: { id: '1e3e99b5fb5f9685' } }
---

--- 2026-09-17T11:19:56.995Z debug
[InspectorProxyWorker] SEND TO RUNTIME {"method":"Runtime.getIsolateId","id":100000005}
---

--- 2026-09-17T11:19:56.996Z debug
[InspectorProxyWorker] RUNTIME INCOMING MESSAGE { id: 100000005, result: { id: '1e3e99b5fb5f9685' } }
---

--- 2026-09-17T11:20:06.999Z debug
[InspectorProxyWorker] SEND TO RUNTIME {"method":"Runtime.getIsolateId","id":100000006}
---

--- 2026-09-17T11:20:07.000Z debug
[InspectorProxyWorker] RUNTIME INCOMING MESSAGE { id: 100000006, result: { id: '1e3e99b5fb5f9685' } }
---

--- 2026-09-17T11:20:17.004Z debug
[InspectorProxyWorker] SEND TO RUNTIME {"method":"Runtime.getIsolateId","id":100000007}
---

--- 2026-09-17T11:20:17.006Z debug
[InspectorProxyWorker] RUNTIME INCOMING MESSAGE { id: 100000007, result: { id: '1e3e99b5fb5f9685' } }
---

--- 2026-09-17T11:20:27.009Z debug
[InspectorProxyWorker] SEND TO RUNTIME {"method":"Runtime.getIsolateId","id":100000008}
---

--- 2026-09-17T11:20:27.010Z debug
[InspectorProxyWorker] RUNTIME INCOMING MESSAGE { id: 100000008, result: { id: '1e3e99b5fb5f9685' } }
---

--- 2026-09-17T11:20:37.015Z debug
[InspectorProxyWorker] SEND TO RUNTIME {"method":"Runtime.getIsolateId","id":100000009}
---

--- 2026-09-17T11:20:37.017Z debug
[InspectorProxyWorker] RUNTIME INCOMING MESSAGE { id: 100000009, result: { id: '1e3e99b5fb5f9685' } }
---

--- 2026-09-17T11:20:47.015Z debug
[InspectorProxyWorker] SEND TO RUNTIME {"method":"Runtime.getIsolateId","id":100000010}
---

--- 2026-09-17T11:20:47.016Z debug
[InspectorProxyWorker] RUNTIME INCOMING MESSAGE { id: 100000010, result: { id: '1e3e99b5fb5f9685' } }
---

--- 2026-09-17T11:20:57.022Z debug
[InspectorProxyWorker] SEND TO RUNTIME {"method":"Runtime.getIsolateId","id":100000011}
---

--- 2026-09-17T11:20:57.023Z debug
[InspectorProxyWorker] RUNTIME INCOMING MESSAGE { id: 100000011, result: { id: '1e3e99b5fb5f9685' } }
---

--- 2026-09-17T11:21:07.034Z debug
[InspectorProxyWorker] SEND TO RUNTIME {"method":"Runtime.getIsolateId","id":100000012}
---

--- 2026-09-17T11:21:07.035Z debug
[InspectorProxyWorker] RUNTIME INCOMING MESSAGE { id: 100000012, result: { id: '1e3e99b5fb5f9685' } }
---

--- 2026-09-17T11:21:17.034Z debug
[InspectorProxyWorker] SEND TO RUNTIME {"method":"Runtime.getIsolateId","id":100000013}
---

--- 2026-09-17T11:21:17.035Z debug
[InspectorProxyWorker] RUNTIME INCOMING MESSAGE { id: 100000013, result: { id: '1e3e99b5fb5f9685' } }
---

--- 2026-09-17T11:21:27.040Z debug
[InspectorProxyWorker] SEND TO RUNTIME {"method":"Runtime.getIsolateId","id":100000014}
---

--- 2026-09-17T11:21:27.043Z debug
[InspectorProxyWorker] RUNTIME INCOMING MESSAGE { id: 100000014, result: { id: '1e3e99b5fb5f9685' } }
---

--- 2026-09-17T11:21:37.049Z debug
[InspectorProxyWorker] SEND TO RUNTIME {"method":"Runtime.getIsolateId","id":100000015}
---

--- 2026-09-17T11:21:37.050Z debug
[InspectorProxyWorker] RUNTIME INCOMING MESSAGE { id: 100000015, result: { id: '1e3e99b5fb5f9685' } }
---

--- 2026-09-17T11:21:47.051Z debug
[InspectorProxyWorker] SEND TO RUNTIME {"method":"Runtime.getIsolateId","id":100000016}
---

--- 2026-09-17T11:21:47.053Z debug
[InspectorProxyWorker] RUNTIME INCOMING MESSAGE { id: 100000016, result: { id: '1e3e99b5fb5f9685' } }
---

--- 2026-09-17T11:21:57.057Z debug
[InspectorProxyWorker] SEND TO RUNTIME {"method":"Runtime.getIsolateId","id":100000017}
---

--- 2026-09-17T11:21:57.061Z debug
[InspectorProxyWorker] RUNTIME INCOMING MESSAGE { id: 100000017, result: { id: '1e3e99b5fb5f9685' } }
---

--- 2026-09-17T11:22:07.063Z debug
[InspectorProxyWorker] SEND TO RUNTIME {"method":"Runtime.getIsolateId","id":100000018}
---

--- 2026-09-17T11:22:07.064Z debug
[InspectorProxyWorker] RUNTIME INCOMING MESSAGE { id: 100000018, result: { id: '1e3e99b5fb5f9685' } }
---

--- 2026-09-17T11:22:17.071Z debug
[InspectorProxyWorker] SEND TO RUNTIME {"method":"Runtime.getIsolateId","id":100000019}
---

--- 2026-09-17T11:22:17.072Z debug
[InspectorProxyWorker] RUNTIME INCOMING MESSAGE { id: 100000019, result: { id: '1e3e99b5fb5f9685' } }
---

--- 2026-09-17T11:22:27.074Z debug
[InspectorProxyWorker] SEND TO RUNTIME {"method":"Runtime.getIsolateId","id":100000020}
---

--- 2026-09-17T11:22:27.075Z debug
[InspectorProxyWorker] RUNTIME INCOMING MESSAGE { id: 100000020, result: { id: '1e3e99b5fb5f9685' } }
---

--- 2026-09-17T11:22:37.081Z debug
[InspectorProxyWorker] SEND TO RUNTIME {"method":"Runtime.getIsolateId","id":100000021}
---

--- 2026-09-17T11:22:37.082Z debug
[InspectorProxyWorker] RUNTIME INCOMING MESSAGE { id: 100000021, result: { id: '1e3e99b5fb5f9685' } }
---

--- 2026-09-17T11:22:47.086Z debug
[InspectorProxyWorker] SEND TO RUNTIME {"method":"Runtime.getIsolateId","id":100000022}
---

--- 2026-09-17T11:22:47.087Z debug
[InspectorProxyWorker] RUNTIME INCOMING MESSAGE { id: 100000022, result: { id: '1e3e99b5fb5f9685' } }
---

--- 2026-09-17T11:22:57.092Z debug
[InspectorProxyWorker] SEND TO RUNTIME {"method":"Runtime.getIsolateId","id":100000023}
---

--- 2026-09-17T11:22:57.093Z debug
[InspectorProxyWorker] RUNTIME INCOMING MESSAGE { id: 100000023, result: { id: '1e3e99b5fb5f9685' } }
---

--- 2026-09-17T11:23:07.098Z debug
[InspectorProxyWorker] SEND TO RUNTIME {"method":"Runtime.getIsolateId","id":100000024}
---

--- 2026-09-17T11:23:07.099Z debug
[InspectorProxyWorker] RUNTIME INCOMING MESSAGE { id: 100000024, result: { id: '1e3e99b5fb5f9685' } }
---

--- 2026-09-17T11:23:17.104Z debug
[InspectorProxyWorker] SEND TO RUNTIME {"method":"Runtime.getIsolateId","id":100000025}
---

--- 2026-09-17T11:23:17.105Z debug
[InspectorProxyWorker] RUNTIME INCOMING MESSAGE { id: 100000025, result: { id: '1e3e99b5fb5f9685' } }
---

--- 2026-09-17T11:23:27.110Z debug
[InspectorProxyWorker] SEND TO RUNTIME {"method":"Runtime.getIsolateId","id":100000026}
---

--- 2026-09-17T11:23:27.111Z debug
[InspectorProxyWorker] RUNTIME INCOMING MESSAGE { id: 100000026, result: { id: '1e3e99b5fb5f9685' } }
---

--- 2026-09-17T11:23:37.115Z debug
[InspectorProxyWorker] SEND TO RUNTIME {"method":"Runtime.getIsolateId","id":100000027}
---

--- 2026-09-17T11:23:37.117Z debug
[InspectorProxyWorker] RUNTIME INCOMING MESSAGE { id: 100000027, result: { id: '1e3e99b5fb5f9685' } }
---

--- 2026-09-17T11:23:47.122Z debug
[InspectorProxyWorker] SEND TO RUNTIME {"method":"Runtime.getIsolateId","id":100000028}
---

--- 2026-09-17T11:23:47.123Z debug
[InspectorProxyWorker] RUNTIME INCOMING MESSAGE { id: 100000028, result: { id: '1e3e99b5fb5f9685' } }
---

--- 2026-09-17T11:23:57.129Z debug
[InspectorProxyWorker] SEND TO RUNTIME {"method":"Runtime.getIsolateId","id":100000029}
---

--- 2026-09-17T11:23:57.130Z debug
[InspectorProxyWorker] RUNTIME INCOMING MESSAGE { id: 100000029, result: { id: '1e3e99b5fb5f9685' } }
---

--- 2026-09-17T11:24:07.135Z debug
[InspectorProxyWorker] SEND TO RUNTIME {"method":"Runtime.getIsolateId","id":100000030}
---

--- 2026-09-17T11:24:07.136Z debug
[InspectorProxyWorker] RUNTIME INCOMING MESSAGE { id: 100000030, result: { id: '1e3e99b5fb5f9685' } }
---

--- 2026-09-17T11:24:17.142Z debug
[InspectorProxyWorker] SEND TO RUNTIME {"method":"Runtime.getIsolateId","id":100000031}
---

--- 2026-09-17T11:24:17.144Z debug
[InspectorProxyWorker] RUNTIME INCOMING MESSAGE { id: 100000031, result: { id: '1e3e99b5fb5f9685' } }
---

--- 2026-09-17T11:24:27.146Z debug
[InspectorProxyWorker] SEND TO RUNTIME {"method":"Runtime.getIsolateId","id":100000032}
---

--- 2026-09-17T11:24:27.147Z debug
[InspectorProxyWorker] RUNTIME INCOMING MESSAGE { id: 100000032, result: { id: '1e3e99b5fb5f9685' } }
---

--- 2026-09-17T11:24:37.151Z debug
[InspectorProxyWorker] SEND TO RUNTIME {"method":"Runtime.getIsolateId","id":100000033}
---

--- 2026-09-17T11:24:37.153Z debug
[InspectorProxyWorker] RUNTIME INCOMING MESSAGE { id: 100000033, result: { id: '1e3e99b5fb5f9685' } }
---

--- 2026-09-17T11:24:47.153Z debug
[InspectorProxyWorker] SEND TO RUNTIME {"method":"Runtime.getIsolateId","id":100000034}
---

--- 2026-09-17T11:24:47.154Z debug
[InspectorProxyWorker] RUNTIME INCOMING MESSAGE { id: 100000034, result: { id: '1e3e99b5fb5f9685' } }
---

--- 2026-09-17T11:24:57.160Z debug
[InspectorProxyWorker] SEND TO RUNTIME {"method":"Runtime.getIsolateId","id":100000035}
---

--- 2026-09-17T11:24:57.162Z debug
[InspectorProxyWorker] RUNTIME INCOMING MESSAGE { id: 100000035, result: { id: '1e3e99b5fb5f9685' } }
---
